Archive member included because of file (symbol)

C:\Users\chuby\Dropbox\WorkSpace\CMSISv2p00_LPC17xx\Debug\libCMSISv2p00_LPC17xx.a(system_LPC17xx.o)
                              ./src/cr_startup_lpc176x.o (SystemInit)
c:/nxp/lpcxpresso_5.2.4_2122/lpcxpresso/tools/bin/../lib/gcc/arm-none-eabi/4.6.2/../../../../arm-none-eabi/lib/armv7-m\libcr_semihost.a(_cr__main.o)
                              ./src/cr_startup_lpc176x.o (__main)
c:/nxp/lpcxpresso_5.2.4_2122/lpcxpresso/tools/bin/../lib/gcc/arm-none-eabi/4.6.2/../../../../arm-none-eabi/lib/armv7-m\libcr_c.a(fpprintf.o)
                              ./src/BT_Stack/utils.o (sprintf)
c:/nxp/lpcxpresso_5.2.4_2122/lpcxpresso/tools/bin/../lib/gcc/arm-none-eabi/4.6.2/../../../../arm-none-eabi/lib/armv7-m\libcr_c.a(initio.o)
                              c:/nxp/lpcxpresso_5.2.4_2122/lpcxpresso/tools/bin/../lib/gcc/arm-none-eabi/4.6.2/../../../../arm-none-eabi/lib/armv7-m\libcr_semihost.a(_cr__main.o) (_initio)
c:/nxp/lpcxpresso_5.2.4_2122/lpcxpresso/tools/bin/../lib/gcc/arm-none-eabi/4.6.2/../../../../arm-none-eabi/lib/armv7-m\libcr_c.a(printf.o)
                              c:/nxp/lpcxpresso_5.2.4_2122/lpcxpresso/tools/bin/../lib/gcc/arm-none-eabi/4.6.2/../../../../arm-none-eabi/lib/armv7-m\libcr_c.a(fpprintf.o) (__vfprintf)
c:/nxp/lpcxpresso_5.2.4_2122/lpcxpresso/tools/bin/../lib/gcc/arm-none-eabi/4.6.2/../../../../arm-none-eabi/lib/armv7-m\libcr_c.a(setvbuf.o)
                              c:/nxp/lpcxpresso_5.2.4_2122/lpcxpresso/tools/bin/../lib/gcc/arm-none-eabi/4.6.2/../../../../arm-none-eabi/lib/armv7-m\libcr_c.a(initio.o) (setvbuf)
c:/nxp/lpcxpresso_5.2.4_2122/lpcxpresso/tools/bin/../lib/gcc/arm-none-eabi/4.6.2/../../../../arm-none-eabi/lib/armv7-m\libcr_c.a(stdio.o)
                              c:/nxp/lpcxpresso_5.2.4_2122/lpcxpresso/tools/bin/../lib/gcc/arm-none-eabi/4.6.2/../../../../arm-none-eabi/lib/armv7-m\libcr_c.a(fpprintf.o) (__Ciob)
c:/nxp/lpcxpresso_5.2.4_2122/lpcxpresso/tools/bin/../lib/gcc/arm-none-eabi/4.6.2/../../../../arm-none-eabi/lib/armv7-m\libcr_c.a(strlen.o)
                              ./src/BT_Stack/hci_cmds.o (strlen)
c:/nxp/lpcxpresso_5.2.4_2122/lpcxpresso/tools/bin/../lib/gcc/arm-none-eabi/4.6.2/../../../../arm-none-eabi/lib/armv7-m\libcr_c.a(strncmp.o)
                              ./src/BT_Stack/remote_device_db_memory.o (strncmp)
c:/nxp/lpcxpresso_5.2.4_2122/lpcxpresso/tools/bin/../lib/gcc/arm-none-eabi/4.6.2/../../../../arm-none-eabi/lib/armv7-m\libcr_c.a(strncpy.o)
                              ./src/BT_Stack/remote_device_db_memory.o (strncpy)
c:/nxp/lpcxpresso_5.2.4_2122/lpcxpresso/tools/bin/../lib/gcc/arm-none-eabi/4.6.2/../../../../arm-none-eabi/lib/armv7-m\libcr_c.a(__fillbuf.o)
                              c:/nxp/lpcxpresso_5.2.4_2122/lpcxpresso/tools/bin/../lib/gcc/arm-none-eabi/4.6.2/../../../../arm-none-eabi/lib/armv7-m\libcr_c.a(stdio.o) (__filbuf)
c:/nxp/lpcxpresso_5.2.4_2122/lpcxpresso/tools/bin/../lib/gcc/arm-none-eabi/4.6.2/../../../../arm-none-eabi/lib/armv7-m\libcr_c.a(_deferredlazyseek.o)
                              c:/nxp/lpcxpresso_5.2.4_2122/lpcxpresso/tools/bin/../lib/gcc/arm-none-eabi/4.6.2/../../../../arm-none-eabi/lib/armv7-m\libcr_c.a(__fillbuf.o) (_deferredlazyseek)
c:/nxp/lpcxpresso_5.2.4_2122/lpcxpresso/tools/bin/../lib/gcc/arm-none-eabi/4.6.2/../../../../arm-none-eabi/lib/armv7-m\libcr_c.a(_fdopen.o)
                              c:/nxp/lpcxpresso_5.2.4_2122/lpcxpresso/tools/bin/../lib/gcc/arm-none-eabi/4.6.2/../../../../arm-none-eabi/lib/armv7-m\libcr_c.a(initio.o) (_fdopen)
c:/nxp/lpcxpresso_5.2.4_2122/lpcxpresso/tools/bin/../lib/gcc/arm-none-eabi/4.6.2/../../../../arm-none-eabi/lib/armv7-m\libcr_c.a(_fflush.o)
                              c:/nxp/lpcxpresso_5.2.4_2122/lpcxpresso/tools/bin/../lib/gcc/arm-none-eabi/4.6.2/../../../../arm-none-eabi/lib/armv7-m\libcr_c.a(__fillbuf.o) (_fflush)
c:/nxp/lpcxpresso_5.2.4_2122/lpcxpresso/tools/bin/../lib/gcc/arm-none-eabi/4.6.2/../../../../arm-none-eabi/lib/armv7-m\libcr_c.a(_frexpl.o)
                              c:/nxp/lpcxpresso_5.2.4_2122/lpcxpresso/tools/bin/../lib/gcc/arm-none-eabi/4.6.2/../../../../arm-none-eabi/lib/armv7-m\libcr_c.a(fpprintf.o) (_frexpl)
c:/nxp/lpcxpresso_5.2.4_2122/lpcxpresso/tools/bin/../lib/gcc/arm-none-eabi/4.6.2/../../../../arm-none-eabi/lib/armv7-m\libcr_c.a(_ldexpl.o)
                              c:/nxp/lpcxpresso_5.2.4_2122/lpcxpresso/tools/bin/../lib/gcc/arm-none-eabi/4.6.2/../../../../arm-none-eabi/lib/armv7-m\libcr_c.a(fpprintf.o) (_ldexpl)
c:/nxp/lpcxpresso_5.2.4_2122/lpcxpresso/tools/bin/../lib/gcc/arm-none-eabi/4.6.2/../../../../arm-none-eabi/lib/armv7-m\libcr_c.a(_writebuf.o)
                              c:/nxp/lpcxpresso_5.2.4_2122/lpcxpresso/tools/bin/../lib/gcc/arm-none-eabi/4.6.2/../../../../arm-none-eabi/lib/armv7-m\libcr_c.a(_deferredlazyseek.o) (_Cwritebuf)
[...]
Memory Configuration

Name             Origin             Length             Attributes
MFlash512        0x00000000         0x00080000         xr
RamLoc32         0x10000000         0x00008000         xrw
RamAHB32         0x2007c000         0x00008000         xrw
*default*        0x00000000         0xffffffff

Linker script and memory map

LOAD ./src/EBN_Core/EBN.o
LOAD ./src/EBN_Core/bget.o
LOAD ./src/EBN_Core/ecc.o
LOAD ./src/EBN_Core/galois.o
LOAD ./src/EBN_Core/jerasure.o
LOAD ./src/EBN_Core/mem.o
LOAD ./src/EBN_Core/random.o
LOAD ./src/EBN_Core/reed_sol.o
LOAD ./src/BT_Stack/Drivers/SimpleCache.o
LOAD ./src/BT_Stack/Drivers/lpc17xx_adc.o
LOAD ./src/BT_Stack/Drivers/lpc17xx_clkpwr.o
LOAD ./src/BT_Stack/Drivers/lpc17xx_libcfg_default.o
LOAD ./src/BT_Stack/Drivers/lpc17xx_pinsel.o
LOAD ./src/BT_Stack/Drivers/lpc17xx_ssp.o
LOAD ./src/BT_Stack/Drivers/lpc17xx_timer.o
LOAD ./src/BT_Stack/Drivers/lpc17xx_uart.o
LOAD ./src/BT_Stack/Drivers/sd.o
LOAD ./src/BT_Stack/att.o
LOAD ./src/BT_Stack/btstack_memory.o
LOAD ./src/BT_Stack/hal_cpu.o
LOAD ./src/BT_Stack/hal_tick.o
LOAD ./src/BT_Stack/hal_uart_dma.o
LOAD ./src/BT_Stack/hci.o
LOAD ./src/BT_Stack/hci_cmds.o
LOAD ./src/BT_Stack/hci_dump.o
LOAD ./src/BT_Stack/hci_transport_h4_dma.o
LOAD ./src/BT_Stack/l2cap.o
LOAD ./src/BT_Stack/l2cap_signaling.o
LOAD ./src/BT_Stack/linked_list.o
LOAD ./src/BT_Stack/memory_pool.o
LOAD ./src/BT_Stack/remote_device_db_memory.o
LOAD ./src/BT_Stack/rfcomm.o
LOAD ./src/BT_Stack/run_loop.o
LOAD ./src/BT_Stack/run_loop_embedded.o
LOAD ./src/BT_Stack/sdp_util.o
LOAD ./src/BT_Stack/utils.o
LOAD ./src/cr_startup_lpc176x.o
LOAD ./src/main.o
LOAD C:\Users\chuby\Dropbox\WorkSpace\CMSISv2p00_LPC17xx\Debug\libCMSISv2p00_LPC17xx.a
START GROUP
LOAD c:/nxp/lpcxpresso_5.2.4_2122/lpcxpresso/tools/bin/../lib/gcc/arm-none-eabi/4.6.2/../../../../arm-none-eabi/lib/armv7-m\libcr_semihost.a
LOAD c:/nxp/lpcxpresso_5.2.4_2122/lpcxpresso/tools/bin/../lib/gcc/arm-none-eabi/4.6.2/../../../../arm-none-eabi/lib/armv7-m\libcr_c.a
LOAD c:/nxp/lpcxpresso_5.2.4_2122/lpcxpresso/tools/bin/../lib/gcc/arm-none-eabi/4.6.2/armv7-m\libcr_eabihelpers.a
END GROUP
                0x00080000                __top_MFlash512 = 0x80000
                0x10008000                __top_RamLoc32 = 0x10008000
                0x20084000                __top_RamAHB32 = 0x20084000

.text           0x00000000     0xc118
 FILL mask 0xff
                0x00000000                __vectors_start__ = ABSOLUTE (.)
 *(.isr_vector)
 .isr_vector    0x00000000       0xcc ./src/cr_startup_lpc176x.o
                0x00000000                g_pfnVectors
                0x000000cc                . = ALIGN (0x4)
                0x000000cc                __section_table_start = .
                0x000000cc                __data_section_table = .
                0x000000cc        0x4 LONG 0xc118 LOADADDR (.data)
                0x000000d0        0x4 LONG 0x10000000 ADDR (.data)
                0x000000d4        0x4 LONG 0x1bc SIZEOF (.data)
                0x000000d8        0x4 LONG 0xc118 LOADADDR (.data_RAM2)
                0x000000dc        0x4 LONG 0x2007c000 ADDR (.data_RAM2)
                0x000000e0        0x4 LONG 0x0 SIZEOF (.data_RAM2)
                0x000000e4                __data_section_table_end = .
                0x000000e4                __bss_section_table = .
                0x000000e4        0x4 LONG 0x100001c0 ADDR (.bss)
                0x000000e8        0x4 LONG 0x3480 SIZEOF (.bss)
                0x000000ec        0x4 LONG 0x2007c000 ADDR (.bss_RAM2)
                0x000000f0        0x4 LONG 0x0 SIZEOF (.bss_RAM2)
                0x000000f4                __bss_section_table_end = .
                0x000000f4                __section_table_end = .
 *(.after_vectors*)
 .after_vectors
                0x000000f4       0x78 ./src/cr_startup_lpc176x.o
                0x000000f4                NMI_Handler
                0x000000f6                HardFault_Handler
                0x000000f8                MemManage_Handler
                0x000000fa                BusFault_Handler
                0x000000fc                UsageFault_Handler
                0x000000fe                SVC_Handler
                0x00000100                DebugMon_Handler
                0x00000102                PendSV_Handler
                0x00000104                SysTick_Handler
                0x00000106                data_init
                0x00000118                bss_init
                0x00000128                ResetISR
                0x00000168                EINT3_IRQHandler
                0x00000168                CANActivity_IRQHandler
                0x00000168                TIMER3_IRQHandler
                0x00000168                UART0_IRQHandler
                0x00000168                EINT2_IRQHandler
                0x00000168                I2C1_IRQHandler
                0x00000168                IntDefaultHandler
                0x00000168                PLL0_IRQHandler
                0x00000168                PWM1_IRQHandler
                0x00000168                PLL1_IRQHandler
                0x00000168                SSP0_IRQHandler
                0x00000168                I2S_IRQHandler
                0x00000168                I2C2_IRQHandler
                0x00000168                RTC_IRQHandler
                0x00000168                SPI_IRQHandler
                0x00000168                USBActivity_IRQHandler
                0x00000168                EINT1_IRQHandler
                0x00000168                TIMER1_IRQHandler
                0x00000168                UART2_IRQHandler
                0x00000168                SSP1_IRQHandler
                0x00000168                USB_IRQHandler
                0x00000168                BOD_IRQHandler
                0x00000168                I2C0_IRQHandler
                0x00000168                WDT_IRQHandler
                0x00000168                RIT_IRQHandler
                0x00000168                QEI_IRQHandler
                0x00000168                EINT0_IRQHandler
                0x00000168                CAN_IRQHandler
                0x00000168                DMA_IRQHandler
                0x00000168                TIMER2_IRQHandler
                0x00000168                UART3_IRQHandler
                0x00000168                MCPWM_IRQHandler
                0x00000168                ENET_IRQHandler
                0x000002fc                . = 0x2fc
 *fill*         0x0000016c      0x190 ff
                0x000002fc                PROVIDE (__CRP_WORD_START__, .)
 *(.crp)
 .crp           0x000002fc        0x4 ./src/main.o
                0x000002fc                CRP_WORD
                0x00000300                PROVIDE (__CRP_WORD_END__, .)
                0x00000001                ASSERT (! ((__CRP_WORD_START__ == __CRP_WORD_END__)), Linker CRP Enabled, but no CRP_WORD provided within application)
 *(.text*)
 .text.Generate_New_Key
                0x00000300       0xa8 ./src/EBN_Core/EBN.o
                0x00000300                Generate_New_Key
 .text.Insert_Checksum
                0x000003a8       0x74 ./src/EBN_Core/EBN.o
                0x000003a8                Insert_Checksum
 .text.Generate_New_Epoch_ID
                0x0000041c       0x5c ./src/EBN_Core/EBN.o
                0x0000041c                Generate_New_Epoch_ID
 .text.Generate_New_Mac_Address
                0x00000478       0x34 ./src/EBN_Core/EBN.o
                0x00000478                Generate_New_Mac_Address
 .text.Generate_New_Symbols
                0x000004ac       0x78 ./src/EBN_Core/EBN.o
                0x000004ac                Generate_New_Symbols
 .text.Generate_Epoch_Adverts
                0x00000524       0xe0 ./src/EBN_Core/EBN.o
                0x00000524                Generate_Epoch_Adverts
 .text.Epoch_Change
                0x00000604       0x1c ./src/EBN_Core/EBN.o
                0x00000604                Epoch_Change
 .text.Generate_RS_Pointers
                0x00000620       0xa8 ./src/EBN_Core/EBN.o
                0x00000620                Generate_RS_Pointers
 .text.Init_RS  0x000006c8       0x28 ./src/EBN_Core/EBN.o
                0x000006c8                Init_RS
 .text.EBN_Init
                0x000006f0       0x24 ./src/EBN_Core/EBN.o
                0x000006f0                EBN_Init
 .text.EBN_Increment_Time
                0x00000714       0x4c ./src/EBN_Core/EBN.o
                0x00000714                EBN_Increment_Time
 .text.EBN_Get_Advert
                0x00000760       0x2c ./src/EBN_Core/EBN.o
                0x00000760                EBN_Get_Advert
 .text.EBN_Get_Mac_Address
                0x0000078c       0x14 ./src/EBN_Core/EBN.o
                0x0000078c                EBN_Get_Mac_Address
 .text.bget     0x000007a0      0x1ec ./src/EBN_Core/bget.o
                0x000007a0                bget
 .text.brel     0x0000098c      0x1bc ./src/EBN_Core/bget.o
                0x0000098c                brel
 .text.bpool    0x00000b48       0xbc ./src/EBN_Core/bget.o
                0x00000b48                bpool
 .text.ecc_compress_y_coord
                0x00000c04       0x1c ./src/EBN_Core/ecc.o
                0x00000c04                ecc_compress_y_coord
 .text.vli_clear
                0x00000c20       0x38 ./src/EBN_Core/ecc.o
 .text.vli_isZero
                0x00000c58       0x44 ./src/EBN_Core/ecc.o
 .text.vli_testBit
                0x00000c9c       0x38 ./src/EBN_Core/ecc.o
 .text.vli_numDigits
                0x00000cd4       0x40 ./src/EBN_Core/ecc.o
 .text.vli_numBits
                0x00000d14       0x6c ./src/EBN_Core/ecc.o
 .text.vli_set  0x00000d80       0x44 ./src/EBN_Core/ecc.o
 .text.vli_cmp  0x00000dc4       0x74 ./src/EBN_Core/ecc.o
 .text.vli_rshift1
                0x00000e38       0x5c ./src/EBN_Core/ecc.o
 .text.vli_add  0x00000e94       0x60 ./src/EBN_Core/ecc.o
 .text.vli_sub  0x00000ef4       0x68 ./src/EBN_Core/ecc.o
 .text.vli_mult
                0x00000f5c       0xb0 ./src/EBN_Core/ecc.o
 .text.vli_modAdd
                0x0000100c       0x44 ./src/EBN_Core/ecc.o
 .text.vli_modSub
                0x00001050       0x34 ./src/EBN_Core/ecc.o
 .text.vli_mmod_fast
                0x00001084       0xe0 ./src/EBN_Core/ecc.o
 .text.vli_modMult_fast
                0x00001164       0x30 ./src/EBN_Core/ecc.o
 .text.vli_square
                0x00001194       0xc0 ./src/EBN_Core/ecc.o
 .text.vli_modSquare_fast
                0x00001254       0x2c ./src/EBN_Core/ecc.o
 .text.vli_modInv
                0x00001280      0x254 ./src/EBN_Core/ecc.o
 .text.EccPoint_double_jacobian
                0x000014d4      0x1a8 ./src/EBN_Core/ecc.o
 .text.apply_z  0x0000167c       0x50 ./src/EBN_Core/ecc.o
 .text.XYcZ_initial_double
                0x000016cc       0x74 ./src/EBN_Core/ecc.o
 .text.XYcZ_add
                0x00001740      0x104 ./src/EBN_Core/ecc.o
 .text.XYcZ_addC
                0x00001844      0x190 ./src/EBN_Core/ecc.o
 .text.EccPoint_mult
                0x000019d4      0x340 ./src/EBN_Core/ecc.o
 .text.ecc_make_key
                0x00001d14       0x6c ./src/EBN_Core/ecc.o
                0x00001d14                ecc_make_key
 .text.galois_create_log_tables
                0x00001d80      0x2f4 ./src/EBN_Core/galois.o
                0x00001d80                galois_create_log_tables
 .text.galois_create_mult_tables
                0x00002074      0x364 ./src/EBN_Core/galois.o
                0x00002074                galois_create_mult_tables
 .text.galois_shift_multiply
                0x000023d8      0x138 ./src/EBN_Core/galois.o
                0x000023d8                galois_shift_multiply
 .text.galois_single_multiply
                0x00002510      0x144 ./src/EBN_Core/galois.o
                0x00002510                galois_single_multiply
 .text.galois_single_divide
                0x00002654      0x134 ./src/EBN_Core/galois.o
                0x00002654                galois_single_divide
 .text.galois_w08_region_multiply
                0x00002788      0x134 ./src/EBN_Core/galois.o
                0x00002788                galois_w08_region_multiply
 .text.galois_w16_region_multiply
                0x000028bc      0x210 ./src/EBN_Core/galois.o
                0x000028bc                galois_w16_region_multiply
 .text.galois_invert_binary_matrix
                0x00002acc      0x218 ./src/EBN_Core/galois.o
                0x00002acc                galois_invert_binary_matrix
 .text.galois_inverse
                0x00002ce4       0x60 ./src/EBN_Core/galois.o
                0x00002ce4                galois_inverse
 .text.galois_shift_inverse
                0x00002d44       0xe4 ./src/EBN_Core/galois.o
                0x00002d44                galois_shift_inverse
 .text.galois_w32_region_multiply
                0x00002e28      0x1f0 ./src/EBN_Core/galois.o
                0x00002e28                galois_w32_region_multiply
 .text.galois_region_xor
                0x00003018       0x60 ./src/EBN_Core/galois.o
                0x00003018                galois_region_xor
 .text.galois_split_w8_long
                0x00003078       0x4c ./src/EBN_Core/galois.o
                0x00003078                galois_split_w8_long
 .text.galois_split_w8
                0x000030c4       0x5c ./src/EBN_Core/galois.o
                0x000030c4                galois_split_w8
 .text.galois_split_w8_multiply
                0x00003120       0xa4 ./src/EBN_Core/galois.o
                0x00003120                galois_split_w8_multiply
 .text.jerasure_matrix_encode
                0x000031c4       0x74 ./src/EBN_Core/jerasure.o
                0x000031c4                jerasure_matrix_encode
 .text.jerasure_matrix_dotprod
                0x00003238      0x290 ./src/EBN_Core/jerasure.o
                0x00003238                jerasure_matrix_dotprod
 .text.memcmp   0x000034c8       0x5c ./src/EBN_Core/mem.o
                0x000034c8                memcmp
 .text.memcpy   0x00003524       0x50 ./src/EBN_Core/mem.o
                0x00003524                memcpy
 .text.memset   0x00003574       0x48 ./src/EBN_Core/mem.o
                0x00003574                memset
 .text.NVIC_EnableIRQ
                0x000035bc       0x38 ./src/EBN_Core/random.o
 .text.ADC_IRQHandler
                0x000035f4       0xcc ./src/EBN_Core/random.o
                0x000035f4                ADC_IRQHandler
 .text.Random_Init
                0x000036c0       0x78 ./src/EBN_Core/random.o
                0x000036c0                Random_Init
 .text.Get_Random_Byte
                0x00003738       0x64 ./src/EBN_Core/random.o
                0x00003738                Get_Random_Byte
 .text.Fill_Random_Bytes
                0x0000379c       0x40 ./src/EBN_Core/random.o
                0x0000379c                Fill_Random_Bytes
 .text.reed_sol_vandermonde_coding_matrix
                0x000037dc       0xb0 ./src/EBN_Core/reed_sol.o
                0x000037dc                reed_sol_vandermonde_coding_matrix
 .text.reed_sol_extended_vandermonde_matrix
                0x0000388c      0x168 ./src/EBN_Core/reed_sol.o
                0x0000388c                reed_sol_extended_vandermonde_matrix
 .text.reed_sol_big_vandermonde_distribution_matrix
                0x000039f4      0x358 ./src/EBN_Core/reed_sol.o
                0x000039f4                reed_sol_big_vandermonde_distribution_matrix
 .text.ADC_Init
                0x00003d4c       0xa4 ./src/BT_Stack/Drivers/lpc17xx_adc.o
                0x00003d4c                ADC_Init
 .text.ADC_StartCmd
                0x00003df0       0x90 ./src/BT_Stack/Drivers/lpc17xx_adc.o
                0x00003df0                ADC_StartCmd
 .text.ADC_IntConfig
                0x00003e80       0xb4 ./src/BT_Stack/Drivers/lpc17xx_adc.o
                0x00003e80                ADC_IntConfig
 .text.ADC_ChannelCmd
                0x00003f34       0x70 ./src/BT_Stack/Drivers/lpc17xx_adc.o
                0x00003f34                ADC_ChannelCmd
 .text.ADC_ChannelGetData
                0x00003fa4       0x58 ./src/BT_Stack/Drivers/lpc17xx_adc.o
                0x00003fa4                ADC_ChannelGetData
 .text.CLKPWR_SetPCLKDiv
                0x00003ffc       0xcc ./src/BT_Stack/Drivers/lpc17xx_clkpwr.o
                0x00003ffc                CLKPWR_SetPCLKDiv
 .text.CLKPWR_GetPCLKSEL
                0x000040c8       0x54 ./src/BT_Stack/Drivers/lpc17xx_clkpwr.o
                0x000040c8                CLKPWR_GetPCLKSEL
 .text.CLKPWR_GetPCLK
                0x0000411c       0x74 ./src/BT_Stack/Drivers/lpc17xx_clkpwr.o
                0x0000411c                CLKPWR_GetPCLK
 .text.CLKPWR_ConfigPPWR
                0x00004190       0x78 ./src/BT_Stack/Drivers/lpc17xx_clkpwr.o
                0x00004190                CLKPWR_ConfigPPWR
 .text.CLKPWR_Sleep
                0x00004208       0x1c ./src/BT_Stack/Drivers/lpc17xx_clkpwr.o
                0x00004208                CLKPWR_Sleep
 .text.check_failed
                0x00004224        0xc ./src/BT_Stack/Drivers/lpc17xx_libcfg_default.o
                0x00004224                check_failed
 .text.set_PinFunc
                0x00004230       0x9c ./src/BT_Stack/Drivers/lpc17xx_pinsel.o
                0x00004230                set_PinFunc
 .text.getPClock
                0x000042cc       0x68 ./src/BT_Stack/Drivers/lpc17xx_timer.o
 .text.converUSecToVal
                0x00004334       0x64 ./src/BT_Stack/Drivers/lpc17xx_timer.o
 .text.converPtrToTimeNum
                0x00004398       0x6c ./src/BT_Stack/Drivers/lpc17xx_timer.o
 .text.TIM_ClearIntPending
                0x00004404       0xa0 ./src/BT_Stack/Drivers/lpc17xx_timer.o
                0x00004404                TIM_ClearIntPending
 .text.TIM_Init
                0x000044a4      0x1cc ./src/BT_Stack/Drivers/lpc17xx_timer.o
                0x000044a4                TIM_Init
 .text.TIM_Cmd  0x00004670       0x78 ./src/BT_Stack/Drivers/lpc17xx_timer.o
                0x00004670                TIM_Cmd
 .text.TIM_ResetCounter
                0x000046e8       0x6c ./src/BT_Stack/Drivers/lpc17xx_timer.o
                0x000046e8                TIM_ResetCounter
 .text.TIM_ConfigMatch
                0x00004754      0x1cc ./src/BT_Stack/Drivers/lpc17xx_timer.o
                0x00004754                TIM_ConfigMatch
 .text.uart_set_divisors
                0x00004920      0x26c ./src/BT_Stack/Drivers/lpc17xx_uart.o
 .text.UART_Init
                0x00004b8c      0x3a8 ./src/BT_Stack/Drivers/lpc17xx_uart.o
                0x00004b8c                UART_Init
 .text.UART_ConfigStructInit
                0x00004f34       0x34 ./src/BT_Stack/Drivers/lpc17xx_uart.o
                0x00004f34                UART_ConfigStructInit
 .text.UART_SendByte
                0x00004f68       0x78 ./src/BT_Stack/Drivers/lpc17xx_uart.o
                0x00004f68                UART_SendByte
 .text.UART_ReceiveByte
                0x00004fe0       0x78 ./src/BT_Stack/Drivers/lpc17xx_uart.o
                0x00004fe0                UART_ReceiveByte
 .text.UART_Send
                0x00005058      0x10c ./src/BT_Stack/Drivers/lpc17xx_uart.o
                0x00005058                UART_Send
 .text.UART_IntConfig
                0x00005164      0x1d0 ./src/BT_Stack/Drivers/lpc17xx_uart.o
                0x00005164                UART_IntConfig
 .text.UART_FIFOConfig
                0x00005334      0x184 ./src/BT_Stack/Drivers/lpc17xx_uart.o
                0x00005334                UART_FIFOConfig
 .text.UART_FIFOConfigStructInit
                0x000054b8       0x34 ./src/BT_Stack/Drivers/lpc17xx_uart.o
                0x000054b8                UART_FIFOConfigStructInit
 .text.UART_TxCmd
                0x000054ec       0xe8 ./src/BT_Stack/Drivers/lpc17xx_uart.o
                0x000054ec                UART_TxCmd
 .text.UART_FullModemForcePinState
                0x000055d4       0xcc ./src/BT_Stack/Drivers/lpc17xx_uart.o
                0x000055d4                UART_FullModemForcePinState
 .text.btstack_memory_hci_connection_get
                0x000056a0       0x18 ./src/BT_Stack/btstack_memory.o
                0x000056a0                btstack_memory_hci_connection_get
 .text.btstack_memory_hci_connection_free
                0x000056b8       0x20 ./src/BT_Stack/btstack_memory.o
                0x000056b8                btstack_memory_hci_connection_free
 .text.btstack_memory_db_mem_device_name_get
                0x000056d8       0x10 ./src/BT_Stack/btstack_memory.o
                0x000056d8                btstack_memory_db_mem_device_name_get
 .text.btstack_memory_db_mem_device_name_free
                0x000056e8       0x14 ./src/BT_Stack/btstack_memory.o
                0x000056e8                btstack_memory_db_mem_device_name_free
 .text.btstack_memory_db_mem_device_link_key_get
                0x000056fc       0x18 ./src/BT_Stack/btstack_memory.o
                0x000056fc                btstack_memory_db_mem_device_link_key_get
 .text.btstack_memory_db_mem_device_link_key_free
                0x00005714       0x20 ./src/BT_Stack/btstack_memory.o
                0x00005714                btstack_memory_db_mem_device_link_key_free
 .text.btstack_memory_db_mem_service_get
                0x00005734       0x10 ./src/BT_Stack/btstack_memory.o
                0x00005734                btstack_memory_db_mem_service_get
 .text.btstack_memory_init
                0x00005744       0x40 ./src/BT_Stack/btstack_memory.o
                0x00005744                btstack_memory_init
 .text.NVIC_EnableIRQ
                0x00005784       0x38 ./src/BT_Stack/hal_cpu.o
 .text.hal_cpu_enable_irqs
                0x000057bc       0x20 ./src/BT_Stack/hal_cpu.o
                0x000057bc                hal_cpu_enable_irqs
 .text.hal_cpu_disable_irqs
                0x000057dc        0xc ./src/BT_Stack/hal_cpu.o
                0x000057dc                hal_cpu_disable_irqs
 .text.hal_cpu_enable_irqs_and_sleep
                0x000057e8       0x30 ./src/BT_Stack/hal_cpu.o
                0x000057e8                hal_cpu_enable_irqs_and_sleep
 .text.NVIC_EnableIRQ
                0x00005818       0x38 ./src/BT_Stack/hal_tick.o
 .text.dummy_handler
                0x00005850        0xc ./src/BT_Stack/hal_tick.o
 .text.hal_tick_init
                0x0000585c       0xbc ./src/BT_Stack/hal_tick.o
                0x0000585c                hal_tick_init
 .text.hal_tick_set_handler
                0x00005918       0x38 ./src/BT_Stack/hal_tick.o
                0x00005918                hal_tick_set_handler
 .text.hal_tick_get_tick_period_in_ms
                0x00005950       0x10 ./src/BT_Stack/hal_tick.o
                0x00005950                hal_tick_get_tick_period_in_ms
 .text.TIMER0_IRQHandler
                0x00005960       0x20 ./src/BT_Stack/hal_tick.o
                0x00005960                TIMER0_IRQHandler
 .text.dummy_handler
                0x00005980        0xc ./src/BT_Stack/hal_uart_dma.o
                0x00005980                dummy_handler
 .text.hal_uart_dma_enable_rx
                0x0000598c       0x1c ./src/BT_Stack/hal_uart_dma.o
 .text.hal_uart_dma_disable_rx
                0x000059a8       0x1c ./src/BT_Stack/hal_uart_dma.o
 .text.hal_uart_dma_init
                0x000059c4       0x4c ./src/BT_Stack/hal_uart_dma.o
                0x000059c4                hal_uart_dma_init
 .text.hal_uart_dma_set_baud
                0x00005a10       0x18 ./src/BT_Stack/hal_uart_dma.o
                0x00005a10                hal_uart_dma_set_baud
 .text.hal_uart_dma_set_block_received
                0x00005a28       0x20 ./src/BT_Stack/hal_uart_dma.o
                0x00005a28                hal_uart_dma_set_block_received
 .text.hal_uart_dma_set_block_sent
                0x00005a48       0x20 ./src/BT_Stack/hal_uart_dma.o
                0x00005a48                hal_uart_dma_set_block_sent
 .text.hal_uart_dma_send_block
                0x00005a68       0x5c ./src/BT_Stack/hal_uart_dma.o
                0x00005a68                hal_uart_dma_send_block
 .text.hal_uart_dma_receive_block
                0x00005ac4       0x58 ./src/BT_Stack/hal_uart_dma.o
                0x00005ac4                hal_uart_dma_receive_block
 .text.UART1_IRQHandler
                0x00005b1c      0x1c8 ./src/BT_Stack/hal_uart_dma.o
                0x00005b1c                UART1_IRQHandler
 .text.connection_for_handle
                0x00005ce4       0x44 ./src/BT_Stack/hci.o
                0x00005ce4                connection_for_handle
 .text.hci_connection_timeout_handler
                0x00005d28       0x4c ./src/BT_Stack/hci.o
 .text.hci_connection_timestamp
                0x00005d74       0x1c ./src/BT_Stack/hci.o
 .text.create_connection_for_addr
                0x00005d90       0x98 ./src/BT_Stack/hci.o
 .text.connection_for_address
                0x00005e28       0x4c ./src/BT_Stack/hci.o
 .text.connectionSetAuthenticationFlags
                0x00005e74       0x24 ./src/BT_Stack/hci.o
 .text.connectionClearAuthenticationFlags
                0x00005e98       0x30 ./src/BT_Stack/hci.o
 .text.hci_add_connection_flags_for_flipped_bd_addr
                0x00005ec8       0x44 ./src/BT_Stack/hci.o
 .text.hci_drop_link_key_for_bd_addr
                0x00005f0c       0x34 ./src/BT_Stack/hci.o
                0x00005f0c                hci_drop_link_key_for_bd_addr
 .text.nr_hci_connections
                0x00005f40       0x3c ./src/BT_Stack/hci.o
 .text.dummy_handler
                0x00005f7c       0x1c ./src/BT_Stack/hci.o
 .text.hci_number_free_acl_slots
                0x00005f98       0x60 ./src/BT_Stack/hci.o
                0x00005f98                hci_number_free_acl_slots
 .text.hci_can_send_packet_now
                0x00005ff8       0x68 ./src/BT_Stack/hci.o
                0x00005ff8                hci_can_send_packet_now
 .text.acl_handler
                0x00006060      0x1c8 ./src/BT_Stack/hci.o
 .text.hci_shutdown_connection
                0x00006228       0x40 ./src/BT_Stack/hci.o
 .text.hci_acl_packet_types_for_buffer_size
                0x00006268       0x80 ./src/BT_Stack/hci.o
 .text.event_handler
                0x000062e8      0x7bc ./src/BT_Stack/hci.o
 .text.packet_handler
                0x00006aa4       0x3c ./src/BT_Stack/hci.o
 .text.hci_register_packet_handler
                0x00006ae0       0x20 ./src/BT_Stack/hci.o
                0x00006ae0                hci_register_packet_handler
 .text.hci_init
                0x00006b00       0xf8 ./src/BT_Stack/hci.o
                0x00006b00                hci_init
 .text.hci_power_control_on
                0x00006bf8       0xc8 ./src/BT_Stack/hci.o
 .text.hci_power_control_off
                0x00006cc0       0x68 ./src/BT_Stack/hci.o
 .text.hci_power_control_sleep
                0x00006d28       0x50 ./src/BT_Stack/hci.o
 .text.hci_power_control_wake
                0x00006d78       0x44 ./src/BT_Stack/hci.o
 .text.hci_power_control
                0x00006dbc      0x228 ./src/BT_Stack/hci.o
                0x00006dbc                hci_power_control
 .text.hci_run  0x00006fe4      0x4c0 ./src/BT_Stack/hci.o
                0x00006fe4                hci_run
 .text.hci_send_device_int
                0x000074a4       0xc0 ./src/BT_Stack/hci.o
                0x000074a4                hci_send_device_int
 .text.hci_send_cmd_packet
                0x00007564      0x1f8 ./src/BT_Stack/hci.o
                0x00007564                hci_send_cmd_packet
 .text.hci_send_cmd
                0x0000775c       0x3c ./src/BT_Stack/hci.o
                0x0000775c                hci_send_cmd
 .text.gap_send_cmd
                0x00007798       0x3c ./src/BT_Stack/hci.o
                0x00007798                gap_send_cmd
 .text.hci_emit_state
                0x000077d4       0x5c ./src/BT_Stack/hci.o
                0x000077d4                hci_emit_state
 .text.hci_emit_connection_complete
                0x00007830       0x8c ./src/BT_Stack/hci.o
                0x00007830                hci_emit_connection_complete
 .text.hci_emit_disconnection_complete
                0x000078bc       0x70 ./src/BT_Stack/hci.o
                0x000078bc                hci_emit_disconnection_complete
 .text.hci_emit_l2cap_check_timeout
                0x0000792c       0x64 ./src/BT_Stack/hci.o
                0x0000792c                hci_emit_l2cap_check_timeout
 .text.hci_emit_nr_connections_changed
                0x00007990       0x58 ./src/BT_Stack/hci.o
                0x00007990                hci_emit_nr_connections_changed
 .text.hci_emit_hci_open_failed
                0x000079e8       0x4c ./src/BT_Stack/hci.o
                0x000079e8                hci_emit_hci_open_failed
 .text.hci_emit_discoverable_enabled
                0x00007a34       0x54 ./src/BT_Stack/hci.o
                0x00007a34                hci_emit_discoverable_enabled
 .text.hci_create_cmd_internal
                0x00007a88      0x3cc ./src/BT_Stack/hci_cmds.o
                0x00007a88                hci_create_cmd_internal
 .text.hci_dump_packet
                0x00007e54       0x1c ./src/BT_Stack/hci_dump.o
                0x00007e54                hci_dump_packet
 .text.h4_init_sm
                0x00007e70       0x4c ./src/BT_Stack/hci_transport_h4_dma.o
 .text.h4_open  0x00007ebc       0x50 ./src/BT_Stack/hci_transport_h4_dma.o
 .text.h4_close
                0x00007f0c       0x18 ./src/BT_Stack/hci_transport_h4_dma.o
 .text.h4_block_received
                0x00007f24      0x1d4 ./src/BT_Stack/hci_transport_h4_dma.o
 .text.h4_block_sent
                0x000080f8       0x5c ./src/BT_Stack/hci_transport_h4_dma.o
 .text.h4_register_packet_handler
                0x00008154       0x20 ./src/BT_Stack/hci_transport_h4_dma.o
 .text.h4_process
                0x00008174       0x9c ./src/BT_Stack/hci_transport_h4_dma.o
 .text.h4_send_packet
                0x00008210       0x74 ./src/BT_Stack/hci_transport_h4_dma.o
 .text.h4_set_baudrate
                0x00008284       0x2c ./src/BT_Stack/hci_transport_h4_dma.o
 .text.h4_can_send_packet_now
                0x000082b0       0x28 ./src/BT_Stack/hci_transport_h4_dma.o
 .text.h4_get_transport_name
                0x000082d8       0x14 ./src/BT_Stack/hci_transport_h4_dma.o
 .text.dummy_handler
                0x000082ec       0x1c ./src/BT_Stack/hci_transport_h4_dma.o
 .text.hci_transport_h4_dma_instance
                0x00008308       0x14 ./src/BT_Stack/hci_transport_h4_dma.o
                0x00008308                hci_transport_h4_dma_instance
 .text.linked_list_get_last_item
                0x0000831c       0x3c ./src/BT_Stack/linked_list.o
                0x0000831c                linked_list_get_last_item
 .text.linked_list_add
                0x00008358       0x44 ./src/BT_Stack/linked_list.o
                0x00008358                linked_list_add
 .text.linked_list_remove
                0x0000839c       0x44 ./src/BT_Stack/linked_list.o
                0x0000839c                linked_list_remove
 .text.linked_item_set_user
                0x000083e0       0x24 ./src/BT_Stack/linked_list.o
                0x000083e0                linked_item_set_user
 .text.linked_item_get_user
                0x00008404       0x18 ./src/BT_Stack/linked_list.o
                0x00008404                linked_item_get_user
 .text.memory_pool_create
                0x0000841c       0x50 ./src/BT_Stack/memory_pool.o
                0x0000841c                memory_pool_create
 .text.memory_pool_get
                0x0000846c       0x38 ./src/BT_Stack/memory_pool.o
                0x0000846c                memory_pool_get
 .text.memory_pool_free
                0x000084a4       0x2c ./src/BT_Stack/memory_pool.o
                0x000084a4                memory_pool_free
 .text.db_open  0x000084d0        0xc ./src/BT_Stack/remote_device_db_memory.o
 .text.db_close
                0x000084dc        0xc ./src/BT_Stack/remote_device_db_memory.o
 .text.get_item
                0x000084e8       0x4c ./src/BT_Stack/remote_device_db_memory.o
 .text.get_name
                0x00008534       0x68 ./src/BT_Stack/remote_device_db_memory.o
 .text.get_link_key
                0x0000859c       0x6c ./src/BT_Stack/remote_device_db_memory.o
 .text.delete_link_key
                0x00008608       0x44 ./src/BT_Stack/remote_device_db_memory.o
 .text.put_link_key
                0x0000864c       0xa8 ./src/BT_Stack/remote_device_db_memory.o
 .text.delete_name
                0x000086f4       0x44 ./src/BT_Stack/remote_device_db_memory.o
 .text.put_name
                0x00008738       0xa0 ./src/BT_Stack/remote_device_db_memory.o
 .text.persistent_rfcomm_channel
                0x000087d8       0xb0 ./src/BT_Stack/remote_device_db_memory.o
 .text.run_loop_assert
                0x00008888        0xc ./src/BT_Stack/run_loop.o
                0x00008888                run_loop_assert
 .text.run_loop_add_data_source
                0x00008894       0x24 ./src/BT_Stack/run_loop.o
                0x00008894                run_loop_add_data_source
 .text.run_loop_remove_data_source
                0x000088b8       0x28 ./src/BT_Stack/run_loop.o
                0x000088b8                run_loop_remove_data_source
 .text.run_loop_add_timer
                0x000088e0       0x24 ./src/BT_Stack/run_loop.o
                0x000088e0                run_loop_add_timer
 .text.run_loop_remove_timer
                0x00008904       0x28 ./src/BT_Stack/run_loop.o
                0x00008904                run_loop_remove_timer
 .text.run_loop_execute
                0x0000892c       0x18 ./src/BT_Stack/run_loop.o
                0x0000892c                run_loop_execute
 .text.run_loop_init
                0x00008944       0x3c ./src/BT_Stack/run_loop.o
                0x00008944                run_loop_init
 .text.embedded_trigger
                0x00008980       0x18 ./src/BT_Stack/run_loop_embedded.o
                0x00008980                embedded_trigger
 .text.embedded_add_data_source
                0x00008998       0x20 ./src/BT_Stack/run_loop_embedded.o
                0x00008998                embedded_add_data_source
 .text.embedded_remove_data_source
                0x000089b8       0x24 ./src/BT_Stack/run_loop_embedded.o
                0x000089b8                embedded_remove_data_source
 .text.embedded_add_timer
                0x000089dc       0x4c ./src/BT_Stack/run_loop_embedded.o
                0x000089dc                embedded_add_timer
 .text.embedded_remove_timer
                0x00008a28       0x24 ./src/BT_Stack/run_loop_embedded.o
                0x00008a28                embedded_remove_timer
 .text.embedded_dump_timer
                0x00008a4c        0xc ./src/BT_Stack/run_loop_embedded.o
                0x00008a4c                embedded_dump_timer
 .text.embedded_execute
                0x00008a58       0x9c ./src/BT_Stack/run_loop_embedded.o
                0x00008a58                embedded_execute
 .text.embedded_tick_handler
                0x00008af4       0x30 ./src/BT_Stack/run_loop_embedded.o
 .text.embedded_get_ticks
                0x00008b24       0x18 ./src/BT_Stack/run_loop_embedded.o
                0x00008b24                embedded_get_ticks
 .text.embedded_ticks_for_ms
                0x00008b3c       0x20 ./src/BT_Stack/run_loop_embedded.o
                0x00008b3c                embedded_ticks_for_ms
 .text.run_loop_set_timer
                0x00008b5c       0x3c ./src/BT_Stack/run_loop_embedded.o
                0x00008b5c                run_loop_set_timer
 .text.embedded_init
                0x00008b98       0x40 ./src/BT_Stack/run_loop_embedded.o
                0x00008b98                embedded_init
 .text.bt_store_16
                0x00008bd8       0x48 ./src/BT_Stack/utils.o
                0x00008bd8                bt_store_16
 .text.bt_flip_addr
                0x00008c20       0x58 ./src/BT_Stack/utils.o
                0x00008c20                bt_flip_addr
 .text.bd_addr_to_str
                0x00008c78       0x70 ./src/BT_Stack/utils.o
                0x00008c78                bd_addr_to_str
 .text.epoch_change_handler
                0x00008ce8       0x8c ./src/main.o
 .text.packet_handler
                0x00008d74      0x2b0 ./src/main.o
 .text.main     0x00009024       0xb0 ./src/main.o
                0x00009024                main
 .text.SystemInit
                0x000090d4       0xe4 C:\Users\chuby\Dropbox\WorkSpace\CMSISv2p00_LPC17xx\Debug\libCMSISv2p00_LPC17xx.a(system_LPC17xx.o)
                0x000090d4                SystemInit
 .text.__main   0x000091b8       0x14 c:/nxp/lpcxpresso_5.2.4_2122/lpcxpresso/tools/bin/../lib/gcc/arm-none-eabi/4.6.2/../../../../arm-none-eabi/lib/armv7-m\libcr_semihost.a(_cr__main.o)
                0x000091b8                __CR_SEMIHOST
                0x000091b8                __main
 .text.lose_trailing_zeros
                0x000091cc       0x1e c:/nxp/lpcxpresso_5.2.4_2122/lpcxpresso/tools/bin/../lib/gcc/arm-none-eabi/4.6.2/../../../../arm-none-eabi/lib/armv7-m\libcr_c.a(fpprintf.o)
 .text.fp_round
                0x000091ea       0x54 c:/nxp/lpcxpresso_5.2.4_2122/lpcxpresso/tools/bin/../lib/gcc/arm-none-eabi/4.6.2/../../../../arm-none-eabi/lib/armv7-m\libcr_c.a(fpprintf.o)
 .text.pr_dec.constprop.1
                0x0000923e       0x22 c:/nxp/lpcxpresso_5.2.4_2122/lpcxpresso/tools/bin/../lib/gcc/arm-none-eabi/4.6.2/../../../../arm-none-eabi/lib/armv7-m\libcr_c.a(fpprintf.o)
 .text.sprintf  0x00009260       0x70 c:/nxp/lpcxpresso_5.2.4_2122/lpcxpresso/tools/bin/../lib/gcc/arm-none-eabi/4.6.2/../../../../arm-none-eabi/lib/armv7-m\libcr_c.a(fpprintf.o)
                0x00009260                sprintf
 .text.fp_display
                0x000092d0      0x908 c:/nxp/lpcxpresso_5.2.4_2122/lpcxpresso/tools/bin/../lib/gcc/arm-none-eabi/4.6.2/../../../../arm-none-eabi/lib/armv7-m\libcr_c.a(fpprintf.o)
 .text.vsnprintf
                0x00009bd8       0x5c c:/nxp/lpcxpresso_5.2.4_2122/lpcxpresso/tools/bin/../lib/gcc/arm-none-eabi/4.6.2/../../../../arm-none-eabi/lib/armv7-m\libcr_c.a(fpprintf.o)
                0x00009bd8                vsnprintf
 .text.printf   0x00009c34       0x54 c:/nxp/lpcxpresso_5.2.4_2122/lpcxpresso/tools/bin/../lib/gcc/arm-none-eabi/4.6.2/../../../../arm-none-eabi/lib/armv7-m\libcr_c.a(fpprintf.o)
                0x00009c34                printf
 .text._initio  0x00009c88       0x9c c:/nxp/lpcxpresso_5.2.4_2122/lpcxpresso/tools/bin/../lib/gcc/arm-none-eabi/4.6.2/../../../../arm-none-eabi/lib/armv7-m\libcr_c.a(initio.o)
                0x00009c88                _initio
 .text.__vfprintf
                0x00009d24      0xd54 c:/nxp/lpcxpresso_5.2.4_2122/lpcxpresso/tools/bin/../lib/gcc/arm-none-eabi/4.6.2/../../../../arm-none-eabi/lib/armv7-m\libcr_c.a(printf.o)
                0x00009d24                __vfprintf
 .text.setvbuf  0x0000aa78       0x48 c:/nxp/lpcxpresso_5.2.4_2122/lpcxpresso/tools/bin/../lib/gcc/arm-none-eabi/4.6.2/../../../../arm-none-eabi/lib/armv7-m\libcr_c.a(setvbuf.o)
                0x0000aa78                setvbuf
 .text.strlen   0x0000aac0       0x4c c:/nxp/lpcxpresso_5.2.4_2122/lpcxpresso/tools/bin/../lib/gcc/arm-none-eabi/4.6.2/../../../../arm-none-eabi/lib/armv7-m\libcr_c.a(strlen.o)
                0x0000aac0                strlen
 .text.strncmp  0x0000ab0c       0x4e c:/nxp/lpcxpresso_5.2.4_2122/lpcxpresso/tools/bin/../lib/gcc/arm-none-eabi/4.6.2/../../../../arm-none-eabi/lib/armv7-m\libcr_c.a(strncmp.o)
                0x0000ab0c                strncmp
 .text.strncpy  0x0000ab5a       0x54 c:/nxp/lpcxpresso_5.2.4_2122/lpcxpresso/tools/bin/../lib/gcc/arm-none-eabi/4.6.2/../../../../arm-none-eabi/lib/armv7-m\libcr_c.a(strncpy.o)
                0x0000ab5a                strncpy
 .text._deferredlazyseek
                0x0000abae       0x44 c:/nxp/lpcxpresso_5.2.4_2122/lpcxpresso/tools/bin/../lib/gcc/arm-none-eabi/4.6.2/../../../../arm-none-eabi/lib/armv7-m\libcr_c.a(_deferredlazyseek.o)
                0x0000abae                _deferredlazyseek
 .text.__flsbuf
                0x0000abf2      0x14e c:/nxp/lpcxpresso_5.2.4_2122/lpcxpresso/tools/bin/../lib/gcc/arm-none-eabi/4.6.2/../../../../arm-none-eabi/lib/armv7-m\libcr_c.a(_deferredlazyseek.o)
                0x0000abf2                __flsbuf
 .text._fdopen  0x0000ad40       0x6c c:/nxp/lpcxpresso_5.2.4_2122/lpcxpresso/tools/bin/../lib/gcc/arm-none-eabi/4.6.2/../../../../arm-none-eabi/lib/armv7-m\libcr_c.a(_fdopen.o)
                0x0000ad40                _fdopen
 .text._fflush  0x0000adac       0x58 c:/nxp/lpcxpresso_5.2.4_2122/lpcxpresso/tools/bin/../lib/gcc/arm-none-eabi/4.6.2/../../../../arm-none-eabi/lib/armv7-m\libcr_c.a(_fflush.o)
                0x0000adac                _fflush
 .text._frexpl  0x0000ae04       0x60 c:/nxp/lpcxpresso_5.2.4_2122/lpcxpresso/tools/bin/../lib/gcc/arm-none-eabi/4.6.2/../../../../arm-none-eabi/lib/armv7-m\libcr_c.a(_frexpl.o)
                0x0000ae04                _frexpl
 .text._ldexpl  0x0000ae64       0x50 c:/nxp/lpcxpresso_5.2.4_2122/lpcxpresso/tools/bin/../lib/gcc/arm-none-eabi/4.6.2/../../../../arm-none-eabi/lib/armv7-m\libcr_c.a(_ldexpl.o)
                0x0000ae64                _ldexpl
 .text._Cwritebuf
                0x0000aeb4       0x84 c:/nxp/lpcxpresso_5.2.4_2122/lpcxpresso/tools/bin/../lib/gcc/arm-none-eabi/4.6.2/../../../../arm-none-eabi/lib/armv7-m\libcr_c.a(_writebuf.o)
                0x0000aeb4                _Cwritebuf
 .text.malloc   0x0000af38       0xbc c:/nxp/lpcxpresso_5.2.4_2122/lpcxpresso/tools/bin/../lib/gcc/arm-none-eabi/4.6.2/../../../../arm-none-eabi/lib/armv7-m\libcr_c.a(alloc.o)
                0x0000af38                malloc
 .text.free     0x0000aff4        0xa c:/nxp/lpcxpresso_5.2.4_2122/lpcxpresso/tools/bin/../lib/gcc/arm-none-eabi/4.6.2/../../../../arm-none-eabi/lib/armv7-m\libcr_c.a(alloc.o)
                0x0000aff4                free
 *fill*         0x0000affe        0x2 00
 .text._Csys_alloc
                0x0000b000       0x20 c:/nxp/lpcxpresso_5.2.4_2122/lpcxpresso/tools/bin/../lib/gcc/arm-none-eabi/4.6.2/../../../../arm-none-eabi/lib/armv7-m\libcr_c.a(alloc.o)
                0x0000b000                _Csys_alloc
 .text.fclose   0x0000b020       0x6c c:/nxp/lpcxpresso_5.2.4_2122/lpcxpresso/tools/bin/../lib/gcc/arm-none-eabi/4.6.2/../../../../arm-none-eabi/lib/armv7-m\libcr_c.a(fclose.o)
                0x0000b020                fclose
 .text.fflush   0x0000b08c       0x34 c:/nxp/lpcxpresso_5.2.4_2122/lpcxpresso/tools/bin/../lib/gcc/arm-none-eabi/4.6.2/../../../../arm-none-eabi/lib/armv7-m\libcr_c.a(fflush.o)
                0x0000b08c                fflush
 .text.fseek    0x0000b0c0      0x104 c:/nxp/lpcxpresso_5.2.4_2122/lpcxpresso/tools/bin/../lib/gcc/arm-none-eabi/4.6.2/../../../../arm-none-eabi/lib/armv7-m\libcr_c.a(fseek.o)
                0x0000b0c0                fseek
 .text.ftell    0x0000b1c4       0x4c c:/nxp/lpcxpresso_5.2.4_2122/lpcxpresso/tools/bin/../lib/gcc/arm-none-eabi/4.6.2/../../../../arm-none-eabi/lib/armv7-m\libcr_c.a(ftell.o)
                0x0000b1c4                ftell
 .text.remove   0x0000b210       0x14 c:/nxp/lpcxpresso_5.2.4_2122/lpcxpresso/tools/bin/../lib/gcc/arm-none-eabi/4.6.2/../../../../arm-none-eabi/lib/armv7-m\libcr_c.a(remove.o)
                0x0000b210                remove
 .text._do_fflush
                0x0000b224       0x42 c:/nxp/lpcxpresso_5.2.4_2122/lpcxpresso/tools/bin/../lib/gcc/arm-none-eabi/4.6.2/../../../../arm-none-eabi/lib/armv7-m\libcr_c.a(_do_fflush.o)
                0x0000b224                _do_fflush
 .text.__aeabi_division_uldivmod
                0x0000b266      0x174 c:/nxp/lpcxpresso_5.2.4_2122/lpcxpresso/tools/bin/../lib/gcc/arm-none-eabi/4.6.2/armv7-m\libcr_eabihelpers.a(division.o)
                0x0000b266                __aeabi_uldivmod
                0x0000b26a                __bhs_ldivmod1
 .text.__aeabi_division_idiv0
                0x0000b3da        0x2 c:/nxp/lpcxpresso_5.2.4_2122/lpcxpresso/tools/bin/../lib/gcc/arm-none-eabi/4.6.2/armv7-m\libcr_eabihelpers.a(division.o)
                0x0000b3da                __aeabi_idiv0
 .text.__aeabi_dmul
                0x0000b3dc      0x138 c:/nxp/lpcxpresso_5.2.4_2122/lpcxpresso/tools/bin/../lib/gcc/arm-none-eabi/4.6.2/armv7-m\libcr_eabihelpers.a(double.o)
                0x0000b3dc                __aeabi_dmul
 .text.__aeabi_ddiv
                0x0000b514      0x168 c:/nxp/lpcxpresso_5.2.4_2122/lpcxpresso/tools/bin/../lib/gcc/arm-none-eabi/4.6.2/armv7-m\libcr_eabihelpers.a(double.o)
                0x0000b514                __aeabi_ddiv
 .text.__aeabi_dsub
                0x0000b67c      0x1f4 c:/nxp/lpcxpresso_5.2.4_2122/lpcxpresso/tools/bin/../lib/gcc/arm-none-eabi/4.6.2/armv7-m\libcr_eabihelpers.a(double.o)
                0x0000b67c                __aeabi_dsub
 .text.__aeabi_dadd
                0x0000b870      0x154 c:/nxp/lpcxpresso_5.2.4_2122/lpcxpresso/tools/bin/../lib/gcc/arm-none-eabi/4.6.2/armv7-m\libcr_eabihelpers.a(double.o)
                0x0000b870                __aeabi_dadd
 .text.__aeabi_d2iz
                0x0000b9c4       0x40 c:/nxp/lpcxpresso_5.2.4_2122/lpcxpresso/tools/bin/../lib/gcc/arm-none-eabi/4.6.2/armv7-m\libcr_eabihelpers.a(double.o)
                0x0000b9c4                __aeabi_d2iz
 .text.__bhs_ui2d
                0x0000ba04       0x5c c:/nxp/lpcxpresso_5.2.4_2122/lpcxpresso/tools/bin/../lib/gcc/arm-none-eabi/4.6.2/armv7-m\libcr_eabihelpers.a(double.o)
                0x0000ba04                __bhs_ui2d
 .text.__aeabi_i2d
                0x0000ba60       0x10 c:/nxp/lpcxpresso_5.2.4_2122/lpcxpresso/tools/bin/../lib/gcc/arm-none-eabi/4.6.2/armv7-m\libcr_eabihelpers.a(double.o)
                0x0000ba60                __aeabi_i2d
 .text.__aeabi_dcmpeq
                0x0000ba70       0x3c c:/nxp/lpcxpresso_5.2.4_2122/lpcxpresso/tools/bin/../lib/gcc/arm-none-eabi/4.6.2/armv7-m\libcr_eabihelpers.a(double.o)
                0x0000ba70                __aeabi_dcmpeq
 .text.__aeabi_dcmplt
                0x0000baac       0x5c c:/nxp/lpcxpresso_5.2.4_2122/lpcxpresso/tools/bin/../lib/gcc/arm-none-eabi/4.6.2/armv7-m\libcr_eabihelpers.a(double.o)
                0x0000baac                __aeabi_dcmplt
 .text.__aeabi_dcmple
                0x0000bb08       0x58 c:/nxp/lpcxpresso_5.2.4_2122/lpcxpresso/tools/bin/../lib/gcc/arm-none-eabi/4.6.2/armv7-m\libcr_eabihelpers.a(double.o)
                0x0000bb08                __aeabi_dcmple
 .text.__aeabi_dcmpge
                0x0000bb60       0x5c c:/nxp/lpcxpresso_5.2.4_2122/lpcxpresso/tools/bin/../lib/gcc/arm-none-eabi/4.6.2/armv7-m\libcr_eabihelpers.a(double.o)
                0x0000bb60                __aeabi_dcmpge
 .text.__sys_appexit
                0x0000bbbc        0xc c:/nxp/lpcxpresso_5.2.4_2122/lpcxpresso/tools/bin/../lib/gcc/arm-none-eabi/4.6.2/../../../../arm-none-eabi/lib/armv7-m\libcr_semihost.a(__sys_appexit.o)
                0x0000bbbc                __sys_appexit
                0x0000bbbc                __exit
 .text.__sys_close
                0x0000bbc8        0xc c:/nxp/lpcxpresso_5.2.4_2122/lpcxpresso/tools/bin/../lib/gcc/arm-none-eabi/4.6.2/../../../../arm-none-eabi/lib/armv7-m\libcr_semihost.a(__sys_close.o)
                0x0000bbc8                __sys_close
 .text.__sys_flen
                0x0000bbd4        0xc c:/nxp/lpcxpresso_5.2.4_2122/lpcxpresso/tools/bin/../lib/gcc/arm-none-eabi/4.6.2/../../../../arm-none-eabi/lib/armv7-m\libcr_semihost.a(__sys_flen.o)
                0x0000bbd4                __sys_flen
 .text.__sys_istty
                0x0000bbe0        0xc c:/nxp/lpcxpresso_5.2.4_2122/lpcxpresso/tools/bin/../lib/gcc/arm-none-eabi/4.6.2/../../../../arm-none-eabi/lib/armv7-m\libcr_semihost.a(__sys_istty.o)
                0x0000bbe0                __sys_istty
 .text.__sys_remove
                0x0000bbec        0xc c:/nxp/lpcxpresso_5.2.4_2122/lpcxpresso/tools/bin/../lib/gcc/arm-none-eabi/4.6.2/../../../../arm-none-eabi/lib/armv7-m\libcr_semihost.a(__sys_remove.o)
                0x0000bbec                __sys_remove
 .text.__sys_seek
                0x0000bbf8        0xc c:/nxp/lpcxpresso_5.2.4_2122/lpcxpresso/tools/bin/../lib/gcc/arm-none-eabi/4.6.2/../../../../arm-none-eabi/lib/armv7-m\libcr_semihost.a(__sys_seek.o)
                0x0000bbf8                __sys_seek
 .text.__sys_tmpnam
                0x0000bc04        0xc c:/nxp/lpcxpresso_5.2.4_2122/lpcxpresso/tools/bin/../lib/gcc/arm-none-eabi/4.6.2/../../../../arm-none-eabi/lib/armv7-m\libcr_semihost.a(__sys_tmpnam.o)
                0x0000bc04                __sys_tmpnam
 .text.__sys_write
                0x0000bc10        0xc c:/nxp/lpcxpresso_5.2.4_2122/lpcxpresso/tools/bin/../lib/gcc/arm-none-eabi/4.6.2/../../../../arm-none-eabi/lib/armv7-m\libcr_semihost.a(__sys_write.o)
                0x0000bc10                __sys_write
                0x0000bc10                __write
 .text._sbrk    0x0000bc1c       0x40 c:/nxp/lpcxpresso_5.2.4_2122/lpcxpresso/tools/bin/../lib/gcc/arm-none-eabi/4.6.2/../../../../arm-none-eabi/lib/armv7-m\libcr_semihost.a(_cr_sbrk.o)
                0x0000bc1c                _sbrk
 .text.__check_heap_overflow
                0x0000bc5c       0x2c c:/nxp/lpcxpresso_5.2.4_2122/lpcxpresso/tools/bin/../lib/gcc/arm-none-eabi/4.6.2/../../../../arm-none-eabi/lib/armv7-m\libcr_semihost.a(_cr_check_heap.o)
                0x0000bc5c                __check_heap_overflow
 *(.rodata .rodata.*)
 .rodata.nw     0x0000bc88       0x84 ./src/EBN_Core/galois.o
 .rodata.nwm1   0x0000bd0c       0x84 ./src/EBN_Core/galois.o
 .rodata        0x0000bd90       0x28 ./src/BT_Stack/Drivers/lpc17xx_adc.o
 .rodata        0x0000bdb8       0x28 ./src/BT_Stack/Drivers/lpc17xx_timer.o
 .rodata        0x0000bde0       0x28 ./src/BT_Stack/Drivers/lpc17xx_uart.o
 .rodata.packet_type_sizes
                0x0000be08       0x20 ./src/BT_Stack/hci.o
 .rodata        0x0000be28       0xf0 ./src/BT_Stack/hci_cmds.o
 .rodata.hci_create_connection
                0x0000bf18        0x8 ./src/BT_Stack/hci_cmds.o
                0x0000bf18                hci_create_connection
 .rodata.hci_disconnect
                0x0000bf20        0x8 ./src/BT_Stack/hci_cmds.o
                0x0000bf20                hci_disconnect
 .rodata.hci_accept_connection_request
                0x0000bf28        0x8 ./src/BT_Stack/hci_cmds.o
                0x0000bf28                hci_accept_connection_request
 .rodata.hci_reject_connection_request
                0x0000bf30        0x8 ./src/BT_Stack/hci_cmds.o
                0x0000bf30                hci_reject_connection_request
 .rodata.hci_link_key_request_reply
                0x0000bf38        0x8 ./src/BT_Stack/hci_cmds.o
                0x0000bf38                hci_link_key_request_reply
 .rodata.hci_link_key_request_negative_reply
                0x0000bf40        0x8 ./src/BT_Stack/hci_cmds.o
                0x0000bf40                hci_link_key_request_negative_reply
 .rodata.hci_pin_code_request_reply
                0x0000bf48        0x8 ./src/BT_Stack/hci_cmds.o
                0x0000bf48                hci_pin_code_request_reply
 .rodata.hci_pin_code_request_negative_reply
                0x0000bf50        0x8 ./src/BT_Stack/hci_cmds.o
                0x0000bf50                hci_pin_code_request_negative_reply
 .rodata.hci_reset
                0x0000bf58        0x8 ./src/BT_Stack/hci_cmds.o
                0x0000bf58                hci_reset
 .rodata.hci_delete_stored_link_key
                0x0000bf60        0x8 ./src/BT_Stack/hci_cmds.o
                0x0000bf60                hci_delete_stored_link_key
 .rodata.hci_write_scan_enable
                0x0000bf68        0x8 ./src/BT_Stack/hci_cmds.o
                0x0000bf68                hci_write_scan_enable
 .rodata.hci_read_local_supported_features
                0x0000bf70        0x8 ./src/BT_Stack/hci_cmds.o
                0x0000bf70                hci_read_local_supported_features
 .rodata.hci_read_buffer_size
                0x0000bf78        0x8 ./src/BT_Stack/hci_cmds.o
                0x0000bf78                hci_read_buffer_size
 .rodata.hci_read_bd_addr
                0x0000bf80        0x8 ./src/BT_Stack/hci_cmds.o
                0x0000bf80                hci_read_bd_addr
 .rodata.hci_le_set_random_address
                0x0000bf88        0x8 ./src/BT_Stack/hci_cmds.o
                0x0000bf88                hci_le_set_random_address
 .rodata.hci_le_set_advertise_enable
                0x0000bf90        0x8 ./src/BT_Stack/hci_cmds.o
                0x0000bf90                hci_le_set_advertise_enable
 .rodata.gap_UpdateAdvertisingData
                0x0000bf98        0x8 ./src/BT_Stack/hci_cmds.o
                0x0000bf98                gap_UpdateAdvertisingData
 .rodata.gap_config_device_addr
                0x0000bfa0        0x8 ./src/BT_Stack/hci_cmds.o
                0x0000bfa0                gap_config_device_addr
 .rodata.gap_make_discoverable
                0x0000bfa8        0x8 ./src/BT_Stack/hci_cmds.o
                0x0000bfa8                gap_make_discoverable
 .rodata.gap_end_discoverable
                0x0000bfb0        0x8 ./src/BT_Stack/hci_cmds.o
                0x0000bfb0                gap_end_discoverable
 .rodata        0x0000bfb8       0x2c ./src/BT_Stack/hci_transport_h4_dma.o
 .rodata.remote_device_db_memory
                0x0000bfe4       0x24 ./src/BT_Stack/remote_device_db_memory.o
                0x0000bfe4                remote_device_db_memory
 .rodata.run_loop_embedded
                0x0000c008       0x1c ./src/BT_Stack/run_loop_embedded.o
                0x0000c008                run_loop_embedded
 .rodata        0x0000c024       0x2c ./src/BT_Stack/utils.o
 .rodata        0x0000c050       0x3c ./src/main.o
 .rodata.str1.1
                0x0000c08c       0x34 c:/nxp/lpcxpresso_5.2.4_2122/lpcxpresso/tools/bin/../lib/gcc/arm-none-eabi/4.6.2/../../../../arm-none-eabi/lib/armv7-m\libcr_c.a(fpprintf.o)
                                 0x35 (size before relaxing)
 .rodata.str1.1
                0x0000c0c0        0x4 c:/nxp/lpcxpresso_5.2.4_2122/lpcxpresso/tools/bin/../lib/gcc/arm-none-eabi/4.6.2/../../../../arm-none-eabi/lib/armv7-m\libcr_c.a(initio.o)
 .rodata.str1.1
                0x0000c0c4       0x31 c:/nxp/lpcxpresso_5.2.4_2122/lpcxpresso/tools/bin/../lib/gcc/arm-none-eabi/4.6.2/../../../../arm-none-eabi/lib/armv7-m\libcr_c.a(printf.o)
                                 0x38 (size before relaxing)
 .rodata.str1.1
                0x0000c0f5       0x18 c:/nxp/lpcxpresso_5.2.4_2122/lpcxpresso/tools/bin/../lib/gcc/arm-none-eabi/4.6.2/../../../../arm-none-eabi/lib/armv7-m\libcr_c.a(alloc.o)
 *fill*         0x0000c10d        0x3 00
 .rodata.__huge_vall
                0x0000c110        0x8 c:/nxp/lpcxpresso_5.2.4_2122/lpcxpresso/tools/bin/../lib/gcc/arm-none-eabi/4.6.2/../../../../arm-none-eabi/lib/armv7-m\libcr_c.a(_hugeval.o)
                0x0000c110                __huge_vall
                0x0000c118                . = ALIGN (0x4)

.glue_7         0x0000c118        0x0
 .glue_7        0x00000000        0x0 linker stubs

.glue_7t        0x0000c118        0x0
 .glue_7t       0x00000000        0x0 linker stubs

.vfp11_veneer   0x0000c118        0x0
 .vfp11_veneer  0x00000000        0x0 linker stubs

.v4_bx          0x0000c118        0x0
 .v4_bx         0x00000000        0x0 linker stubs

.ARM.extab
 *(.ARM.extab* .gnu.linkonce.armextab.*)
                0x0000c118                __exidx_start = .

.ARM.exidx
 *(.ARM.exidx* .gnu.linkonce.armexidx.*)
                0x0000c118                __exidx_end = .
                0x0000c118                _etext = .

.data_RAM2      0x2007c000        0x0 load address 0x0000c118
 FILL mask 0xff
 *(.data.$RAM2*)
 *(.data.$RamAHB32*)
                0x2007c000                . = ALIGN (0x4)

.uninit_RESERVED
                0x10000000        0x0
 *(.bss.$RESERVED*)
                0x10000000                . = ALIGN (0x4)
                0x10000000                _end_uninit_RESERVED = .

.data           0x10000000      0x1bc load address 0x0000c118
 FILL mask 0xff
                0x10000000                _data = .
 *(vtable)
 *(.data*)
 .data.freelist
                0x10000000       0x10 ./src/EBN_Core/bget.o
 .data.curve_p  0x10000010       0x18 ./src/EBN_Core/ecc.o
 .data.curve_G  0x10000028       0x30 ./src/EBN_Core/ecc.o
 .data.curve_n  0x10000058       0x18 ./src/EBN_Core/ecc.o
 .data.prim_poly
                0x10000070       0x84 ./src/EBN_Core/galois.o
 .data.mult_type
                0x100000f4       0x84 ./src/EBN_Core/galois.o
 .data.tick_handler
                0x10000178        0x4 ./src/BT_Stack/hal_tick.o
 .data.rx_done_handler
                0x1000017c        0x4 ./src/BT_Stack/hal_uart_dma.o
 .data.tx_done_handler
                0x10000180        0x4 ./src/BT_Stack/hal_uart_dma.o
 .data.packet_handler
                0x10000184        0x4 ./src/BT_Stack/hci_transport_h4_dma.o
 .data.hci_transport_h4_dma_ds
                0x10000188       0x10 ./src/BT_Stack/hci_transport_h4_dma.o
 .data.hci_transport_h4_dma
                0x10000198       0x20 ./src/BT_Stack/hci_transport_h4_dma.o
 .data.SystemCoreClock
                0x100001b8        0x4 C:\Users\chuby\Dropbox\WorkSpace\CMSISv2p00_LPC17xx\Debug\libCMSISv2p00_LPC17xx.a(system_LPC17xx.o)
                0x100001b8                SystemCoreClock
                0x100001bc                . = ALIGN (0x4)
                0x100001bc                _edata = .

.bss_RAM2       0x2007c000        0x0
 *(.bss.$RAM2*)
 *(.bss.$RamAHB32*)
                0x2007c000                . = ALIGN (0x4)

.bss            0x100001c0     0x3480
                0x100001c0                _bss = .
 *(.bss*)
 .bss.old_private
                0x100001c0       0x18 ./src/EBN_Core/EBN.o
 .bss.current_private
                0x100001d8       0x18 ./src/EBN_Core/EBN.o
 .bss.old_point
                0x100001f0       0x30 ./src/EBN_Core/EBN.o
 .bss.current_point
                0x10000220       0x30 ./src/EBN_Core/EBN.o
 .bss.old_y     0x10000250        0x1 ./src/EBN_Core/EBN.o
 .bss.current_y
                0x10000251        0x1 ./src/EBN_Core/EBN.o
 *fill*         0x10000252        0x2 00
 .bss.mac_addr  0x10000254        0x8 ./src/EBN_Core/EBN.o
 .bss.old_id    0x1000025c        0x4 ./src/EBN_Core/EBN.o
 .bss.current_id
                0x10000260        0x4 ./src/EBN_Core/EBN.o
 .bss.old_syms  0x10000264      0x124 ./src/EBN_Core/EBN.o
 .bss.current_syms
                0x10000388      0x124 ./src/EBN_Core/EBN.o
 .bss.current_adverts
                0x100004ac      0x83c ./src/EBN_Core/EBN.o
 .bss.messageNum
                0x10000ce8        0x1 ./src/EBN_Core/EBN.o
 *fill*         0x10000ce9        0x3 00
 .bss.totalloc  0x10000cec        0x4 ./src/EBN_Core/bget.o
 .bss.numget    0x10000cf0        0x4 ./src/EBN_Core/bget.o
 .bss.numrel    0x10000cf4        0x4 ./src/EBN_Core/bget.o
 .bss.galois_log_tables
                0x10000cf8       0x84 ./src/EBN_Core/galois.o
 .bss.galois_ilog_tables
                0x10000d7c       0x84 ./src/EBN_Core/galois.o
 .bss.galois_mult_tables
                0x10000e00       0x84 ./src/EBN_Core/galois.o
 .bss.galois_div_tables
                0x10000e84       0x84 ./src/EBN_Core/galois.o
 .bss.jerasure_total_xor_bytes
                0x10000f08        0x8 ./src/EBN_Core/jerasure.o
 .bss.jerasure_total_gf_bytes
                0x10000f10        0x8 ./src/EBN_Core/jerasure.o
 .bss.jerasure_total_memcpy_bytes
                0x10000f18        0x8 ./src/EBN_Core/jerasure.o
 .bss.collector_byte
                0x10000f20        0x1 ./src/EBN_Core/random.o
 .bss.collector_status
                0x10000f21        0x1 ./src/EBN_Core/random.o
 *fill*         0x10000f22        0x2 00
 .bss.hci_connection_storage
                0x10000f24       0x6c ./src/BT_Stack/btstack_memory.o
 .bss.hci_connection_pool
                0x10000f90        0x4 ./src/BT_Stack/btstack_memory.o
 .bss.db_mem_device_link_key_storage
                0x10000f94       0x40 ./src/BT_Stack/btstack_memory.o
 .bss.db_mem_device_link_key_pool
                0x10000fd4        0x4 ./src/BT_Stack/btstack_memory.o
 .bss.UART1IRQ_ON
                0x10000fd8        0x1 ./src/BT_Stack/hal_cpu.o
                0x10000fd8                UART1IRQ_ON
 *fill*         0x10000fd9        0x3 00
 .bss.TTC0      0x10000fdc        0x8 ./src/BT_Stack/hal_tick.o
 .bss.MATC0     0x10000fe4        0xc ./src/BT_Stack/hal_tick.o
 .bss.UART_CFG_1152
                0x10000ff0        0x8 ./src/BT_Stack/hal_uart_dma.o
 .bss.FIFO_DEFAULT
                0x10000ff8        0x4 ./src/BT_Stack/hal_uart_dma.o
 .bss.bytes_to_read
                0x10000ffc        0x2 ./src/BT_Stack/hal_uart_dma.o
 *fill*         0x10000ffe        0x2 00
 .bss.rx_buffer_ptr
                0x10001000        0x4 ./src/BT_Stack/hal_uart_dma.o
 .bss.tx_buffer_ptr
                0x10001004        0x4 ./src/BT_Stack/hal_uart_dma.o
 .bss.hci_stack
                0x10001008      0x138 ./src/BT_Stack/hci.o
 .bss.h4_state  0x10001140        0x1 ./src/BT_Stack/hci_transport_h4_dma.o
 *fill*         0x10001141        0x3 00
 .bss.read_pos  0x10001144        0x4 ./src/BT_Stack/hci_transport_h4_dma.o
 .bss.bytes_to_read
                0x10001148        0x4 ./src/BT_Stack/hci_transport_h4_dma.o
 .bss.hci_packet
                0x1000114c      0x104 ./src/BT_Stack/hci_transport_h4_dma.o
 .bss.tx_state  0x10001250        0x1 ./src/BT_Stack/hci_transport_h4_dma.o
 .bss.tx_packet_type
                0x10001251        0x1 ./src/BT_Stack/hci_transport_h4_dma.o
 *fill*         0x10001252        0x2 00
 .bss.tx_data   0x10001254        0x4 ./src/BT_Stack/hci_transport_h4_dma.o
 .bss.tx_len    0x10001258        0x2 ./src/BT_Stack/hci_transport_h4_dma.o
 *fill*         0x1000125a        0x2 00
 .bss.db_mem_link_keys
                0x1000125c        0x4 ./src/BT_Stack/remote_device_db_memory.o
                0x1000125c                db_mem_link_keys
 .bss.db_mem_names
                0x10001260        0x4 ./src/BT_Stack/remote_device_db_memory.o
                0x10001260                db_mem_names
 .bss.db_mem_services
                0x10001264        0x4 ./src/BT_Stack/remote_device_db_memory.o
 .bss.the_run_loop
                0x10001268        0x4 ./src/BT_Stack/run_loop.o
 .bss.data_sources
                0x1000126c        0x4 ./src/BT_Stack/run_loop_embedded.o
 .bss.timers    0x10001270        0x4 ./src/BT_Stack/run_loop_embedded.o
 .bss.system_ticks
                0x10001274        0x4 ./src/BT_Stack/run_loop_embedded.o
 .bss.trigger_event_received
                0x10001278        0x4 ./src/BT_Stack/run_loop_embedded.o
 .bss.bd_addr_to_str_buffer
                0x1000127c       0x14 ./src/BT_Stack/utils.o
 .bss.STATE     0x10001290        0x1 ./src/main.o
 .bss.CHANGING_ADDR
                0x10001291        0x1 ./src/main.o
 *fill*         0x10001292        0x2 00
 .bss.errno     0x10001294        0x4 c:/nxp/lpcxpresso_5.2.4_2122/lpcxpresso/tools/bin/../lib/gcc/arm-none-eabi/4.6.2/../../../../arm-none-eabi/lib/armv7-m\libcr_c.a(errno.o)
                0x10001294                errno
 *(COMMON)
 COMMON         0x10001298      0x25c ./src/EBN_Core/EBN.o
                0x10001298                curr_sym_ptrs
                0x100013bc                old_code_ptr
                0x100013c0                curr_code_ptr
                0x100013c4                old_data_ptr
                0x100013c8                rs_coding_matrix
                0x100013cc                old_sym_ptrs
                0x100014f0                curr_data_ptr
 COMMON         0x100014f4     0x2000 ./src/main.o
                0x100014f4                mempool
 COMMON         0x100034f4        0x4 c:/nxp/lpcxpresso_5.2.4_2122/lpcxpresso/tools/bin/../lib/gcc/arm-none-eabi/4.6.2/../../../../arm-none-eabi/lib/armv7-m\libcr_c.a(initio.o)
                0x100034f4                _extra
 COMMON         0x100034f8      0x140 c:/nxp/lpcxpresso_5.2.4_2122/lpcxpresso/tools/bin/../lib/gcc/arm-none-eabi/4.6.2/../../../../arm-none-eabi/lib/armv7-m\libcr_c.a(stdio.o)
                0x100034f8                __Ciob
 COMMON         0x10003638        0x8 c:/nxp/lpcxpresso_5.2.4_2122/lpcxpresso/tools/bin/../lib/gcc/arm-none-eabi/4.6.2/../../../../arm-none-eabi/lib/armv7-m\libcr_c.a(__init_alloc.o)
                0x10003638                __heaps
                0x1000363c                __end_of_heap
                0x10003640                . = ALIGN (0x4)
                0x10003640                _ebss = .
                0x10003640                PROVIDE (end, .)

.noinit_RAM2    0x2007c000        0x0
 *(.noinit.$RAM2*)
 *(.noinit.$RamAHB32*)
                0x2007c000                . = ALIGN (0x4)

.noinit         0x10003640        0x0
                0x10003640                _noinit = .
 *(.noinit*)
                0x10003640                . = ALIGN (0x4)
                0x10003640                _end_noinit = .
                0x10003640                PROVIDE (_pvHeapStart, .)
                0x10008000                PROVIDE (_vStackTop, (__top_RamLoc32 - 0x0))
OUTPUT(EBN_Anchor_Node.axf elf32-littlearm)

.debug_info     0x00000000    0x1501b
 .debug_info    0x00000000      0x62e ./src/EBN_Core/EBN.o
 .debug_info    0x0000062e      0x430 ./src/EBN_Core/bget.o
 .debug_info    0x00000a5e      0xf9b ./src/EBN_Core/ecc.o
 .debug_info    0x000019f9      0xc8f ./src/EBN_Core/galois.o
 .debug_info    0x00002688     0x15aa ./src/EBN_Core/jerasure.o
 .debug_info    0x00003c32      0x196 ./src/EBN_Core/mem.o
 .debug_info    0x00003dc8      0x7e5 ./src/EBN_Core/random.o
 .debug_info    0x000045ad      0x444 ./src/EBN_Core/reed_sol.o
 .debug_info    0x000049f1      0x174 ./src/BT_Stack/Drivers/SimpleCache.o
 .debug_info    0x00004b65      0x617 ./src/BT_Stack/Drivers/lpc17xx_adc.o
 .debug_info    0x0000517c      0x6d7 ./src/BT_Stack/Drivers/lpc17xx_clkpwr.o
 .debug_info    0x00005853       0xcd ./src/BT_Stack/Drivers/lpc17xx_libcfg_default.o
 .debug_info    0x00005920      0x4ba ./src/BT_Stack/Drivers/lpc17xx_pinsel.o
 .debug_info    0x00005dda      0x785 ./src/BT_Stack/Drivers/lpc17xx_ssp.o
 .debug_info    0x0000655f      0x891 ./src/BT_Stack/Drivers/lpc17xx_timer.o
 .debug_info    0x00006df0     0x12e9 ./src/BT_Stack/Drivers/lpc17xx_uart.o
 .debug_info    0x000080d9      0x8bf ./src/BT_Stack/Drivers/sd.o
 .debug_info    0x00008998     0x12d1 ./src/BT_Stack/att.o
 .debug_info    0x00009c69      0x5ed ./src/BT_Stack/btstack_memory.o
 .debug_info    0x0000a256      0x3cf ./src/BT_Stack/hal_cpu.o
 .debug_info    0x0000a625      0x69b ./src/BT_Stack/hal_tick.o
 .debug_info    0x0000acc0      0xa2b ./src/BT_Stack/hal_uart_dma.o
 .debug_info    0x0000b6eb     0x170c ./src/BT_Stack/hci.o
 .debug_info    0x0000cdf7      0xa69 ./src/BT_Stack/hci_cmds.o
 .debug_info    0x0000d860      0x193 ./src/BT_Stack/hci_dump.o
 .debug_info    0x0000d9f3      0x5cd ./src/BT_Stack/hci_transport_h4_dma.o
 .debug_info    0x0000dfc0     0x16aa ./src/BT_Stack/l2cap.o
 .debug_info    0x0000f66a      0x257 ./src/BT_Stack/l2cap_signaling.o
 .debug_info    0x0000f8c1      0x250 ./src/BT_Stack/linked_list.o
 .debug_info    0x0000fb11      0x1ba ./src/BT_Stack/memory_pool.o
 .debug_info    0x0000fccb      0x647 ./src/BT_Stack/remote_device_db_memory.o
 .debug_info    0x00010312     0x1f3f ./src/BT_Stack/rfcomm.o
 .debug_info    0x00012251      0x424 ./src/BT_Stack/run_loop.o
 .debug_info    0x00012675      0x499 ./src/BT_Stack/run_loop_embedded.o
 .debug_info    0x00012b0e     0x1335 ./src/BT_Stack/sdp_util.o
 .debug_info    0x00013e43      0x3e2 ./src/BT_Stack/utils.o
 .debug_info    0x00014225      0x2dd ./src/cr_startup_lpc176x.o
 .debug_info    0x00014502      0x78a ./src/main.o
 .debug_info    0x00014c8c      0x38f C:\Users\chuby\Dropbox\WorkSpace\CMSISv2p00_LPC17xx\Debug\libCMSISv2p00_LPC17xx.a(system_LPC17xx.o)

.debug_abbrev   0x00000000     0x356b
 .debug_abbrev  0x00000000      0x179 ./src/EBN_Core/EBN.o
 .debug_abbrev  0x00000179       0xf4 ./src/EBN_Core/bget.o
 .debug_abbrev  0x0000026d      0x187 ./src/EBN_Core/ecc.o
 .debug_abbrev  0x000003f4      0x102 ./src/EBN_Core/galois.o
 .debug_abbrev  0x000004f6      0x121 ./src/EBN_Core/jerasure.o
 .debug_abbrev  0x00000617       0xb4 ./src/EBN_Core/mem.o
 .debug_abbrev  0x000006cb      0x1ac ./src/EBN_Core/random.o
 .debug_abbrev  0x00000877       0xf8 ./src/EBN_Core/reed_sol.o
 .debug_abbrev  0x0000096f       0xd3 ./src/BT_Stack/Drivers/SimpleCache.o
 .debug_abbrev  0x00000a42      0x13f ./src/BT_Stack/Drivers/lpc17xx_adc.o
 .debug_abbrev  0x00000b81      0x197 ./src/BT_Stack/Drivers/lpc17xx_clkpwr.o
 .debug_abbrev  0x00000d18       0x6a ./src/BT_Stack/Drivers/lpc17xx_libcfg_default.o
 .debug_abbrev  0x00000d82      0x11f ./src/BT_Stack/Drivers/lpc17xx_pinsel.o
 .debug_abbrev  0x00000ea1      0x19d ./src/BT_Stack/Drivers/lpc17xx_ssp.o
 .debug_abbrev  0x0000103e      0x1b6 ./src/BT_Stack/Drivers/lpc17xx_timer.o
 .debug_abbrev  0x000011f4      0x1d0 ./src/BT_Stack/Drivers/lpc17xx_uart.o
 .debug_abbrev  0x000013c4      0x1cb ./src/BT_Stack/Drivers/sd.o
 .debug_abbrev  0x0000158f      0x1c4 ./src/BT_Stack/att.o
 .debug_abbrev  0x00001753      0x177 ./src/BT_Stack/btstack_memory.o
 .debug_abbrev  0x000018ca      0x132 ./src/BT_Stack/hal_cpu.o
 .debug_abbrev  0x000019fc      0x1b2 ./src/BT_Stack/hal_tick.o
 .debug_abbrev  0x00001bae      0x18c ./src/BT_Stack/hal_uart_dma.o
 .debug_abbrev  0x00001d3a      0x2de ./src/BT_Stack/hci.o
 .debug_abbrev  0x00002018      0x11c ./src/BT_Stack/hci_cmds.o
 .debug_abbrev  0x00002134       0xb0 ./src/BT_Stack/hci_dump.o
 .debug_abbrev  0x000021e4      0x1c5 ./src/BT_Stack/hci_transport_h4_dma.o
 .debug_abbrev  0x000023a9      0x279 ./src/BT_Stack/l2cap.o
 .debug_abbrev  0x00002622      0x124 ./src/BT_Stack/l2cap_signaling.o
 .debug_abbrev  0x00002746       0xdd ./src/BT_Stack/linked_list.o
 .debug_abbrev  0x00002823       0xdb ./src/BT_Stack/memory_pool.o
 .debug_abbrev  0x000028fe      0x148 ./src/BT_Stack/remote_device_db_memory.o
 .debug_abbrev  0x00002a46      0x1f1 ./src/BT_Stack/rfcomm.o
 .debug_abbrev  0x00002c37      0x147 ./src/BT_Stack/run_loop.o
 .debug_abbrev  0x00002d7e      0x171 ./src/BT_Stack/run_loop_embedded.o
 .debug_abbrev  0x00002eef      0x1eb ./src/BT_Stack/sdp_util.o
 .debug_abbrev  0x000030da       0xd0 ./src/BT_Stack/utils.o
 .debug_abbrev  0x000031aa      0x12b ./src/cr_startup_lpc176x.o
 .debug_abbrev  0x000032d5      0x1b3 ./src/main.o
 .debug_abbrev  0x00003488       0xe3 C:\Users\chuby\Dropbox\WorkSpace\CMSISv2p00_LPC17xx\Debug\libCMSISv2p00_LPC17xx.a(system_LPC17xx.o)

.debug_loc      0x00000000     0x7f1d
 .debug_loc     0x00000000      0x278 ./src/EBN_Core/EBN.o
 .debug_loc     0x00000278      0x150 ./src/EBN_Core/bget.o
 .debug_loc     0x000003c8      0x78a ./src/EBN_Core/ecc.o
 .debug_loc     0x00000b52      0x5ba ./src/EBN_Core/galois.o
 .debug_loc     0x0000110c      0x667 ./src/EBN_Core/jerasure.o
 .debug_loc     0x00001773       0xa8 ./src/EBN_Core/mem.o
 .debug_loc     0x0000181b      0x10c ./src/EBN_Core/random.o
 .debug_loc     0x00001927      0x18a ./src/EBN_Core/reed_sol.o
 .debug_loc     0x00001ab1       0x70 ./src/BT_Stack/Drivers/SimpleCache.o
 .debug_loc     0x00001b21      0x2d8 ./src/BT_Stack/Drivers/lpc17xx_adc.o
 .debug_loc     0x00001df9      0x190 ./src/BT_Stack/Drivers/lpc17xx_clkpwr.o
 .debug_loc     0x00001f89       0x38 ./src/BT_Stack/Drivers/lpc17xx_libcfg_default.o
 .debug_loc     0x00001fc1      0x150 ./src/BT_Stack/Drivers/lpc17xx_pinsel.o
 .debug_loc     0x00002111      0x3f0 ./src/BT_Stack/Drivers/lpc17xx_ssp.o
 .debug_loc     0x00002501      0x380 ./src/BT_Stack/Drivers/lpc17xx_timer.o
 .debug_loc     0x00002881      0x65a ./src/BT_Stack/Drivers/lpc17xx_uart.o
 .debug_loc     0x00002edb      0x119 ./src/BT_Stack/Drivers/sd.o
 .debug_loc     0x00002ff4      0x9ae ./src/BT_Stack/att.o
 .debug_loc     0x000039a2      0x3b0 ./src/BT_Stack/btstack_memory.o
 .debug_loc     0x00003d52       0xf4 ./src/BT_Stack/hal_cpu.o
 .debug_loc     0x00003e46      0x120 ./src/BT_Stack/hal_tick.o
 .debug_loc     0x00003f66      0x22c ./src/BT_Stack/hal_uart_dma.o
 .debug_loc     0x00004192      0xa72 ./src/BT_Stack/hci.o
 .debug_loc     0x00004c04       0x7c ./src/BT_Stack/hci_cmds.o
 .debug_loc     0x00004c80       0xd4 ./src/BT_Stack/hci_dump.o
 .debug_loc     0x00004d54      0x290 ./src/BT_Stack/hci_transport_h4_dma.o
 .debug_loc     0x00004fe4      0x9fc ./src/BT_Stack/l2cap.o
 .debug_loc     0x000059e0       0x90 ./src/BT_Stack/l2cap_signaling.o
 .debug_loc     0x00005a70      0x188 ./src/BT_Stack/linked_list.o
 .debug_loc     0x00005bf8       0xa8 ./src/BT_Stack/memory_pool.o
 .debug_loc     0x00005ca0      0x218 ./src/BT_Stack/remote_device_db_memory.o
 .debug_loc     0x00005eb8      0xf02 ./src/BT_Stack/rfcomm.o
 .debug_loc     0x00006dba      0x20c ./src/BT_Stack/run_loop.o
 .debug_loc     0x00006fc6      0x264 ./src/BT_Stack/run_loop_embedded.o
 .debug_loc     0x0000722a      0x851 ./src/BT_Stack/sdp_util.o
 .debug_loc     0x00007a7b      0x2a0 ./src/BT_Stack/utils.o
 .debug_loc     0x00007d1b      0x102 ./src/cr_startup_lpc176x.o
 .debug_loc     0x00007e1d       0xe0 ./src/main.o
 .debug_loc     0x00007efd       0x20 C:\Users\chuby\Dropbox\WorkSpace\CMSISv2p00_LPC17xx\Debug\libCMSISv2p00_LPC17xx.a(system_LPC17xx.o)

.debug_aranges  0x00000000     0x1680
 .debug_aranges
                0x00000000       0x80 ./src/EBN_Core/EBN.o
 .debug_aranges
                0x00000080       0x48 ./src/EBN_Core/bget.o
 .debug_aranges
                0x000000c8      0x128 ./src/EBN_Core/ecc.o
 .debug_aranges
                0x000001f0       0xe8 ./src/EBN_Core/galois.o
 .debug_aranges
                0x000002d8      0x100 ./src/EBN_Core/jerasure.o
 .debug_aranges
                0x000003d8       0x30 ./src/EBN_Core/mem.o
 .debug_aranges
                0x00000408       0x40 ./src/EBN_Core/random.o
 .debug_aranges
                0x00000448       0x50 ./src/EBN_Core/reed_sol.o
 .debug_aranges
                0x00000498       0x28 ./src/BT_Stack/Drivers/SimpleCache.o
 .debug_aranges
                0x000004c0       0x80 ./src/BT_Stack/Drivers/lpc17xx_adc.o
 .debug_aranges
                0x00000540       0x58 ./src/BT_Stack/Drivers/lpc17xx_clkpwr.o
 .debug_aranges
                0x00000598       0x20 ./src/BT_Stack/Drivers/lpc17xx_libcfg_default.o
 .debug_aranges
                0x000005b8       0x48 ./src/BT_Stack/Drivers/lpc17xx_pinsel.o
 .debug_aranges
                0x00000600       0xa8 ./src/BT_Stack/Drivers/lpc17xx_ssp.o
 .debug_aranges
                0x000006a8       0x98 ./src/BT_Stack/Drivers/lpc17xx_timer.o
 .debug_aranges
                0x00000740      0x100 ./src/BT_Stack/Drivers/lpc17xx_uart.o
 .debug_aranges
                0x00000840       0x40 ./src/BT_Stack/Drivers/sd.o
 .debug_aranges
                0x00000880      0x178 ./src/BT_Stack/att.o
 .debug_aranges
                0x000009f8       0xb0 ./src/BT_Stack/btstack_memory.o
 .debug_aranges
                0x00000aa8       0x40 ./src/BT_Stack/hal_cpu.o
 .debug_aranges
                0x00000ae8       0x48 ./src/BT_Stack/hal_tick.o
 .debug_aranges
                0x00000b30       0x70 ./src/BT_Stack/hal_uart_dma.o
 .debug_aranges
                0x00000ba0      0x1a0 ./src/BT_Stack/hci.o
 .debug_aranges
                0x00000d40       0x28 ./src/BT_Stack/hci_cmds.o
 .debug_aranges
                0x00000d68       0x38 ./src/BT_Stack/hci_dump.o
 .debug_aranges
                0x00000da0       0x80 ./src/BT_Stack/hci_transport_h4_dma.o
 .debug_aranges
                0x00000e20      0x188 ./src/BT_Stack/l2cap.o
 .debug_aranges
                0x00000fa8       0x30 ./src/BT_Stack/l2cap_signaling.o
 .debug_aranges
                0x00000fd8       0x50 ./src/BT_Stack/linked_list.o
 .debug_aranges
                0x00001028       0x30 ./src/BT_Stack/memory_pool.o
 .debug_aranges
                0x00001058       0x68 ./src/BT_Stack/remote_device_db_memory.o
 .debug_aranges
                0x000010c0      0x240 ./src/BT_Stack/rfcomm.o
 .debug_aranges
                0x00001300       0x68 ./src/BT_Stack/run_loop.o
 .debug_aranges
                0x00001368       0x78 ./src/BT_Stack/run_loop_embedded.o
 .debug_aranges
                0x000013e0      0x148 ./src/BT_Stack/sdp_util.o
 .debug_aranges
                0x00001528       0x78 ./src/BT_Stack/utils.o
 .debug_aranges
                0x000015a0       0x80 ./src/cr_startup_lpc176x.o
 .debug_aranges
                0x00001620       0x38 ./src/main.o
 .debug_aranges
                0x00001658       0x28 C:\Users\chuby\Dropbox\WorkSpace\CMSISv2p00_LPC17xx\Debug\libCMSISv2p00_LPC17xx.a(system_LPC17xx.o)

.debug_ranges   0x00000000     0x1530
 .debug_ranges  0x00000000       0x70 ./src/EBN_Core/EBN.o
 .debug_ranges  0x00000070       0x38 ./src/EBN_Core/bget.o
 .debug_ranges  0x000000a8      0x118 ./src/EBN_Core/ecc.o
 .debug_ranges  0x000001c0       0xd8 ./src/EBN_Core/galois.o
 .debug_ranges  0x00000298       0xf0 ./src/EBN_Core/jerasure.o
 .debug_ranges  0x00000388       0x20 ./src/EBN_Core/mem.o
 .debug_ranges  0x000003a8       0x30 ./src/EBN_Core/random.o
 .debug_ranges  0x000003d8       0x40 ./src/EBN_Core/reed_sol.o
 .debug_ranges  0x00000418       0x18 ./src/BT_Stack/Drivers/SimpleCache.o
 .debug_ranges  0x00000430       0x70 ./src/BT_Stack/Drivers/lpc17xx_adc.o
 .debug_ranges  0x000004a0       0x48 ./src/BT_Stack/Drivers/lpc17xx_clkpwr.o
 .debug_ranges  0x000004e8       0x10 ./src/BT_Stack/Drivers/lpc17xx_libcfg_default.o
 .debug_ranges  0x000004f8       0x38 ./src/BT_Stack/Drivers/lpc17xx_pinsel.o
 .debug_ranges  0x00000530       0x98 ./src/BT_Stack/Drivers/lpc17xx_ssp.o
 .debug_ranges  0x000005c8       0x88 ./src/BT_Stack/Drivers/lpc17xx_timer.o
 .debug_ranges  0x00000650       0xf0 ./src/BT_Stack/Drivers/lpc17xx_uart.o
 .debug_ranges  0x00000740       0x30 ./src/BT_Stack/Drivers/sd.o
 .debug_ranges  0x00000770      0x1b0 ./src/BT_Stack/att.o
 .debug_ranges  0x00000920       0xa0 ./src/BT_Stack/btstack_memory.o
 .debug_ranges  0x000009c0       0x30 ./src/BT_Stack/hal_cpu.o
 .debug_ranges  0x000009f0       0x38 ./src/BT_Stack/hal_tick.o
 .debug_ranges  0x00000a28       0x60 ./src/BT_Stack/hal_uart_dma.o
 .debug_ranges  0x00000a88      0x1a8 ./src/BT_Stack/hci.o
 .debug_ranges  0x00000c30       0x18 ./src/BT_Stack/hci_cmds.o
 .debug_ranges  0x00000c48       0x28 ./src/BT_Stack/hci_dump.o
 .debug_ranges  0x00000c70       0x70 ./src/BT_Stack/hci_transport_h4_dma.o
 .debug_ranges  0x00000ce0      0x1d8 ./src/BT_Stack/l2cap.o
 .debug_ranges  0x00000eb8       0x20 ./src/BT_Stack/l2cap_signaling.o
 .debug_ranges  0x00000ed8       0x40 ./src/BT_Stack/linked_list.o
 .debug_ranges  0x00000f18       0x20 ./src/BT_Stack/memory_pool.o
 .debug_ranges  0x00000f38       0x58 ./src/BT_Stack/remote_device_db_memory.o
 .debug_ranges  0x00000f90      0x230 ./src/BT_Stack/rfcomm.o
 .debug_ranges  0x000011c0       0x58 ./src/BT_Stack/run_loop.o
 .debug_ranges  0x00001218       0x98 ./src/BT_Stack/run_loop_embedded.o
 .debug_ranges  0x000012b0      0x168 ./src/BT_Stack/sdp_util.o
 .debug_ranges  0x00001418       0x68 ./src/BT_Stack/utils.o
 .debug_ranges  0x00001480       0x70 ./src/cr_startup_lpc176x.o
 .debug_ranges  0x000014f0       0x28 ./src/main.o
 .debug_ranges  0x00001518       0x18 C:\Users\chuby\Dropbox\WorkSpace\CMSISv2p00_LPC17xx\Debug\libCMSISv2p00_LPC17xx.a(system_LPC17xx.o)

.debug_line     0x00000000     0xe6b5
 .debug_line    0x00000000      0x4c1 ./src/EBN_Core/EBN.o
 .debug_line    0x000004c1      0x484 ./src/EBN_Core/bget.o
 .debug_line    0x00000945      0x82c ./src/EBN_Core/ecc.o
 .debug_line    0x00001171      0x6a4 ./src/EBN_Core/galois.o
 .debug_line    0x00001815      0xc36 ./src/EBN_Core/jerasure.o
 .debug_line    0x0000244b       0xc0 ./src/EBN_Core/mem.o
 .debug_line    0x0000250b      0x562 ./src/EBN_Core/random.o
 .debug_line    0x00002a6d      0x32b ./src/EBN_Core/reed_sol.o
 .debug_line    0x00002d98      0x39e ./src/BT_Stack/Drivers/SimpleCache.o
 .debug_line    0x00003136      0x615 ./src/BT_Stack/Drivers/lpc17xx_adc.o
 .debug_line    0x0000374b      0x4e7 ./src/BT_Stack/Drivers/lpc17xx_clkpwr.o
 .debug_line    0x00003c32      0x390 ./src/BT_Stack/Drivers/lpc17xx_libcfg_default.o
 .debug_line    0x00003fc2      0x47f ./src/BT_Stack/Drivers/lpc17xx_pinsel.o
 .debug_line    0x00004441      0x7a8 ./src/BT_Stack/Drivers/lpc17xx_ssp.o
 .debug_line    0x00004be9      0x7a3 ./src/BT_Stack/Drivers/lpc17xx_timer.o
 .debug_line    0x0000538c      0xb34 ./src/BT_Stack/Drivers/lpc17xx_uart.o
 .debug_line    0x00005ec0      0x577 ./src/BT_Stack/Drivers/sd.o
 .debug_line    0x00006437      0x8d9 ./src/BT_Stack/att.o
 .debug_line    0x00006d10      0x59e ./src/BT_Stack/btstack_memory.o
 .debug_line    0x000072ae      0x471 ./src/BT_Stack/hal_cpu.o
 .debug_line    0x0000771f      0x4a6 ./src/BT_Stack/hal_tick.o
 .debug_line    0x00007bc5      0x500 ./src/BT_Stack/hal_uart_dma.o
 .debug_line    0x000080c5      0xb1a ./src/BT_Stack/hci.o
 .debug_line    0x00008bdf      0x49e ./src/BT_Stack/hci_cmds.o
 .debug_line    0x0000907d      0x441 ./src/BT_Stack/hci_dump.o
 .debug_line    0x000094be      0x584 ./src/BT_Stack/hci_transport_h4_dma.o
 .debug_line    0x00009a42      0xab5 ./src/BT_Stack/l2cap.o
 .debug_line    0x0000a4f7      0x404 ./src/BT_Stack/l2cap_signaling.o
 .debug_line    0x0000a8fb      0x38b ./src/BT_Stack/linked_list.o
 .debug_line    0x0000ac86      0x3a3 ./src/BT_Stack/memory_pool.o
 .debug_line    0x0000b029      0x4f5 ./src/BT_Stack/remote_device_db_memory.o
 .debug_line    0x0000b51e      0xd9c ./src/BT_Stack/rfcomm.o
 .debug_line    0x0000c2ba      0x466 ./src/BT_Stack/run_loop.o
 .debug_line    0x0000c720      0x4f2 ./src/BT_Stack/run_loop_embedded.o
 .debug_line    0x0000cc12      0x7ca ./src/BT_Stack/sdp_util.o
 .debug_line    0x0000d3dc      0x46e ./src/BT_Stack/utils.o
 .debug_line    0x0000d84a      0x3d5 ./src/cr_startup_lpc176x.o
 .debug_line    0x0000dc1f      0x691 ./src/main.o
 .debug_line    0x0000e2b0      0x405 C:\Users\chuby\Dropbox\WorkSpace\CMSISv2p00_LPC17xx\Debug\libCMSISv2p00_LPC17xx.a(system_LPC17xx.o)

.debug_macinfo  0x00000000    0xf17b3
 .debug_macinfo
                0x00000000     0x3f6e ./src/EBN_Core/EBN.o
 .debug_macinfo
                0x00003f6e     0x2d46 ./src/EBN_Core/bget.o
 .debug_macinfo
                0x00006cb4     0x4640 ./src/EBN_Core/ecc.o
 .debug_macinfo
                0x0000b2f4     0x23aa ./src/EBN_Core/galois.o
 .debug_macinfo
                0x0000d69e     0x23b7 ./src/EBN_Core/jerasure.o
 .debug_macinfo
                0x0000fa55     0x2318 ./src/EBN_Core/mem.o
 .debug_macinfo
                0x00011d6d     0x91dd ./src/EBN_Core/random.o
 .debug_macinfo
                0x0001af4a     0x23de ./src/EBN_Core/reed_sol.o
 .debug_macinfo
                0x0001d328     0x3f2f ./src/BT_Stack/Drivers/SimpleCache.o
 .debug_macinfo
                0x00021257     0xa098 ./src/BT_Stack/Drivers/lpc17xx_adc.o
 .debug_macinfo
                0x0002b2ef     0x9763 ./src/BT_Stack/Drivers/lpc17xx_clkpwr.o
 .debug_macinfo
                0x00034a52     0x401b ./src/BT_Stack/Drivers/lpc17xx_libcfg_default.o
 .debug_macinfo
                0x00038a6d     0x8914 ./src/BT_Stack/Drivers/lpc17xx_pinsel.o
 .debug_macinfo
                0x00041381     0xaa1b ./src/BT_Stack/Drivers/lpc17xx_ssp.o
 .debug_macinfo
                0x0004bd9c     0xa629 ./src/BT_Stack/Drivers/lpc17xx_timer.o
 .debug_macinfo
                0x000563c5     0xb6cf ./src/BT_Stack/Drivers/lpc17xx_uart.o
 .debug_macinfo
                0x00061a94     0x9856 ./src/BT_Stack/Drivers/sd.o
 .debug_macinfo
                0x0006b2ea     0x466d ./src/BT_Stack/att.o
 .debug_macinfo
                0x0006f957     0x6408 ./src/BT_Stack/btstack_memory.o
 .debug_macinfo
                0x00075d5f     0x9767 ./src/BT_Stack/hal_cpu.o
 .debug_macinfo
                0x0007f4c6     0x8ce1 ./src/BT_Stack/hal_tick.o
 .debug_macinfo
                0x000881a7     0x9cc6 ./src/BT_Stack/hal_uart_dma.o
 .debug_macinfo
                0x00091e6d     0x667b ./src/BT_Stack/hci.o
 .debug_macinfo
                0x000984e8     0x661a ./src/BT_Stack/hci_cmds.o
 .debug_macinfo
                0x0009eb02     0x61f7 ./src/BT_Stack/hci_dump.o
 .debug_macinfo
                0x000a4cf9     0x64e0 ./src/BT_Stack/hci_transport_h4_dma.o
 .debug_macinfo
                0x000ab1d9     0x67ad ./src/BT_Stack/l2cap.o
 .debug_macinfo
                0x000b1986     0x5487 ./src/BT_Stack/l2cap_signaling.o
 .debug_macinfo
                0x000b6e0d     0x297c ./src/BT_Stack/linked_list.o
 .debug_macinfo
                0x000b9789     0x2984 ./src/BT_Stack/memory_pool.o
 .debug_macinfo
                0x000bc10d     0x478f ./src/BT_Stack/remote_device_db_memory.o
 .debug_macinfo
                0x000c089c     0x69a4 ./src/BT_Stack/rfcomm.o
 .debug_macinfo
                0x000c7240     0x44a5 ./src/BT_Stack/run_loop.o
 .debug_macinfo
                0x000cb6e5     0x4340 ./src/BT_Stack/run_loop_embedded.o
 .debug_macinfo
                0x000cfa25     0x499d ./src/BT_Stack/sdp_util.o
 .debug_macinfo
                0x000d43c2     0x482e ./src/BT_Stack/utils.o
 .debug_macinfo
                0x000d8bf0     0x3d45 ./src/cr_startup_lpc176x.o
 .debug_macinfo
                0x000dc935     0xc94d ./src/main.o
 .debug_macinfo
                0x000e9282     0x8531 C:\Users\chuby\Dropbox\WorkSpace\CMSISv2p00_LPC17xx\Debug\libCMSISv2p00_LPC17xx.a(system_LPC17xx.o)

.debug_str      0x00000000     0x8117
 .debug_str     0x00000000      0x35e ./src/EBN_Core/EBN.o
                                0x3b0 (size before relaxing)
 .debug_str     0x0000035e      0x114 ./src/EBN_Core/bget.o
                                0x1aa (size before relaxing)
 .debug_str     0x00000472      0x374 ./src/EBN_Core/ecc.o
                                0x47c (size before relaxing)
 .debug_str     0x000007e6      0x344 ./src/EBN_Core/galois.o
                                0x422 (size before relaxing)
 .debug_str     0x00000b2a      0x4db ./src/EBN_Core/jerasure.o
                                0x617 (size before relaxing)
 .debug_str     0x00001005       0x35 ./src/EBN_Core/mem.o
                                 0xcb (size before relaxing)
 .debug_str     0x0000103a      0x5f4 ./src/EBN_Core/random.o
                                0x736 (size before relaxing)
 .debug_str     0x0000162e      0x15d ./src/EBN_Core/reed_sol.o
                                0x23e (size before relaxing)
 .debug_str     0x0000178b       0x43 ./src/BT_Stack/Drivers/SimpleCache.o
                                0x15d (size before relaxing)
 .debug_str     0x000017ce      0x19b ./src/BT_Stack/Drivers/lpc17xx_adc.o
                                0x4e0 (size before relaxing)
 .debug_str     0x00001969      0x252 ./src/BT_Stack/Drivers/lpc17xx_clkpwr.o
                                0x3cd (size before relaxing)
 .debug_str     0x00001bbb       0x43 ./src/BT_Stack/Drivers/lpc17xx_libcfg_default.o
                                0x154 (size before relaxing)
 .debug_str     0x00001bfe      0x147 ./src/BT_Stack/Drivers/lpc17xx_pinsel.o
                                0x3a6 (size before relaxing)
 .debug_str     0x00001d45      0x29f ./src/BT_Stack/Drivers/lpc17xx_ssp.o
                                0x434 (size before relaxing)
 .debug_str     0x00001fe4      0x451 ./src/BT_Stack/Drivers/lpc17xx_timer.o
                                0x5d4 (size before relaxing)
 .debug_str     0x00002435      0x99c ./src/BT_Stack/Drivers/lpc17xx_uart.o
                                0xba3 (size before relaxing)
 .debug_str     0x00002dd1      0x1db ./src/BT_Stack/Drivers/sd.o
                                0x47f (size before relaxing)
 .debug_str     0x00002fac      0x619 ./src/BT_Stack/att.o
                                0x7c8 (size before relaxing)
 .debug_str     0x000035c5      0x637 ./src/BT_Stack/btstack_memory.o
                                0x7be (size before relaxing)
 .debug_str     0x00003bfc       0x92 ./src/BT_Stack/hal_cpu.o
                                0x42d (size before relaxing)
 .debug_str     0x00003c8e       0x88 ./src/BT_Stack/hal_tick.o
                                0x608 (size before relaxing)
 .debug_str     0x00003d16      0x19b ./src/BT_Stack/hal_uart_dma.o
                                0x655 (size before relaxing)
 .debug_str     0x00003eb1      0x95e ./src/BT_Stack/hci.o
                                0xef0 (size before relaxing)
 .debug_str     0x0000480f      0xa53 ./src/BT_Stack/hci_cmds.o
                                0xd12 (size before relaxing)
 .debug_str     0x00005262       0xa5 ./src/BT_Stack/hci_dump.o
                                0x1ce (size before relaxing)
 .debug_str     0x00005307      0x23c ./src/BT_Stack/hci_transport_h4_dma.o
                                0x487 (size before relaxing)
 .debug_str     0x00005543      0xb32 ./src/BT_Stack/l2cap.o
                               0x107f (size before relaxing)
 .debug_str     0x00006075       0x94 ./src/BT_Stack/l2cap_signaling.o
                                0x2eb (size before relaxing)
 .debug_str     0x00006109       0xb5 ./src/BT_Stack/linked_list.o
                                0x1bf (size before relaxing)
 .debug_str     0x000061be       0x7d ./src/BT_Stack/memory_pool.o
                                0x169 (size before relaxing)
 .debug_str     0x0000623b       0xec ./src/BT_Stack/remote_device_db_memory.o
                                0x33d (size before relaxing)
 .debug_str     0x00006327     0x10c2 ./src/BT_Stack/rfcomm.o
                               0x140d (size before relaxing)
 .debug_str     0x000073e9      0x160 ./src/BT_Stack/run_loop.o
                                0x338 (size before relaxing)
 .debug_str     0x00007549      0x169 ./src/BT_Stack/run_loop_embedded.o
                                0x36d (size before relaxing)
 .debug_str     0x000076b2      0x749 ./src/BT_Stack/sdp_util.o
                                0x958 (size before relaxing)
 .debug_str     0x00007dfb       0xbe ./src/BT_Stack/utils.o
                                0x220 (size before relaxing)
 .debug_str     0x00007eb9      0x172 ./src/cr_startup_lpc176x.o
                                0x273 (size before relaxing)
 .debug_str     0x0000802b       0x7c ./src/main.o
                                0x530 (size before relaxing)
 .debug_str     0x000080a7       0x70 C:\Users\chuby\Dropbox\WorkSpace\CMSISv2p00_LPC17xx\Debug\libCMSISv2p00_LPC17xx.a(system_LPC17xx.o)
                                0x2aa (size before relaxing)

.comment        0x00000000       0xe0
 .comment       0x00000000       0x70 ./src/EBN_Core/EBN.o
                                 0x71 (size before relaxing)
 .comment       0x00000000       0x71 ./src/EBN_Core/bget.o
 .comment       0x00000000       0x71 ./src/EBN_Core/ecc.o
 .comment       0x00000000       0x71 ./src/EBN_Core/galois.o
 .comment       0x00000000       0x71 ./src/EBN_Core/jerasure.o
 .comment       0x00000000       0x71 ./src/EBN_Core/mem.o
 .comment       0x00000000       0x71 ./src/EBN_Core/random.o
 .comment       0x00000000       0x71 ./src/EBN_Core/reed_sol.o
 .comment       0x00000000       0x71 ./src/BT_Stack/Drivers/SimpleCache.o
 .comment       0x00000000       0x71 ./src/BT_Stack/Drivers/lpc17xx_adc.o
 .comment       0x00000000       0x71 ./src/BT_Stack/Drivers/lpc17xx_clkpwr.o
 .comment       0x00000000       0x71 ./src/BT_Stack/Drivers/lpc17xx_libcfg_default.o
 .comment       0x00000000       0x71 ./src/BT_Stack/Drivers/lpc17xx_pinsel.o
 .comment       0x00000000       0x71 ./src/BT_Stack/Drivers/lpc17xx_ssp.o
 .comment       0x00000000       0x71 ./src/BT_Stack/Drivers/lpc17xx_timer.o
 .comment       0x00000000       0x71 ./src/BT_Stack/Drivers/lpc17xx_uart.o
 .comment       0x00000000       0x71 ./src/BT_Stack/Drivers/sd.o
 .comment       0x00000000       0x71 ./src/BT_Stack/att.o
 .comment       0x00000000       0x71 ./src/BT_Stack/btstack_memory.o
 .comment       0x00000000       0x71 ./src/BT_Stack/hal_cpu.o
 .comment       0x00000000       0x71 ./src/BT_Stack/hal_tick.o
 .comment       0x00000000       0x71 ./src/BT_Stack/hal_uart_dma.o
 .comment       0x00000000       0x71 ./src/BT_Stack/hci.o
 .comment       0x00000000       0x71 ./src/BT_Stack/hci_cmds.o
 .comment       0x00000000       0x71 ./src/BT_Stack/hci_dump.o
 .comment       0x00000000       0x71 ./src/BT_Stack/hci_transport_h4_dma.o
 .comment       0x00000000       0x71 ./src/BT_Stack/l2cap.o
 .comment       0x00000000       0x71 ./src/BT_Stack/l2cap_signaling.o
 .comment       0x00000000       0x71 ./src/BT_Stack/linked_list.o
 .comment       0x00000000       0x71 ./src/BT_Stack/memory_pool.o
 .comment       0x00000000       0x71 ./src/BT_Stack/remote_device_db_memory.o
 .comment       0x00000000       0x71 ./src/BT_Stack/rfcomm.o
 .comment       0x00000000       0x71 ./src/BT_Stack/run_loop.o
 .comment       0x00000000       0x71 ./src/BT_Stack/run_loop_embedded.o
 .comment       0x00000000       0x71 ./src/BT_Stack/sdp_util.o
 .comment       0x00000000       0x71 ./src/BT_Stack/utils.o
 .comment       0x00000000       0x71 ./src/cr_startup_lpc176x.o
 .comment       0x00000000       0x71 ./src/main.o