Archive member included because of file (symbol)

C:\Users\chuby\Dropbox\WorkSpace\CMSISv2p00_LPC17xx\Debug\libCMSISv2p00_LPC17xx.a(system_LPC17xx.o)
                              ./src/cr_startup_lpc176x.o (SystemInit)
c:/nxp/lpcxpresso_5.2.4_2122/lpcxpresso/tools/bin/../lib/gcc/arm-none-eabi/4.6.2/../../../../arm-none-eabi/lib/armv7-m\libcr_semihost.a(_cr__main.o)
                              ./src/cr_startup_lpc176x.o (__main)
c:/nxp/lpcxpresso_5.2.4_2122/lpcxpresso/tools/bin/../lib/gcc/arm-none-eabi/4.6.2/../../../../arm-none-eabi/lib/armv7-m\libcr_c.a(memcpy.o)
                              ./src/BT_Stack/att.o (memcpy)
c:/nxp/lpcxpresso_5.2.4_2122/lpcxpresso/tools/bin/../lib/gcc/arm-none-eabi/4.6.2/../../../../arm-none-eabi/lib/armv7-m\libcr_c.a(memset.o)
                              ./src/BT_Stack/hci_cmds.o (memset)
c:/nxp/lpcxpresso_5.2.4_2122/lpcxpresso/tools/bin/../lib/gcc/arm-none-eabi/4.6.2/../../../../arm-none-eabi/lib/armv7-m\libcr_c.a(fpprintf.o)
                              ./src/BT_Stack/utils.o (sprintf)
c:/nxp/lpcxpresso_5.2.4_2122/lpcxpresso/tools/bin/../lib/gcc/arm-none-eabi/4.6.2/../../../../arm-none-eabi/lib/armv7-m\libcr_c.a(initio.o)
                              c:/nxp/lpcxpresso_5.2.4_2122/lpcxpresso/tools/bin/../lib/gcc/arm-none-eabi/4.6.2/../../../../arm-none-eabi/lib/armv7-m\libcr_semihost.a(_cr__main.o) (_initio)
c:/nxp/lpcxpresso_5.2.4_2122/lpcxpresso/tools/bin/../lib/gcc/arm-none-eabi/4.6.2/../../../../arm-none-eabi/lib/armv7-m\libcr_c.a(memcmp.o)
                              ./src/BT_Stack/att.o (memcmp)
c:/nxp/lpcxpresso_5.2.4_2122/lpcxpresso/tools/bin/../lib/gcc/arm-none-eabi/4.6.2/../../../../arm-none-eabi/lib/armv7-m\libcr_c.a(printf.o)
                              c:/nxp/lpcxpresso_5.2.4_2122/lpcxpresso/tools/bin/../lib/gcc/arm-none-eabi/4.6.2/../../../../arm-none-eabi/lib/armv7-m\libcr_c.a(fpprintf.o) (__vfprintf)
c:/nxp/lpcxpresso_5.2.4_2122/lpcxpresso/tools/bin/../lib/gcc/arm-none-eabi/4.6.2/../../../../arm-none-eabi/lib/armv7-m\libcr_c.a(setvbuf.o)
                              c:/nxp/lpcxpresso_5.2.4_2122/lpcxpresso/tools/bin/../lib/gcc/arm-none-eabi/4.6.2/../../../../arm-none-eabi/lib/armv7-m\libcr_c.a(initio.o) (setvbuf)
c:/nxp/lpcxpresso_5.2.4_2122/lpcxpresso/tools/bin/../lib/gcc/arm-none-eabi/4.6.2/../../../../arm-none-eabi/lib/armv7-m\libcr_c.a(stdio.o)
                              c:/nxp/lpcxpresso_5.2.4_2122/lpcxpresso/tools/bin/../lib/gcc/arm-none-eabi/4.6.2/../../../../arm-none-eabi/lib/armv7-m\libcr_c.a(fpprintf.o) (__Ciob)
c:/nxp/lpcxpresso_5.2.4_2122/lpcxpresso/tools/bin/../lib/gcc/arm-none-eabi/4.6.2/../../../../arm-none-eabi/lib/armv7-m\libcr_c.a(strlen.o)
                              ./src/BT_Stack/hci_cmds.o (strlen)
c:/nxp/lpcxpresso_5.2.4_2122/lpcxpresso/tools/bin/../lib/gcc/arm-none-eabi/4.6.2/../../../../arm-none-eabi/lib/armv7-m\libcr_c.a(strncmp.o)
                              ./src/BT_Stack/remote_device_db_memory.o (strncmp)
c:/nxp/lpcxpresso_5.2.4_2122/lpcxpresso/tools/bin/../lib/gcc/arm-none-eabi/4.6.2/../../../../arm-none-eabi/lib/armv7-m\libcr_c.a(strncpy.o)
                              ./src/BT_Stack/remote_device_db_memory.o (strncpy)
c:/nxp/lpcxpresso_5.2.4_2122/lpcxpresso/tools/bin/../lib/gcc/arm-none-eabi/4.6.2/../../../../arm-none-eabi/lib/armv7-m\libcr_c.a(__fillbuf.o)
                              c:/nxp/lpcxpresso_5.2.4_2122/lpcxpresso/tools/bin/../lib/gcc/arm-none-eabi/4.6.2/../../../../arm-none-eabi/lib/armv7-m\libcr_c.a(stdio.o) (__filbuf)
c:/nxp/lpcxpresso_5.2.4_2122/lpcxpresso/tools/bin/../lib/gcc/arm-none-eabi/4.6.2/../../../../arm-none-eabi/lib/armv7-m\libcr_c.a(_deferredlazyseek.o)
                              c:/nxp/lpcxpresso_5.2.4_2122/lpcxpresso/tools/bin/../lib/gcc/arm-none-eabi/4.6.2/../../../../arm-none-eabi/lib/armv7-m\libcr_c.a(__fillbuf.o) (_deferredlazyseek)
c:/nxp/lpcxpresso_5.2.4_2122/lpcxpresso/tools/bin/../lib/gcc/arm-none-eabi/4.6.2/../../../../arm-none-eabi/lib/armv7-m\libcr_c.a(_fdopen.o)
                              c:/nxp/lpcxpresso_5.2.4_2122/lpcxpresso/tools/bin/../lib/gcc/arm-none-eabi/4.6.2/../../../../arm-none-eabi/lib/armv7-m\libcr_c.a(initio.o) (_fdopen)
c:/nxp/lpcxpresso_5.2.4_2122/lpcxpresso/tools/bin/../lib/gcc/arm-none-eabi/4.6.2/../../../../arm-none-eabi/lib/armv7-m\libcr_c.a(_fflush.o)
                              c:/nxp/lpcxpresso_5.2.4_2122/lpcxpresso/tools/bin/../lib/gcc/arm-none-eabi/4.6.2/../../../../arm-none-eabi/lib/armv7-m\libcr_c.a(__fillbuf.o) (_fflush)
c:/nxp/lpcxpresso_5.2.4_2122/lpcxpresso/tools/bin/../lib/gcc/arm-none-eabi/4.6.2/../../../../arm-none-eabi/lib/armv7-m\libcr_c.a(_frexpl.o)
                              c:/nxp/lpcxpresso_5.2.4_2122/lpcxpresso/tools/bin/../lib/gcc/arm-none-eabi/4.6.2/../../../../arm-none-eabi/lib/armv7-m\libcr_c.a(fpprintf.o) (_frexpl)
c:/nxp/lpcxpresso_5.2.4_2122/lpcxpresso/tools/bin/../lib/gcc/arm-none-eabi/4.6.2/../../../../arm-none-eabi/lib/armv7-m\libcr_c.a(_ldexpl.o)
[...]
Memory Configuration

Name             Origin             Length             Attributes
MFlash512        0x00000000         0x00080000         xr
RamLoc32         0x10000000         0x00008000         xrw
RamAHB32         0x2007c000         0x00008000         xrw
*default*        0x00000000         0xffffffff

Linker script and memory map

LOAD ./src/BT_Stack/Drivers/lpc17xx_clkpwr.o
LOAD ./src/BT_Stack/Drivers/lpc17xx_libcfg_default.o
LOAD ./src/BT_Stack/Drivers/lpc17xx_pinsel.o
LOAD ./src/BT_Stack/Drivers/lpc17xx_timer.o
LOAD ./src/BT_Stack/Drivers/lpc17xx_uart.o
LOAD ./src/BT_Stack/att.o
LOAD ./src/BT_Stack/btstack_memory.o
LOAD ./src/BT_Stack/hal_cpu.o
LOAD ./src/BT_Stack/hal_tick.o
LOAD ./src/BT_Stack/hal_uart_dma.o
LOAD ./src/BT_Stack/hci.o
LOAD ./src/BT_Stack/hci_cmds.o
LOAD ./src/BT_Stack/hci_dump.o
LOAD ./src/BT_Stack/hci_transport_h4_dma.o
LOAD ./src/BT_Stack/l2cap.o
LOAD ./src/BT_Stack/l2cap_signaling.o
LOAD ./src/BT_Stack/linked_list.o
LOAD ./src/BT_Stack/memory_pool.o
LOAD ./src/BT_Stack/remote_device_db_memory.o
LOAD ./src/BT_Stack/rfcomm.o
LOAD ./src/BT_Stack/run_loop.o
LOAD ./src/BT_Stack/run_loop_embedded.o
LOAD ./src/BT_Stack/sdp_util.o
LOAD ./src/BT_Stack/utils.o
LOAD ./src/cr_startup_lpc176x.o
LOAD ./src/main.o
LOAD C:\Users\chuby\Dropbox\WorkSpace\CMSISv2p00_LPC17xx\Debug\libCMSISv2p00_LPC17xx.a
START GROUP
LOAD c:/nxp/lpcxpresso_5.2.4_2122/lpcxpresso/tools/bin/../lib/gcc/arm-none-eabi/4.6.2/../../../../arm-none-eabi/lib/armv7-m\libcr_semihost.a
LOAD c:/nxp/lpcxpresso_5.2.4_2122/lpcxpresso/tools/bin/../lib/gcc/arm-none-eabi/4.6.2/../../../../arm-none-eabi/lib/armv7-m\libcr_c.a
LOAD c:/nxp/lpcxpresso_5.2.4_2122/lpcxpresso/tools/bin/../lib/gcc/arm-none-eabi/4.6.2/armv7-m\libcr_eabihelpers.a
END GROUP
                0x00080000                __top_MFlash512 = 0x80000
                0x10008000                __top_RamLoc32 = 0x10008000
                0x20084000                __top_RamAHB32 = 0x20084000

.text           0x00000000     0x8948
 FILL mask 0xff
                0x00000000                __vectors_start__ = ABSOLUTE (.)
 *(.isr_vector)
 .isr_vector    0x00000000       0xcc ./src/cr_startup_lpc176x.o
                0x00000000                g_pfnVectors
                0x000000cc                . = ALIGN (0x4)
                0x000000cc                __section_table_start = .
                0x000000cc                __data_section_table = .
                0x000000cc        0x4 LONG 0x8948 LOADADDR (.data)
                0x000000d0        0x4 LONG 0x10000000 ADDR (.data)
                0x000000d4        0x4 LONG 0x44 SIZEOF (.data)
                0x000000d8        0x4 LONG 0x8948 LOADADDR (.data_RAM2)
                0x000000dc        0x4 LONG 0x2007c000 ADDR (.data_RAM2)
                0x000000e0        0x4 LONG 0x0 SIZEOF (.data_RAM2)
                0x000000e4                __data_section_table_end = .
                0x000000e4                __bss_section_table = .
                0x000000e4        0x4 LONG 0x10000044 ADDR (.bss)
                0x000000e8        0x4 LONG 0x4c0 SIZEOF (.bss)
                0x000000ec        0x4 LONG 0x2007c000 ADDR (.bss_RAM2)
                0x000000f0        0x4 LONG 0x0 SIZEOF (.bss_RAM2)
                0x000000f4                __bss_section_table_end = .
                0x000000f4                __section_table_end = .
 *(.after_vectors*)
 .after_vectors
                0x000000f4       0x78 ./src/cr_startup_lpc176x.o
                0x000000f4                NMI_Handler
                0x000000f6                HardFault_Handler
                0x000000f8                MemManage_Handler
                0x000000fa                BusFault_Handler
                0x000000fc                UsageFault_Handler
                0x000000fe                SVC_Handler
                0x00000100                DebugMon_Handler
                0x00000102                PendSV_Handler
                0x00000104                SysTick_Handler
                0x00000106                data_init
                0x00000118                bss_init
                0x00000128                ResetISR
                0x00000168                EINT3_IRQHandler
                0x00000168                CANActivity_IRQHandler
                0x00000168                TIMER3_IRQHandler
                0x00000168                UART0_IRQHandler
                0x00000168                EINT2_IRQHandler
                0x00000168                I2C1_IRQHandler
                0x00000168                IntDefaultHandler
                0x00000168                PLL0_IRQHandler
                0x00000168                PWM1_IRQHandler
                0x00000168                PLL1_IRQHandler
                0x00000168                SSP0_IRQHandler
                0x00000168                I2S_IRQHandler
                0x00000168                I2C2_IRQHandler
                0x00000168                RTC_IRQHandler
                0x00000168                SPI_IRQHandler
                0x00000168                USBActivity_IRQHandler
                0x00000168                EINT1_IRQHandler
                0x00000168                TIMER1_IRQHandler
                0x00000168                UART2_IRQHandler
                0x00000168                ADC_IRQHandler
                0x00000168                SSP1_IRQHandler
                0x00000168                USB_IRQHandler
                0x00000168                BOD_IRQHandler
                0x00000168                I2C0_IRQHandler
                0x00000168                WDT_IRQHandler
                0x00000168                RIT_IRQHandler
                0x00000168                QEI_IRQHandler
                0x00000168                EINT0_IRQHandler
                0x00000168                CAN_IRQHandler
                0x00000168                DMA_IRQHandler
                0x00000168                TIMER2_IRQHandler
                0x00000168                UART3_IRQHandler
                0x00000168                MCPWM_IRQHandler
                0x00000168                ENET_IRQHandler
                0x000002fc                . = 0x2fc
 *fill*         0x0000016c      0x190 ff
                0x000002fc                PROVIDE (__CRP_WORD_START__, .)
 *(.crp)
 .crp           0x000002fc        0x4 ./src/main.o
                0x000002fc                CRP_WORD
                0x00000300                PROVIDE (__CRP_WORD_END__, .)
                0x00000001                ASSERT (! ((__CRP_WORD_START__ == __CRP_WORD_END__)), Linker CRP Enabled, but no CRP_WORD provided within application)
 *(.text*)
 .text.CLKPWR_SetPCLKDiv
                0x00000300       0xcc ./src/BT_Stack/Drivers/lpc17xx_clkpwr.o
                0x00000300                CLKPWR_SetPCLKDiv
 .text.CLKPWR_GetPCLKSEL
                0x000003cc       0x54 ./src/BT_Stack/Drivers/lpc17xx_clkpwr.o
                0x000003cc                CLKPWR_GetPCLKSEL
 .text.CLKPWR_GetPCLK
                0x00000420       0x74 ./src/BT_Stack/Drivers/lpc17xx_clkpwr.o
                0x00000420                CLKPWR_GetPCLK
 .text.CLKPWR_ConfigPPWR
                0x00000494       0x78 ./src/BT_Stack/Drivers/lpc17xx_clkpwr.o
                0x00000494                CLKPWR_ConfigPPWR
 .text.CLKPWR_Sleep
                0x0000050c       0x1c ./src/BT_Stack/Drivers/lpc17xx_clkpwr.o
                0x0000050c                CLKPWR_Sleep
 .text.check_failed
                0x00000528        0xc ./src/BT_Stack/Drivers/lpc17xx_libcfg_default.o
                0x00000528                check_failed
 .text.set_PinFunc
                0x00000534       0x9c ./src/BT_Stack/Drivers/lpc17xx_pinsel.o
                0x00000534                set_PinFunc
 .text.getPClock
                0x000005d0       0x68 ./src/BT_Stack/Drivers/lpc17xx_timer.o
 .text.converUSecToVal
                0x00000638       0x64 ./src/BT_Stack/Drivers/lpc17xx_timer.o
 .text.converPtrToTimeNum
                0x0000069c       0x6c ./src/BT_Stack/Drivers/lpc17xx_timer.o
 .text.TIM_ClearIntPending
                0x00000708       0xa0 ./src/BT_Stack/Drivers/lpc17xx_timer.o
                0x00000708                TIM_ClearIntPending
 .text.TIM_Init
                0x000007a8      0x1cc ./src/BT_Stack/Drivers/lpc17xx_timer.o
                0x000007a8                TIM_Init
 .text.TIM_Cmd  0x00000974       0x78 ./src/BT_Stack/Drivers/lpc17xx_timer.o
                0x00000974                TIM_Cmd
 .text.TIM_ResetCounter
                0x000009ec       0x6c ./src/BT_Stack/Drivers/lpc17xx_timer.o
                0x000009ec                TIM_ResetCounter
 .text.TIM_ConfigMatch
                0x00000a58      0x1cc ./src/BT_Stack/Drivers/lpc17xx_timer.o
                0x00000a58                TIM_ConfigMatch
 .text.uart_set_divisors
                0x00000c24      0x26c ./src/BT_Stack/Drivers/lpc17xx_uart.o
 .text.UART_Init
                0x00000e90      0x3a8 ./src/BT_Stack/Drivers/lpc17xx_uart.o
                0x00000e90                UART_Init
 .text.UART_ConfigStructInit
                0x00001238       0x34 ./src/BT_Stack/Drivers/lpc17xx_uart.o
                0x00001238                UART_ConfigStructInit
 .text.UART_SendByte
                0x0000126c       0x78 ./src/BT_Stack/Drivers/lpc17xx_uart.o
                0x0000126c                UART_SendByte
 .text.UART_ReceiveByte
                0x000012e4       0x78 ./src/BT_Stack/Drivers/lpc17xx_uart.o
                0x000012e4                UART_ReceiveByte
 .text.UART_Send
                0x0000135c      0x10c ./src/BT_Stack/Drivers/lpc17xx_uart.o
                0x0000135c                UART_Send
 .text.UART_IntConfig
                0x00001468      0x1d0 ./src/BT_Stack/Drivers/lpc17xx_uart.o
                0x00001468                UART_IntConfig
 .text.UART_FIFOConfig
                0x00001638      0x184 ./src/BT_Stack/Drivers/lpc17xx_uart.o
                0x00001638                UART_FIFOConfig
 .text.UART_FIFOConfigStructInit
                0x000017bc       0x34 ./src/BT_Stack/Drivers/lpc17xx_uart.o
                0x000017bc                UART_FIFOConfigStructInit
 .text.UART_TxCmd
                0x000017f0       0xe8 ./src/BT_Stack/Drivers/lpc17xx_uart.o
                0x000017f0                UART_TxCmd
 .text.UART_FullModemForcePinState
                0x000018d8       0xcc ./src/BT_Stack/Drivers/lpc17xx_uart.o
                0x000018d8                UART_FullModemForcePinState
 .text.btstack_memory_hci_connection_get
                0x000019a4       0x18 ./src/BT_Stack/btstack_memory.o
                0x000019a4                btstack_memory_hci_connection_get
 .text.btstack_memory_hci_connection_free
                0x000019bc       0x20 ./src/BT_Stack/btstack_memory.o
                0x000019bc                btstack_memory_hci_connection_free
 .text.btstack_memory_db_mem_device_name_get
                0x000019dc       0x10 ./src/BT_Stack/btstack_memory.o
                0x000019dc                btstack_memory_db_mem_device_name_get
 .text.btstack_memory_db_mem_device_name_free
                0x000019ec       0x14 ./src/BT_Stack/btstack_memory.o
                0x000019ec                btstack_memory_db_mem_device_name_free
 .text.btstack_memory_db_mem_device_link_key_get
                0x00001a00       0x18 ./src/BT_Stack/btstack_memory.o
                0x00001a00                btstack_memory_db_mem_device_link_key_get
 .text.btstack_memory_db_mem_device_link_key_free
                0x00001a18       0x20 ./src/BT_Stack/btstack_memory.o
                0x00001a18                btstack_memory_db_mem_device_link_key_free
 .text.btstack_memory_db_mem_service_get
                0x00001a38       0x10 ./src/BT_Stack/btstack_memory.o
                0x00001a38                btstack_memory_db_mem_service_get
 .text.btstack_memory_init
                0x00001a48       0x40 ./src/BT_Stack/btstack_memory.o
                0x00001a48                btstack_memory_init
 .text.NVIC_EnableIRQ
                0x00001a88       0x38 ./src/BT_Stack/hal_cpu.o
 .text.hal_cpu_enable_irqs
                0x00001ac0       0x20 ./src/BT_Stack/hal_cpu.o
                0x00001ac0                hal_cpu_enable_irqs
 .text.hal_cpu_disable_irqs
                0x00001ae0        0xc ./src/BT_Stack/hal_cpu.o
                0x00001ae0                hal_cpu_disable_irqs
 .text.hal_cpu_enable_irqs_and_sleep
                0x00001aec       0x30 ./src/BT_Stack/hal_cpu.o
                0x00001aec                hal_cpu_enable_irqs_and_sleep
 .text.NVIC_EnableIRQ
                0x00001b1c       0x38 ./src/BT_Stack/hal_tick.o
 .text.dummy_handler
                0x00001b54        0xc ./src/BT_Stack/hal_tick.o
 .text.hal_tick_init
                0x00001b60       0xbc ./src/BT_Stack/hal_tick.o
                0x00001b60                hal_tick_init
 .text.hal_tick_set_handler
                0x00001c1c       0x38 ./src/BT_Stack/hal_tick.o
                0x00001c1c                hal_tick_set_handler
 .text.hal_tick_get_tick_period_in_ms
                0x00001c54       0x10 ./src/BT_Stack/hal_tick.o
                0x00001c54                hal_tick_get_tick_period_in_ms
 .text.TIMER0_IRQHandler
                0x00001c64       0x20 ./src/BT_Stack/hal_tick.o
                0x00001c64                TIMER0_IRQHandler
 .text.dummy_handler
                0x00001c84        0xc ./src/BT_Stack/hal_uart_dma.o
                0x00001c84                dummy_handler
 .text.hal_uart_dma_enable_rx
                0x00001c90       0x1c ./src/BT_Stack/hal_uart_dma.o
 .text.hal_uart_dma_disable_rx
                0x00001cac       0x1c ./src/BT_Stack/hal_uart_dma.o
 .text.hal_uart_dma_init
                0x00001cc8       0x88 ./src/BT_Stack/hal_uart_dma.o
                0x00001cc8                hal_uart_dma_init
 .text.hal_uart_dma_set_baud
                0x00001d50       0x18 ./src/BT_Stack/hal_uart_dma.o
                0x00001d50                hal_uart_dma_set_baud
 .text.hal_uart_dma_set_block_received
                0x00001d68       0x20 ./src/BT_Stack/hal_uart_dma.o
                0x00001d68                hal_uart_dma_set_block_received
 .text.hal_uart_dma_set_block_sent
                0x00001d88       0x20 ./src/BT_Stack/hal_uart_dma.o
                0x00001d88                hal_uart_dma_set_block_sent
 .text.hal_uart_dma_send_block
                0x00001da8       0x5c ./src/BT_Stack/hal_uart_dma.o
                0x00001da8                hal_uart_dma_send_block
 .text.hal_uart_dma_receive_block
                0x00001e04       0x58 ./src/BT_Stack/hal_uart_dma.o
                0x00001e04                hal_uart_dma_receive_block
 .text.UART1_IRQHandler
                0x00001e5c      0x1c8 ./src/BT_Stack/hal_uart_dma.o
                0x00001e5c                UART1_IRQHandler
 .text.connection_for_handle
                0x00002024       0x44 ./src/BT_Stack/hci.o
                0x00002024                connection_for_handle
 .text.hci_connection_timeout_handler
                0x00002068       0x4c ./src/BT_Stack/hci.o
 .text.hci_connection_timestamp
                0x000020b4       0x1c ./src/BT_Stack/hci.o
 .text.create_connection_for_addr
                0x000020d0       0x98 ./src/BT_Stack/hci.o
 .text.connection_for_address
                0x00002168       0x4c ./src/BT_Stack/hci.o
 .text.connectionSetAuthenticationFlags
                0x000021b4       0x24 ./src/BT_Stack/hci.o
 .text.connectionClearAuthenticationFlags
                0x000021d8       0x30 ./src/BT_Stack/hci.o
 .text.hci_add_connection_flags_for_flipped_bd_addr
                0x00002208       0x44 ./src/BT_Stack/hci.o
 .text.hci_drop_link_key_for_bd_addr
                0x0000224c       0x34 ./src/BT_Stack/hci.o
                0x0000224c                hci_drop_link_key_for_bd_addr
 .text.nr_hci_connections
                0x00002280       0x3c ./src/BT_Stack/hci.o
 .text.dummy_handler
                0x000022bc       0x1c ./src/BT_Stack/hci.o
 .text.hci_number_free_acl_slots
                0x000022d8       0x6c ./src/BT_Stack/hci.o
                0x000022d8                hci_number_free_acl_slots
 .text.hci_can_send_packet_now
                0x00002344       0x68 ./src/BT_Stack/hci.o
                0x00002344                hci_can_send_packet_now
 .text.acl_handler
                0x000023ac      0x20c ./src/BT_Stack/hci.o
 .text.hci_shutdown_connection
                0x000025b8       0x40 ./src/BT_Stack/hci.o
 .text.hci_acl_packet_types_for_buffer_size
                0x000025f8       0x80 ./src/BT_Stack/hci.o
 .text.event_handler
                0x00002678      0x7cc ./src/BT_Stack/hci.o
 .text.packet_handler
                0x00002e44       0x3c ./src/BT_Stack/hci.o
 .text.hci_register_packet_handler
                0x00002e80       0x20 ./src/BT_Stack/hci.o
                0x00002e80                hci_register_packet_handler
 .text.hci_init
                0x00002ea0       0xf8 ./src/BT_Stack/hci.o
                0x00002ea0                hci_init
 .text.hci_power_control_on
                0x00002f98       0xe4 ./src/BT_Stack/hci.o
 .text.hci_power_control_off
                0x0000307c       0x68 ./src/BT_Stack/hci.o
 .text.hci_power_control_sleep
                0x000030e4       0x50 ./src/BT_Stack/hci.o
 .text.hci_power_control_wake
                0x00003134       0x44 ./src/BT_Stack/hci.o
 .text.hci_power_control
                0x00003178      0x228 ./src/BT_Stack/hci.o
                0x00003178                hci_power_control
 .text.hci_update_scan_enable
                0x000033a0       0x3c ./src/BT_Stack/hci.o
 .text.hci_discoverable_control
                0x000033dc       0x58 ./src/BT_Stack/hci.o
                0x000033dc                hci_discoverable_control
 .text.hci_run  0x00003434      0x4c0 ./src/BT_Stack/hci.o
                0x00003434                hci_run
 .text.hci_send_device_int
                0x000038f4       0xe0 ./src/BT_Stack/hci.o
                0x000038f4                hci_send_device_int
 .text.hci_send_cmd_packet
                0x000039d4      0x1f8 ./src/BT_Stack/hci.o
                0x000039d4                hci_send_cmd_packet
 .text.hci_send_cmd
                0x00003bcc       0x3c ./src/BT_Stack/hci.o
                0x00003bcc                hci_send_cmd
 .text.hci_emit_state
                0x00003c08       0x5c ./src/BT_Stack/hci.o
                0x00003c08                hci_emit_state
 .text.hci_emit_connection_complete
                0x00003c64       0x8c ./src/BT_Stack/hci.o
                0x00003c64                hci_emit_connection_complete
 .text.hci_emit_disconnection_complete
                0x00003cf0       0x70 ./src/BT_Stack/hci.o
                0x00003cf0                hci_emit_disconnection_complete
 .text.hci_emit_l2cap_check_timeout
                0x00003d60       0x64 ./src/BT_Stack/hci.o
                0x00003d60                hci_emit_l2cap_check_timeout
 .text.hci_emit_nr_connections_changed
                0x00003dc4       0x58 ./src/BT_Stack/hci.o
                0x00003dc4                hci_emit_nr_connections_changed
 .text.hci_emit_hci_open_failed
                0x00003e1c       0x4c ./src/BT_Stack/hci.o
                0x00003e1c                hci_emit_hci_open_failed
 .text.hci_emit_discoverable_enabled
                0x00003e68       0x54 ./src/BT_Stack/hci.o
                0x00003e68                hci_emit_discoverable_enabled
 .text.hci_create_cmd_internal
                0x00003ebc      0x378 ./src/BT_Stack/hci_cmds.o
                0x00003ebc                hci_create_cmd_internal
 .text.hci_dump_packet
                0x00004234       0x1c ./src/BT_Stack/hci_dump.o
                0x00004234                hci_dump_packet
 .text.h4_init_sm
                0x00004250       0x4c ./src/BT_Stack/hci_transport_h4_dma.o
 .text.h4_open  0x0000429c       0x50 ./src/BT_Stack/hci_transport_h4_dma.o
 .text.h4_close
                0x000042ec       0x18 ./src/BT_Stack/hci_transport_h4_dma.o
 .text.h4_block_received
                0x00004304      0x1ec ./src/BT_Stack/hci_transport_h4_dma.o
 .text.h4_block_sent
                0x000044f0       0x5c ./src/BT_Stack/hci_transport_h4_dma.o
 .text.h4_register_packet_handler
                0x0000454c       0x20 ./src/BT_Stack/hci_transport_h4_dma.o
 .text.dump     0x0000456c       0x54 ./src/BT_Stack/hci_transport_h4_dma.o
 .text.h4_process
                0x000045c0       0xc4 ./src/BT_Stack/hci_transport_h4_dma.o
 .text.h4_send_packet
                0x00004684       0xcc ./src/BT_Stack/hci_transport_h4_dma.o
 .text.h4_set_baudrate
                0x00004750       0x2c ./src/BT_Stack/hci_transport_h4_dma.o
 .text.h4_can_send_packet_now
                0x0000477c       0x28 ./src/BT_Stack/hci_transport_h4_dma.o
 .text.h4_get_transport_name
                0x000047a4       0x14 ./src/BT_Stack/hci_transport_h4_dma.o
 .text.dummy_handler
                0x000047b8       0x1c ./src/BT_Stack/hci_transport_h4_dma.o
 .text.hci_transport_h4_dma_instance
                0x000047d4       0x14 ./src/BT_Stack/hci_transport_h4_dma.o
                0x000047d4                hci_transport_h4_dma_instance
 .text.linked_list_get_last_item
                0x000047e8       0x3c ./src/BT_Stack/linked_list.o
                0x000047e8                linked_list_get_last_item
 .text.linked_list_add
                0x00004824       0x44 ./src/BT_Stack/linked_list.o
                0x00004824                linked_list_add
 .text.linked_list_remove
                0x00004868       0x44 ./src/BT_Stack/linked_list.o
                0x00004868                linked_list_remove
 .text.linked_item_set_user
                0x000048ac       0x24 ./src/BT_Stack/linked_list.o
                0x000048ac                linked_item_set_user
 .text.linked_item_get_user
                0x000048d0       0x18 ./src/BT_Stack/linked_list.o
                0x000048d0                linked_item_get_user
 .text.memory_pool_create
                0x000048e8       0x50 ./src/BT_Stack/memory_pool.o
                0x000048e8                memory_pool_create
 .text.memory_pool_get
                0x00004938       0x38 ./src/BT_Stack/memory_pool.o
                0x00004938                memory_pool_get
 .text.memory_pool_free
                0x00004970       0x2c ./src/BT_Stack/memory_pool.o
                0x00004970                memory_pool_free
 .text.db_open  0x0000499c        0xc ./src/BT_Stack/remote_device_db_memory.o
 .text.db_close
                0x000049a8        0xc ./src/BT_Stack/remote_device_db_memory.o
 .text.get_item
                0x000049b4       0x4c ./src/BT_Stack/remote_device_db_memory.o
 .text.get_name
                0x00004a00       0x68 ./src/BT_Stack/remote_device_db_memory.o
 .text.get_link_key
                0x00004a68       0x6c ./src/BT_Stack/remote_device_db_memory.o
 .text.delete_link_key
                0x00004ad4       0x44 ./src/BT_Stack/remote_device_db_memory.o
 .text.put_link_key
                0x00004b18       0xa8 ./src/BT_Stack/remote_device_db_memory.o
 .text.delete_name
                0x00004bc0       0x44 ./src/BT_Stack/remote_device_db_memory.o
 .text.put_name
                0x00004c04       0xa0 ./src/BT_Stack/remote_device_db_memory.o
 .text.persistent_rfcomm_channel
                0x00004ca4       0xb0 ./src/BT_Stack/remote_device_db_memory.o
 .text.run_loop_assert
                0x00004d54        0xc ./src/BT_Stack/run_loop.o
                0x00004d54                run_loop_assert
 .text.run_loop_add_data_source
                0x00004d60       0x24 ./src/BT_Stack/run_loop.o
                0x00004d60                run_loop_add_data_source
 .text.run_loop_remove_data_source
                0x00004d84       0x28 ./src/BT_Stack/run_loop.o
                0x00004d84                run_loop_remove_data_source
 .text.run_loop_add_timer
                0x00004dac       0x24 ./src/BT_Stack/run_loop.o
                0x00004dac                run_loop_add_timer
 .text.run_loop_remove_timer
                0x00004dd0       0x28 ./src/BT_Stack/run_loop.o
                0x00004dd0                run_loop_remove_timer
 .text.run_loop_execute
                0x00004df8       0x18 ./src/BT_Stack/run_loop.o
                0x00004df8                run_loop_execute
 .text.run_loop_init
                0x00004e10       0x3c ./src/BT_Stack/run_loop.o
                0x00004e10                run_loop_init
 .text.embedded_trigger
                0x00004e4c       0x18 ./src/BT_Stack/run_loop_embedded.o
                0x00004e4c                embedded_trigger
 .text.embedded_add_data_source
                0x00004e64       0x20 ./src/BT_Stack/run_loop_embedded.o
                0x00004e64                embedded_add_data_source
 .text.embedded_remove_data_source
                0x00004e84       0x24 ./src/BT_Stack/run_loop_embedded.o
                0x00004e84                embedded_remove_data_source
 .text.embedded_add_timer
                0x00004ea8       0x4c ./src/BT_Stack/run_loop_embedded.o
                0x00004ea8                embedded_add_timer
 .text.embedded_remove_timer
                0x00004ef4       0x24 ./src/BT_Stack/run_loop_embedded.o
                0x00004ef4                embedded_remove_timer
 .text.embedded_dump_timer
                0x00004f18        0xc ./src/BT_Stack/run_loop_embedded.o
                0x00004f18                embedded_dump_timer
 .text.embedded_execute
                0x00004f24       0x9c ./src/BT_Stack/run_loop_embedded.o
                0x00004f24                embedded_execute
 .text.embedded_tick_handler
                0x00004fc0       0x30 ./src/BT_Stack/run_loop_embedded.o
 .text.embedded_get_ticks
                0x00004ff0       0x18 ./src/BT_Stack/run_loop_embedded.o
                0x00004ff0                embedded_get_ticks
 .text.embedded_ticks_for_ms
                0x00005008       0x20 ./src/BT_Stack/run_loop_embedded.o
                0x00005008                embedded_ticks_for_ms
 .text.run_loop_set_timer
                0x00005028       0x3c ./src/BT_Stack/run_loop_embedded.o
                0x00005028                run_loop_set_timer
 .text.embedded_init
                0x00005064       0x40 ./src/BT_Stack/run_loop_embedded.o
                0x00005064                embedded_init
 .text.bt_store_16
                0x000050a4       0x48 ./src/BT_Stack/utils.o
                0x000050a4                bt_store_16
 .text.bt_flip_addr
                0x000050ec       0x58 ./src/BT_Stack/utils.o
                0x000050ec                bt_flip_addr
 .text.bd_addr_to_str
                0x00005144       0x70 ./src/BT_Stack/utils.o
                0x00005144                bd_addr_to_str
 .text.packet_handler
                0x000051b4      0x498 ./src/main.o
 .text.main     0x0000564c       0x68 ./src/main.o
                0x0000564c                main
 .text.SystemInit
                0x000056b4       0xe4 C:\Users\chuby\Dropbox\WorkSpace\CMSISv2p00_LPC17xx\Debug\libCMSISv2p00_LPC17xx.a(system_LPC17xx.o)
                0x000056b4                SystemInit
 .text.__main   0x00005798       0x14 c:/nxp/lpcxpresso_5.2.4_2122/lpcxpresso/tools/bin/../lib/gcc/arm-none-eabi/4.6.2/../../../../arm-none-eabi/lib/armv7-m\libcr_semihost.a(_cr__main.o)
                0x00005798                __CR_SEMIHOST
                0x00005798                __main
 .text.memcpy   0x000057ac        0x4 c:/nxp/lpcxpresso_5.2.4_2122/lpcxpresso/tools/bin/../lib/gcc/arm-none-eabi/4.6.2/../../../../arm-none-eabi/lib/armv7-m\libcr_c.a(memcpy.o)
                0x000057ac                memcpy
 .text.memset   0x000057b0        0x4 c:/nxp/lpcxpresso_5.2.4_2122/lpcxpresso/tools/bin/../lib/gcc/arm-none-eabi/4.6.2/../../../../arm-none-eabi/lib/armv7-m\libcr_c.a(memset.o)
                0x000057b0                memset
 .text.lose_trailing_zeros
                0x000057b4       0x1e c:/nxp/lpcxpresso_5.2.4_2122/lpcxpresso/tools/bin/../lib/gcc/arm-none-eabi/4.6.2/../../../../arm-none-eabi/lib/armv7-m\libcr_c.a(fpprintf.o)
 .text.fp_round
                0x000057d2       0x54 c:/nxp/lpcxpresso_5.2.4_2122/lpcxpresso/tools/bin/../lib/gcc/arm-none-eabi/4.6.2/../../../../arm-none-eabi/lib/armv7-m\libcr_c.a(fpprintf.o)
 .text.pr_dec.constprop.1
                0x00005826       0x22 c:/nxp/lpcxpresso_5.2.4_2122/lpcxpresso/tools/bin/../lib/gcc/arm-none-eabi/4.6.2/../../../../arm-none-eabi/lib/armv7-m\libcr_c.a(fpprintf.o)
 .text.sprintf  0x00005848       0x70 c:/nxp/lpcxpresso_5.2.4_2122/lpcxpresso/tools/bin/../lib/gcc/arm-none-eabi/4.6.2/../../../../arm-none-eabi/lib/armv7-m\libcr_c.a(fpprintf.o)
                0x00005848                sprintf
 .text.fp_display
                0x000058b8      0x908 c:/nxp/lpcxpresso_5.2.4_2122/lpcxpresso/tools/bin/../lib/gcc/arm-none-eabi/4.6.2/../../../../arm-none-eabi/lib/armv7-m\libcr_c.a(fpprintf.o)
 .text.vsnprintf
                0x000061c0       0x5c c:/nxp/lpcxpresso_5.2.4_2122/lpcxpresso/tools/bin/../lib/gcc/arm-none-eabi/4.6.2/../../../../arm-none-eabi/lib/armv7-m\libcr_c.a(fpprintf.o)
                0x000061c0                vsnprintf
 .text.printf   0x0000621c       0x54 c:/nxp/lpcxpresso_5.2.4_2122/lpcxpresso/tools/bin/../lib/gcc/arm-none-eabi/4.6.2/../../../../arm-none-eabi/lib/armv7-m\libcr_c.a(fpprintf.o)
                0x0000621c                printf
 .text._initio  0x00006270       0x9c c:/nxp/lpcxpresso_5.2.4_2122/lpcxpresso/tools/bin/../lib/gcc/arm-none-eabi/4.6.2/../../../../arm-none-eabi/lib/armv7-m\libcr_c.a(initio.o)
                0x00006270                _initio
 .text.memcmp   0x0000630c       0x38 c:/nxp/lpcxpresso_5.2.4_2122/lpcxpresso/tools/bin/../lib/gcc/arm-none-eabi/4.6.2/../../../../arm-none-eabi/lib/armv7-m\libcr_c.a(memcmp.o)
                0x0000630c                memcmp
 .text.__vfprintf
                0x00006344      0xd54 c:/nxp/lpcxpresso_5.2.4_2122/lpcxpresso/tools/bin/../lib/gcc/arm-none-eabi/4.6.2/../../../../arm-none-eabi/lib/armv7-m\libcr_c.a(printf.o)
                0x00006344                __vfprintf
 .text.setvbuf  0x00007098       0x48 c:/nxp/lpcxpresso_5.2.4_2122/lpcxpresso/tools/bin/../lib/gcc/arm-none-eabi/4.6.2/../../../../arm-none-eabi/lib/armv7-m\libcr_c.a(setvbuf.o)
                0x00007098                setvbuf
 .text.strlen   0x000070e0       0x4c c:/nxp/lpcxpresso_5.2.4_2122/lpcxpresso/tools/bin/../lib/gcc/arm-none-eabi/4.6.2/../../../../arm-none-eabi/lib/armv7-m\libcr_c.a(strlen.o)
                0x000070e0                strlen
 .text.strncmp  0x0000712c       0x4e c:/nxp/lpcxpresso_5.2.4_2122/lpcxpresso/tools/bin/../lib/gcc/arm-none-eabi/4.6.2/../../../../arm-none-eabi/lib/armv7-m\libcr_c.a(strncmp.o)
                0x0000712c                strncmp
 .text.strncpy  0x0000717a       0x54 c:/nxp/lpcxpresso_5.2.4_2122/lpcxpresso/tools/bin/../lib/gcc/arm-none-eabi/4.6.2/../../../../arm-none-eabi/lib/armv7-m\libcr_c.a(strncpy.o)
                0x0000717a                strncpy
 .text._deferredlazyseek
                0x000071ce       0x44 c:/nxp/lpcxpresso_5.2.4_2122/lpcxpresso/tools/bin/../lib/gcc/arm-none-eabi/4.6.2/../../../../arm-none-eabi/lib/armv7-m\libcr_c.a(_deferredlazyseek.o)
                0x000071ce                _deferredlazyseek
 .text.__flsbuf
                0x00007212      0x14e c:/nxp/lpcxpresso_5.2.4_2122/lpcxpresso/tools/bin/../lib/gcc/arm-none-eabi/4.6.2/../../../../arm-none-eabi/lib/armv7-m\libcr_c.a(_deferredlazyseek.o)
                0x00007212                __flsbuf
 .text._fdopen  0x00007360       0x6c c:/nxp/lpcxpresso_5.2.4_2122/lpcxpresso/tools/bin/../lib/gcc/arm-none-eabi/4.6.2/../../../../arm-none-eabi/lib/armv7-m\libcr_c.a(_fdopen.o)
                0x00007360                _fdopen
 .text._fflush  0x000073cc       0x58 c:/nxp/lpcxpresso_5.2.4_2122/lpcxpresso/tools/bin/../lib/gcc/arm-none-eabi/4.6.2/../../../../arm-none-eabi/lib/armv7-m\libcr_c.a(_fflush.o)
                0x000073cc                _fflush
 .text._frexpl  0x00007424       0x60 c:/nxp/lpcxpresso_5.2.4_2122/lpcxpresso/tools/bin/../lib/gcc/arm-none-eabi/4.6.2/../../../../arm-none-eabi/lib/armv7-m\libcr_c.a(_frexpl.o)
                0x00007424                _frexpl
 .text._ldexpl  0x00007484       0x50 c:/nxp/lpcxpresso_5.2.4_2122/lpcxpresso/tools/bin/../lib/gcc/arm-none-eabi/4.6.2/../../../../arm-none-eabi/lib/armv7-m\libcr_c.a(_ldexpl.o)
                0x00007484                _ldexpl
 .text._Cwritebuf
                0x000074d4       0x84 c:/nxp/lpcxpresso_5.2.4_2122/lpcxpresso/tools/bin/../lib/gcc/arm-none-eabi/4.6.2/../../../../arm-none-eabi/lib/armv7-m\libcr_c.a(_writebuf.o)
                0x000074d4                _Cwritebuf
 .text.malloc   0x00007558       0xbc c:/nxp/lpcxpresso_5.2.4_2122/lpcxpresso/tools/bin/../lib/gcc/arm-none-eabi/4.6.2/../../../../arm-none-eabi/lib/armv7-m\libcr_c.a(alloc.o)
                0x00007558                malloc
 .text.free     0x00007614        0xa c:/nxp/lpcxpresso_5.2.4_2122/lpcxpresso/tools/bin/../lib/gcc/arm-none-eabi/4.6.2/../../../../arm-none-eabi/lib/armv7-m\libcr_c.a(alloc.o)
                0x00007614                free
 *fill*         0x0000761e        0x2 00
 .text._Csys_alloc
                0x00007620       0x20 c:/nxp/lpcxpresso_5.2.4_2122/lpcxpresso/tools/bin/../lib/gcc/arm-none-eabi/4.6.2/../../../../arm-none-eabi/lib/armv7-m\libcr_c.a(alloc.o)
                0x00007620                _Csys_alloc
 .text.fclose   0x00007640       0x6c c:/nxp/lpcxpresso_5.2.4_2122/lpcxpresso/tools/bin/../lib/gcc/arm-none-eabi/4.6.2/../../../../arm-none-eabi/lib/armv7-m\libcr_c.a(fclose.o)
                0x00007640                fclose
 .text.fflush   0x000076ac       0x34 c:/nxp/lpcxpresso_5.2.4_2122/lpcxpresso/tools/bin/../lib/gcc/arm-none-eabi/4.6.2/../../../../arm-none-eabi/lib/armv7-m\libcr_c.a(fflush.o)
                0x000076ac                fflush
 .text.fseek    0x000076e0      0x104 c:/nxp/lpcxpresso_5.2.4_2122/lpcxpresso/tools/bin/../lib/gcc/arm-none-eabi/4.6.2/../../../../arm-none-eabi/lib/armv7-m\libcr_c.a(fseek.o)
                0x000076e0                fseek
 .text.ftell    0x000077e4       0x4c c:/nxp/lpcxpresso_5.2.4_2122/lpcxpresso/tools/bin/../lib/gcc/arm-none-eabi/4.6.2/../../../../arm-none-eabi/lib/armv7-m\libcr_c.a(ftell.o)
                0x000077e4                ftell
 .text.remove   0x00007830       0x14 c:/nxp/lpcxpresso_5.2.4_2122/lpcxpresso/tools/bin/../lib/gcc/arm-none-eabi/4.6.2/../../../../arm-none-eabi/lib/armv7-m\libcr_c.a(remove.o)
                0x00007830                remove
 .text._do_fflush
                0x00007844       0x42 c:/nxp/lpcxpresso_5.2.4_2122/lpcxpresso/tools/bin/../lib/gcc/arm-none-eabi/4.6.2/../../../../arm-none-eabi/lib/armv7-m\libcr_c.a(_do_fflush.o)
                0x00007844                _do_fflush
 .text.__aeabi_division_uldivmod
                0x00007886      0x174 c:/nxp/lpcxpresso_5.2.4_2122/lpcxpresso/tools/bin/../lib/gcc/arm-none-eabi/4.6.2/armv7-m\libcr_eabihelpers.a(division.o)
                0x00007886                __aeabi_uldivmod
                0x0000788a                __bhs_ldivmod1
 .text.__aeabi_division_idiv0
                0x000079fa        0x2 c:/nxp/lpcxpresso_5.2.4_2122/lpcxpresso/tools/bin/../lib/gcc/arm-none-eabi/4.6.2/armv7-m\libcr_eabihelpers.a(division.o)
                0x000079fa                __aeabi_idiv0
 .text.__aeabi_dmul
                0x000079fc      0x138 c:/nxp/lpcxpresso_5.2.4_2122/lpcxpresso/tools/bin/../lib/gcc/arm-none-eabi/4.6.2/armv7-m\libcr_eabihelpers.a(double.o)
                0x000079fc                __aeabi_dmul
 .text.__aeabi_ddiv
                0x00007b34      0x168 c:/nxp/lpcxpresso_5.2.4_2122/lpcxpresso/tools/bin/../lib/gcc/arm-none-eabi/4.6.2/armv7-m\libcr_eabihelpers.a(double.o)
                0x00007b34                __aeabi_ddiv
 .text.__aeabi_dsub
                0x00007c9c      0x1f4 c:/nxp/lpcxpresso_5.2.4_2122/lpcxpresso/tools/bin/../lib/gcc/arm-none-eabi/4.6.2/armv7-m\libcr_eabihelpers.a(double.o)
                0x00007c9c                __aeabi_dsub
 .text.__aeabi_dadd
                0x00007e90      0x154 c:/nxp/lpcxpresso_5.2.4_2122/lpcxpresso/tools/bin/../lib/gcc/arm-none-eabi/4.6.2/armv7-m\libcr_eabihelpers.a(double.o)
                0x00007e90                __aeabi_dadd
 .text.__aeabi_d2iz
                0x00007fe4       0x40 c:/nxp/lpcxpresso_5.2.4_2122/lpcxpresso/tools/bin/../lib/gcc/arm-none-eabi/4.6.2/armv7-m\libcr_eabihelpers.a(double.o)
                0x00007fe4                __aeabi_d2iz
 .text.__bhs_ui2d
                0x00008024       0x5c c:/nxp/lpcxpresso_5.2.4_2122/lpcxpresso/tools/bin/../lib/gcc/arm-none-eabi/4.6.2/armv7-m\libcr_eabihelpers.a(double.o)
                0x00008024                __bhs_ui2d
 .text.__aeabi_i2d
                0x00008080       0x10 c:/nxp/lpcxpresso_5.2.4_2122/lpcxpresso/tools/bin/../lib/gcc/arm-none-eabi/4.6.2/armv7-m\libcr_eabihelpers.a(double.o)
                0x00008080                __aeabi_i2d
 .text.__aeabi_dcmpeq
                0x00008090       0x3c c:/nxp/lpcxpresso_5.2.4_2122/lpcxpresso/tools/bin/../lib/gcc/arm-none-eabi/4.6.2/armv7-m\libcr_eabihelpers.a(double.o)
                0x00008090                __aeabi_dcmpeq
 .text.__aeabi_dcmplt
                0x000080cc       0x5c c:/nxp/lpcxpresso_5.2.4_2122/lpcxpresso/tools/bin/../lib/gcc/arm-none-eabi/4.6.2/armv7-m\libcr_eabihelpers.a(double.o)
                0x000080cc                __aeabi_dcmplt
 .text.__aeabi_dcmple
                0x00008128       0x58 c:/nxp/lpcxpresso_5.2.4_2122/lpcxpresso/tools/bin/../lib/gcc/arm-none-eabi/4.6.2/armv7-m\libcr_eabihelpers.a(double.o)
                0x00008128                __aeabi_dcmple
 .text.__aeabi_dcmpge
                0x00008180       0x5c c:/nxp/lpcxpresso_5.2.4_2122/lpcxpresso/tools/bin/../lib/gcc/arm-none-eabi/4.6.2/armv7-m\libcr_eabihelpers.a(double.o)
                0x00008180                __aeabi_dcmpge
 .text.__aeabi_memcpy
                0x000081dc       0x26 c:/nxp/lpcxpresso_5.2.4_2122/lpcxpresso/tools/bin/../lib/gcc/arm-none-eabi/4.6.2/armv7-m\libcr_eabihelpers.a(memcpy.o)
                0x000081dc                __aeabi_memcpy4
                0x000081dc                __aeabi_memcpy8
                0x000081dc                __aeabi_memcpy
 .text.__aeabi_memset_lowlevel
                0x00008202       0x24 c:/nxp/lpcxpresso_5.2.4_2122/lpcxpresso/tools/bin/../lib/gcc/arm-none-eabi/4.6.2/armv7-m\libcr_eabihelpers.a(memcpy.o)
                0x00008202                __aeabi_lowlevel_memset
 *fill*         0x00008226        0x2 00
 .text.__sys_appexit
                0x00008228        0xc c:/nxp/lpcxpresso_5.2.4_2122/lpcxpresso/tools/bin/../lib/gcc/arm-none-eabi/4.6.2/../../../../arm-none-eabi/lib/armv7-m\libcr_semihost.a(__sys_appexit.o)
                0x00008228                __sys_appexit
                0x00008228                __exit
 .text.__sys_close
                0x00008234        0xc c:/nxp/lpcxpresso_5.2.4_2122/lpcxpresso/tools/bin/../lib/gcc/arm-none-eabi/4.6.2/../../../../arm-none-eabi/lib/armv7-m\libcr_semihost.a(__sys_close.o)
                0x00008234                __sys_close
 .text.__sys_flen
                0x00008240        0xc c:/nxp/lpcxpresso_5.2.4_2122/lpcxpresso/tools/bin/../lib/gcc/arm-none-eabi/4.6.2/../../../../arm-none-eabi/lib/armv7-m\libcr_semihost.a(__sys_flen.o)
                0x00008240                __sys_flen
 .text.__sys_istty
                0x0000824c        0xc c:/nxp/lpcxpresso_5.2.4_2122/lpcxpresso/tools/bin/../lib/gcc/arm-none-eabi/4.6.2/../../../../arm-none-eabi/lib/armv7-m\libcr_semihost.a(__sys_istty.o)
                0x0000824c                __sys_istty
 .text.__sys_remove
                0x00008258        0xc c:/nxp/lpcxpresso_5.2.4_2122/lpcxpresso/tools/bin/../lib/gcc/arm-none-eabi/4.6.2/../../../../arm-none-eabi/lib/armv7-m\libcr_semihost.a(__sys_remove.o)
                0x00008258                __sys_remove
 .text.__sys_seek
                0x00008264        0xc c:/nxp/lpcxpresso_5.2.4_2122/lpcxpresso/tools/bin/../lib/gcc/arm-none-eabi/4.6.2/../../../../arm-none-eabi/lib/armv7-m\libcr_semihost.a(__sys_seek.o)
                0x00008264                __sys_seek
 .text.__sys_tmpnam
                0x00008270        0xc c:/nxp/lpcxpresso_5.2.4_2122/lpcxpresso/tools/bin/../lib/gcc/arm-none-eabi/4.6.2/../../../../arm-none-eabi/lib/armv7-m\libcr_semihost.a(__sys_tmpnam.o)
                0x00008270                __sys_tmpnam
 .text.__sys_write
                0x0000827c        0xc c:/nxp/lpcxpresso_5.2.4_2122/lpcxpresso/tools/bin/../lib/gcc/arm-none-eabi/4.6.2/../../../../arm-none-eabi/lib/armv7-m\libcr_semihost.a(__sys_write.o)
                0x0000827c                __sys_write
                0x0000827c                __write
 .text._sbrk    0x00008288       0x40 c:/nxp/lpcxpresso_5.2.4_2122/lpcxpresso/tools/bin/../lib/gcc/arm-none-eabi/4.6.2/../../../../arm-none-eabi/lib/armv7-m\libcr_semihost.a(_cr_sbrk.o)
                0x00008288                _sbrk
 .text.__check_heap_overflow
                0x000082c8       0x2c c:/nxp/lpcxpresso_5.2.4_2122/lpcxpresso/tools/bin/../lib/gcc/arm-none-eabi/4.6.2/../../../../arm-none-eabi/lib/armv7-m\libcr_semihost.a(_cr_check_heap.o)
                0x000082c8                __check_heap_overflow
 *(.rodata .rodata.*)
 .rodata        0x000082f4       0x28 ./src/BT_Stack/Drivers/lpc17xx_timer.o
 .rodata        0x0000831c       0x28 ./src/BT_Stack/Drivers/lpc17xx_uart.o
 .rodata        0x00008344      0x20c ./src/BT_Stack/hci.o
 .rodata.packet_type_sizes
                0x00008550       0x20 ./src/BT_Stack/hci.o
 .rodata        0x00008570       0xe0 ./src/BT_Stack/hci_cmds.o
 .rodata.hci_create_connection
                0x00008650        0x8 ./src/BT_Stack/hci_cmds.o
                0x00008650                hci_create_connection
 .rodata.hci_disconnect
                0x00008658        0x8 ./src/BT_Stack/hci_cmds.o
                0x00008658                hci_disconnect
 .rodata.hci_accept_connection_request
                0x00008660        0x8 ./src/BT_Stack/hci_cmds.o
                0x00008660                hci_accept_connection_request
 .rodata.hci_reject_connection_request
                0x00008668        0x8 ./src/BT_Stack/hci_cmds.o
                0x00008668                hci_reject_connection_request
 .rodata.hci_link_key_request_reply
                0x00008670        0x8 ./src/BT_Stack/hci_cmds.o
                0x00008670                hci_link_key_request_reply
 .rodata.hci_link_key_request_negative_reply
                0x00008678        0x8 ./src/BT_Stack/hci_cmds.o
                0x00008678                hci_link_key_request_negative_reply
 .rodata.hci_pin_code_request_reply
                0x00008680        0x8 ./src/BT_Stack/hci_cmds.o
                0x00008680                hci_pin_code_request_reply
 .rodata.hci_pin_code_request_negative_reply
                0x00008688        0x8 ./src/BT_Stack/hci_cmds.o
                0x00008688                hci_pin_code_request_negative_reply
 .rodata.hci_set_event_mask
                0x00008690        0x8 ./src/BT_Stack/hci_cmds.o
                0x00008690                hci_set_event_mask
 .rodata.hci_reset
                0x00008698        0x8 ./src/BT_Stack/hci_cmds.o
                0x00008698                hci_reset
 .rodata.hci_delete_stored_link_key
                0x000086a0        0x8 ./src/BT_Stack/hci_cmds.o
                0x000086a0                hci_delete_stored_link_key
 .rodata.hci_write_scan_enable
                0x000086a8        0x8 ./src/BT_Stack/hci_cmds.o
                0x000086a8                hci_write_scan_enable
 .rodata.hci_write_le_host_supported
                0x000086b0        0x8 ./src/BT_Stack/hci_cmds.o
                0x000086b0                hci_write_le_host_supported
 .rodata.hci_read_local_supported_features
                0x000086b8        0x8 ./src/BT_Stack/hci_cmds.o
                0x000086b8                hci_read_local_supported_features
 .rodata.hci_read_buffer_size
                0x000086c0        0x8 ./src/BT_Stack/hci_cmds.o
                0x000086c0                hci_read_buffer_size
 .rodata.hci_read_bd_addr
                0x000086c8        0x8 ./src/BT_Stack/hci_cmds.o
                0x000086c8                hci_read_bd_addr
 .rodata.hci_le_set_event_mask
                0x000086d0        0x8 ./src/BT_Stack/hci_cmds.o
                0x000086d0                hci_le_set_event_mask
 .rodata.hci_le_read_buffer_size
                0x000086d8        0x8 ./src/BT_Stack/hci_cmds.o
                0x000086d8                hci_le_read_buffer_size
 .rodata.hci_le_set_advertising_parameters
                0x000086e0        0x8 ./src/BT_Stack/hci_cmds.o
                0x000086e0                hci_le_set_advertising_parameters
 .rodata.hci_le_set_advertising_data
                0x000086e8        0x8 ./src/BT_Stack/hci_cmds.o
                0x000086e8                hci_le_set_advertising_data
 .rodata.hci_le_set_scan_response_data
                0x000086f0        0x8 ./src/BT_Stack/hci_cmds.o
                0x000086f0                hci_le_set_scan_response_data
 .rodata.hci_le_set_advertise_enable
                0x000086f8        0x8 ./src/BT_Stack/hci_cmds.o
                0x000086f8                hci_le_set_advertise_enable
 .rodata.hci_le_read_supported_states
                0x00008700        0x8 ./src/BT_Stack/hci_cmds.o
                0x00008700                hci_le_read_supported_states
 .rodata        0x00008708       0xbc ./src/BT_Stack/hci_transport_h4_dma.o
 .rodata.remote_device_db_memory
                0x000087c4       0x24 ./src/BT_Stack/remote_device_db_memory.o
                0x000087c4                remote_device_db_memory
 .rodata.run_loop_embedded
                0x000087e8       0x1c ./src/BT_Stack/run_loop_embedded.o
                0x000087e8                run_loop_embedded
 .rodata        0x00008804       0x2c ./src/BT_Stack/utils.o
 .rodata        0x00008830       0x8c ./src/main.o
 .rodata.str1.1
                0x000088bc       0x34 c:/nxp/lpcxpresso_5.2.4_2122/lpcxpresso/tools/bin/../lib/gcc/arm-none-eabi/4.6.2/../../../../arm-none-eabi/lib/armv7-m\libcr_c.a(fpprintf.o)
                                 0x35 (size before relaxing)
 .rodata.str1.1
                0x000088f0        0x4 c:/nxp/lpcxpresso_5.2.4_2122/lpcxpresso/tools/bin/../lib/gcc/arm-none-eabi/4.6.2/../../../../arm-none-eabi/lib/armv7-m\libcr_c.a(initio.o)
 .rodata.str1.1
                0x000088f4       0x31 c:/nxp/lpcxpresso_5.2.4_2122/lpcxpresso/tools/bin/../lib/gcc/arm-none-eabi/4.6.2/../../../../arm-none-eabi/lib/armv7-m\libcr_c.a(printf.o)
                                 0x38 (size before relaxing)
 .rodata.str1.1
                0x00008925       0x18 c:/nxp/lpcxpresso_5.2.4_2122/lpcxpresso/tools/bin/../lib/gcc/arm-none-eabi/4.6.2/../../../../arm-none-eabi/lib/armv7-m\libcr_c.a(alloc.o)
 *fill*         0x0000893d        0x3 00
 .rodata.__huge_vall
                0x00008940        0x8 c:/nxp/lpcxpresso_5.2.4_2122/lpcxpresso/tools/bin/../lib/gcc/arm-none-eabi/4.6.2/../../../../arm-none-eabi/lib/armv7-m\libcr_c.a(_hugeval.o)
                0x00008940                __huge_vall
                0x00008948                . = ALIGN (0x4)

.glue_7         0x00008948        0x0
 .glue_7        0x00000000        0x0 linker stubs

.glue_7t        0x00008948        0x0
 .glue_7t       0x00000000        0x0 linker stubs

.vfp11_veneer   0x00008948        0x0
 .vfp11_veneer  0x00000000        0x0 linker stubs

.v4_bx          0x00008948        0x0
 .v4_bx         0x00000000        0x0 linker stubs

.ARM.extab
 *(.ARM.extab* .gnu.linkonce.armextab.*)
                0x00008948                __exidx_start = .

.ARM.exidx
 *(.ARM.exidx* .gnu.linkonce.armexidx.*)
                0x00008948                __exidx_end = .
                0x00008948                _etext = .

.data_RAM2      0x2007c000        0x0 load address 0x00008948
 FILL mask 0xff
 *(.data.$RAM2*)
 *(.data.$RamAHB32*)
                0x2007c000                . = ALIGN (0x4)

.uninit_RESERVED
                0x10000000        0x0
 *(.bss.$RESERVED*)
                0x10000000                . = ALIGN (0x4)
                0x10000000                _end_uninit_RESERVED = .

.data           0x10000000       0x44 load address 0x00008948
 FILL mask 0xff
                0x10000000                _data = .
 *(vtable)
 *(.data*)
 .data.tick_handler
                0x10000000        0x4 ./src/BT_Stack/hal_tick.o
 .data.rx_done_handler
                0x10000004        0x4 ./src/BT_Stack/hal_uart_dma.o
 .data.tx_done_handler
                0x10000008        0x4 ./src/BT_Stack/hal_uart_dma.o
 .data.packet_handler
                0x1000000c        0x4 ./src/BT_Stack/hci_transport_h4_dma.o
 .data.hci_transport_h4_dma_ds
                0x10000010       0x10 ./src/BT_Stack/hci_transport_h4_dma.o
 .data.hci_transport_h4_dma
                0x10000020       0x20 ./src/BT_Stack/hci_transport_h4_dma.o
 .data.SystemCoreClock
                0x10000040        0x4 C:\Users\chuby\Dropbox\WorkSpace\CMSISv2p00_LPC17xx\Debug\libCMSISv2p00_LPC17xx.a(system_LPC17xx.o)
                0x10000040                SystemCoreClock
                0x10000044                . = ALIGN (0x4)
                0x10000044                _edata = .

.bss_RAM2       0x2007c000        0x0
 *(.bss.$RAM2*)
 *(.bss.$RamAHB32*)
                0x2007c000                . = ALIGN (0x4)

.bss            0x10000044      0x4c0
                0x10000044                _bss = .
 *(.bss*)
 .bss.hci_connection_storage
                0x10000044       0x6c ./src/BT_Stack/btstack_memory.o
 .bss.hci_connection_pool
                0x100000b0        0x4 ./src/BT_Stack/btstack_memory.o
 .bss.db_mem_device_link_key_storage
                0x100000b4       0x40 ./src/BT_Stack/btstack_memory.o
 .bss.db_mem_device_link_key_pool
                0x100000f4        0x4 ./src/BT_Stack/btstack_memory.o
 .bss.UART1IRQ_ON
                0x100000f8        0x1 ./src/BT_Stack/hal_cpu.o
                0x100000f8                UART1IRQ_ON
 *fill*         0x100000f9        0x3 00
 .bss.TTC0      0x100000fc        0x8 ./src/BT_Stack/hal_tick.o
 .bss.MATC0     0x10000104        0xc ./src/BT_Stack/hal_tick.o
 .bss.UART_CFG_1152
                0x10000110        0x8 ./src/BT_Stack/hal_uart_dma.o
 .bss.FIFO_DEFAULT
                0x10000118        0x4 ./src/BT_Stack/hal_uart_dma.o
 .bss.bytes_to_read
                0x1000011c        0x2 ./src/BT_Stack/hal_uart_dma.o
 *fill*         0x1000011e        0x2 00
 .bss.rx_buffer_ptr
                0x10000120        0x4 ./src/BT_Stack/hal_uart_dma.o
 .bss.tx_buffer_ptr
                0x10000124        0x4 ./src/BT_Stack/hal_uart_dma.o
 .bss.hci_stack
                0x10000128      0x138 ./src/BT_Stack/hci.o
 .bss.h4_state  0x10000260        0x1 ./src/BT_Stack/hci_transport_h4_dma.o
 *fill*         0x10000261        0x3 00
 .bss.read_pos  0x10000264        0x4 ./src/BT_Stack/hci_transport_h4_dma.o
 .bss.bytes_to_read
                0x10000268        0x4 ./src/BT_Stack/hci_transport_h4_dma.o
 .bss.hci_packet
                0x1000026c      0x104 ./src/BT_Stack/hci_transport_h4_dma.o
 .bss.tx_state  0x10000370        0x1 ./src/BT_Stack/hci_transport_h4_dma.o
 .bss.tx_packet_type
                0x10000371        0x1 ./src/BT_Stack/hci_transport_h4_dma.o
 *fill*         0x10000372        0x2 00
 .bss.tx_data   0x10000374        0x4 ./src/BT_Stack/hci_transport_h4_dma.o
 .bss.tx_len    0x10000378        0x2 ./src/BT_Stack/hci_transport_h4_dma.o
 *fill*         0x1000037a        0x2 00
 .bss.db_mem_link_keys
                0x1000037c        0x4 ./src/BT_Stack/remote_device_db_memory.o
                0x1000037c                db_mem_link_keys
 .bss.db_mem_names
                0x10000380        0x4 ./src/BT_Stack/remote_device_db_memory.o
                0x10000380                db_mem_names
 .bss.db_mem_services
                0x10000384        0x4 ./src/BT_Stack/remote_device_db_memory.o
 .bss.the_run_loop
                0x10000388        0x4 ./src/BT_Stack/run_loop.o
 .bss.data_sources
                0x1000038c        0x4 ./src/BT_Stack/run_loop_embedded.o
 .bss.timers    0x10000390        0x4 ./src/BT_Stack/run_loop_embedded.o
 .bss.system_ticks
                0x10000394        0x4 ./src/BT_Stack/run_loop_embedded.o
 .bss.trigger_event_received
                0x10000398        0x4 ./src/BT_Stack/run_loop_embedded.o
 .bss.bd_addr_to_str_buffer
                0x1000039c       0x14 ./src/BT_Stack/utils.o
 .bss.HCI_WORKING
                0x100003b0        0x1 ./src/main.o
 *fill*         0x100003b1        0x3 00
 .bss.errno     0x100003b4        0x4 c:/nxp/lpcxpresso_5.2.4_2122/lpcxpresso/tools/bin/../lib/gcc/arm-none-eabi/4.6.2/../../../../arm-none-eabi/lib/armv7-m\libcr_c.a(errno.o)
                0x100003b4                errno
 *(COMMON)
 COMMON         0x100003b8        0x4 c:/nxp/lpcxpresso_5.2.4_2122/lpcxpresso/tools/bin/../lib/gcc/arm-none-eabi/4.6.2/../../../../arm-none-eabi/lib/armv7-m\libcr_c.a(initio.o)
                0x100003b8                _extra
 COMMON         0x100003bc      0x140 c:/nxp/lpcxpresso_5.2.4_2122/lpcxpresso/tools/bin/../lib/gcc/arm-none-eabi/4.6.2/../../../../arm-none-eabi/lib/armv7-m\libcr_c.a(stdio.o)
                0x100003bc                __Ciob
 COMMON         0x100004fc        0x8 c:/nxp/lpcxpresso_5.2.4_2122/lpcxpresso/tools/bin/../lib/gcc/arm-none-eabi/4.6.2/../../../../arm-none-eabi/lib/armv7-m\libcr_c.a(__init_alloc.o)
                0x100004fc                __heaps
                0x10000500                __end_of_heap
                0x10000504                . = ALIGN (0x4)
                0x10000504                _ebss = .
                0x10000504                PROVIDE (end, .)

.noinit_RAM2    0x2007c000        0x0
 *(.noinit.$RAM2*)
 *(.noinit.$RamAHB32*)
                0x2007c000                . = ALIGN (0x4)

.noinit         0x10000504        0x0
                0x10000504                _noinit = .
 *(.noinit*)
                0x10000504                . = ALIGN (0x4)
                0x10000504                _end_noinit = .
                0x10000504                PROVIDE (_pvHeapStart, .)
                0x10008000                PROVIDE (_vStackTop, (__top_RamLoc32 - 0x0))
OUTPUT(EBN_Anchor_Node.axf elf32-littlearm)

.debug_info     0x00000000     0xec2c
 .debug_info    0x00000000      0x6d7 ./src/BT_Stack/Drivers/lpc17xx_clkpwr.o
 .debug_info    0x000006d7       0xcd ./src/BT_Stack/Drivers/lpc17xx_libcfg_default.o
 .debug_info    0x000007a4      0x4ba ./src/BT_Stack/Drivers/lpc17xx_pinsel.o
 .debug_info    0x00000c5e      0x891 ./src/BT_Stack/Drivers/lpc17xx_timer.o
 .debug_info    0x000014ef     0x12e9 ./src/BT_Stack/Drivers/lpc17xx_uart.o
 .debug_info    0x000027d8     0x12d1 ./src/BT_Stack/att.o
 .debug_info    0x00003aa9      0x5ed ./src/BT_Stack/btstack_memory.o
 .debug_info    0x00004096      0x3cf ./src/BT_Stack/hal_cpu.o
 .debug_info    0x00004465      0x69b ./src/BT_Stack/hal_tick.o
 .debug_info    0x00004b00      0xa2b ./src/BT_Stack/hal_uart_dma.o
 .debug_info    0x0000552b     0x1691 ./src/BT_Stack/hci.o
 .debug_info    0x00006bbc      0x996 ./src/BT_Stack/hci_cmds.o
 .debug_info    0x00007552      0x193 ./src/BT_Stack/hci_dump.o
 .debug_info    0x000076e5      0x60e ./src/BT_Stack/hci_transport_h4_dma.o
 .debug_info    0x00007cf3     0x16aa ./src/BT_Stack/l2cap.o
 .debug_info    0x0000939d      0x257 ./src/BT_Stack/l2cap_signaling.o
 .debug_info    0x000095f4      0x250 ./src/BT_Stack/linked_list.o
 .debug_info    0x00009844      0x1ba ./src/BT_Stack/memory_pool.o
 .debug_info    0x000099fe      0x647 ./src/BT_Stack/remote_device_db_memory.o
 .debug_info    0x0000a045     0x1f3f ./src/BT_Stack/rfcomm.o
 .debug_info    0x0000bf84      0x424 ./src/BT_Stack/run_loop.o
 .debug_info    0x0000c3a8      0x499 ./src/BT_Stack/run_loop_embedded.o
 .debug_info    0x0000c841     0x1335 ./src/BT_Stack/sdp_util.o
 .debug_info    0x0000db76      0x3e2 ./src/BT_Stack/utils.o
 .debug_info    0x0000df58      0x2dd ./src/cr_startup_lpc176x.o
 .debug_info    0x0000e235      0x668 ./src/main.o
 .debug_info    0x0000e89d      0x38f C:\Users\chuby\Dropbox\WorkSpace\CMSISv2p00_LPC17xx\Debug\libCMSISv2p00_LPC17xx.a(system_LPC17xx.o)

.debug_abbrev   0x00000000     0x2670
 .debug_abbrev  0x00000000      0x197 ./src/BT_Stack/Drivers/lpc17xx_clkpwr.o
 .debug_abbrev  0x00000197       0x6a ./src/BT_Stack/Drivers/lpc17xx_libcfg_default.o
 .debug_abbrev  0x00000201      0x11f ./src/BT_Stack/Drivers/lpc17xx_pinsel.o
 .debug_abbrev  0x00000320      0x1b6 ./src/BT_Stack/Drivers/lpc17xx_timer.o
 .debug_abbrev  0x000004d6      0x1d0 ./src/BT_Stack/Drivers/lpc17xx_uart.o
 .debug_abbrev  0x000006a6      0x1c4 ./src/BT_Stack/att.o
 .debug_abbrev  0x0000086a      0x177 ./src/BT_Stack/btstack_memory.o
 .debug_abbrev  0x000009e1      0x132 ./src/BT_Stack/hal_cpu.o
 .debug_abbrev  0x00000b13      0x1b2 ./src/BT_Stack/hal_tick.o
 .debug_abbrev  0x00000cc5      0x18c ./src/BT_Stack/hal_uart_dma.o
 .debug_abbrev  0x00000e51      0x2e1 ./src/BT_Stack/hci.o
 .debug_abbrev  0x00001132      0x11c ./src/BT_Stack/hci_cmds.o
 .debug_abbrev  0x0000124e       0xb0 ./src/BT_Stack/hci_dump.o
 .debug_abbrev  0x000012fe      0x1d4 ./src/BT_Stack/hci_transport_h4_dma.o
 .debug_abbrev  0x000014d2      0x279 ./src/BT_Stack/l2cap.o
 .debug_abbrev  0x0000174b      0x124 ./src/BT_Stack/l2cap_signaling.o
 .debug_abbrev  0x0000186f       0xdd ./src/BT_Stack/linked_list.o
 .debug_abbrev  0x0000194c       0xdb ./src/BT_Stack/memory_pool.o
 .debug_abbrev  0x00001a27      0x148 ./src/BT_Stack/remote_device_db_memory.o
 .debug_abbrev  0x00001b6f      0x1f1 ./src/BT_Stack/rfcomm.o
 .debug_abbrev  0x00001d60      0x147 ./src/BT_Stack/run_loop.o
 .debug_abbrev  0x00001ea7      0x171 ./src/BT_Stack/run_loop_embedded.o
 .debug_abbrev  0x00002018      0x1eb ./src/BT_Stack/sdp_util.o
 .debug_abbrev  0x00002203       0xd0 ./src/BT_Stack/utils.o
 .debug_abbrev  0x000022d3      0x12b ./src/cr_startup_lpc176x.o
 .debug_abbrev  0x000023fe      0x18f ./src/main.o
 .debug_abbrev  0x0000258d       0xe3 C:\Users\chuby\Dropbox\WorkSpace\CMSISv2p00_LPC17xx\Debug\libCMSISv2p00_LPC17xx.a(system_LPC17xx.o)

.debug_loc      0x00000000     0x5ba1
 .debug_loc     0x00000000      0x190 ./src/BT_Stack/Drivers/lpc17xx_clkpwr.o
 .debug_loc     0x00000190       0x38 ./src/BT_Stack/Drivers/lpc17xx_libcfg_default.o
 .debug_loc     0x000001c8      0x150 ./src/BT_Stack/Drivers/lpc17xx_pinsel.o
 .debug_loc     0x00000318      0x380 ./src/BT_Stack/Drivers/lpc17xx_timer.o
 .debug_loc     0x00000698      0x65a ./src/BT_Stack/Drivers/lpc17xx_uart.o
 .debug_loc     0x00000cf2      0x9ae ./src/BT_Stack/att.o
 .debug_loc     0x000016a0      0x3b0 ./src/BT_Stack/btstack_memory.o
 .debug_loc     0x00001a50       0xf4 ./src/BT_Stack/hal_cpu.o
 .debug_loc     0x00001b44      0x120 ./src/BT_Stack/hal_tick.o
 .debug_loc     0x00001c64      0x22c ./src/BT_Stack/hal_uart_dma.o
 .debug_loc     0x00001e90      0xa2e ./src/BT_Stack/hci.o
 .debug_loc     0x000028be       0x7c ./src/BT_Stack/hci_cmds.o
 .debug_loc     0x0000293a       0xd4 ./src/BT_Stack/hci_dump.o
 .debug_loc     0x00002a0e      0x2c8 ./src/BT_Stack/hci_transport_h4_dma.o
 .debug_loc     0x00002cd6      0x9fc ./src/BT_Stack/l2cap.o
 .debug_loc     0x000036d2       0x90 ./src/BT_Stack/l2cap_signaling.o
 .debug_loc     0x00003762      0x188 ./src/BT_Stack/linked_list.o
 .debug_loc     0x000038ea       0xa8 ./src/BT_Stack/memory_pool.o
 .debug_loc     0x00003992      0x218 ./src/BT_Stack/remote_device_db_memory.o
 .debug_loc     0x00003baa      0xf02 ./src/BT_Stack/rfcomm.o
 .debug_loc     0x00004aac      0x20c ./src/BT_Stack/run_loop.o
 .debug_loc     0x00004cb8      0x264 ./src/BT_Stack/run_loop_embedded.o
 .debug_loc     0x00004f1c      0x851 ./src/BT_Stack/sdp_util.o
 .debug_loc     0x0000576d      0x2a0 ./src/BT_Stack/utils.o
 .debug_loc     0x00005a0d      0x102 ./src/cr_startup_lpc176x.o
 .debug_loc     0x00005b0f       0x72 ./src/main.o
 .debug_loc     0x00005b81       0x20 C:\Users\chuby\Dropbox\WorkSpace\CMSISv2p00_LPC17xx\Debug\libCMSISv2p00_LPC17xx.a(system_LPC17xx.o)

.debug_aranges  0x00000000     0x1048
 .debug_aranges
                0x00000000       0x58 ./src/BT_Stack/Drivers/lpc17xx_clkpwr.o
 .debug_aranges
                0x00000058       0x20 ./src/BT_Stack/Drivers/lpc17xx_libcfg_default.o
 .debug_aranges
                0x00000078       0x48 ./src/BT_Stack/Drivers/lpc17xx_pinsel.o
 .debug_aranges
                0x000000c0       0x98 ./src/BT_Stack/Drivers/lpc17xx_timer.o
 .debug_aranges
                0x00000158      0x100 ./src/BT_Stack/Drivers/lpc17xx_uart.o
 .debug_aranges
                0x00000258      0x178 ./src/BT_Stack/att.o
 .debug_aranges
                0x000003d0       0xb0 ./src/BT_Stack/btstack_memory.o
 .debug_aranges
                0x00000480       0x40 ./src/BT_Stack/hal_cpu.o
 .debug_aranges
                0x000004c0       0x48 ./src/BT_Stack/hal_tick.o
 .debug_aranges
                0x00000508       0x70 ./src/BT_Stack/hal_uart_dma.o
 .debug_aranges
                0x00000578      0x198 ./src/BT_Stack/hci.o
 .debug_aranges
                0x00000710       0x28 ./src/BT_Stack/hci_cmds.o
 .debug_aranges
                0x00000738       0x38 ./src/BT_Stack/hci_dump.o
 .debug_aranges
                0x00000770       0x88 ./src/BT_Stack/hci_transport_h4_dma.o
 .debug_aranges
                0x000007f8      0x188 ./src/BT_Stack/l2cap.o
 .debug_aranges
                0x00000980       0x30 ./src/BT_Stack/l2cap_signaling.o
 .debug_aranges
                0x000009b0       0x50 ./src/BT_Stack/linked_list.o
 .debug_aranges
                0x00000a00       0x30 ./src/BT_Stack/memory_pool.o
 .debug_aranges
                0x00000a30       0x68 ./src/BT_Stack/remote_device_db_memory.o
 .debug_aranges
                0x00000a98      0x240 ./src/BT_Stack/rfcomm.o
 .debug_aranges
                0x00000cd8       0x68 ./src/BT_Stack/run_loop.o
 .debug_aranges
                0x00000d40       0x78 ./src/BT_Stack/run_loop_embedded.o
 .debug_aranges
                0x00000db8      0x148 ./src/BT_Stack/sdp_util.o
 .debug_aranges
                0x00000f00       0x78 ./src/BT_Stack/utils.o
 .debug_aranges
                0x00000f78       0x80 ./src/cr_startup_lpc176x.o
 .debug_aranges
                0x00000ff8       0x28 ./src/main.o
 .debug_aranges
                0x00001020       0x28 C:\Users\chuby\Dropbox\WorkSpace\CMSISv2p00_LPC17xx\Debug\libCMSISv2p00_LPC17xx.a(system_LPC17xx.o)

.debug_ranges   0x00000000      0xfa0
 .debug_ranges  0x00000000       0x48 ./src/BT_Stack/Drivers/lpc17xx_clkpwr.o
 .debug_ranges  0x00000048       0x10 ./src/BT_Stack/Drivers/lpc17xx_libcfg_default.o
 .debug_ranges  0x00000058       0x38 ./src/BT_Stack/Drivers/lpc17xx_pinsel.o
 .debug_ranges  0x00000090       0x88 ./src/BT_Stack/Drivers/lpc17xx_timer.o
 .debug_ranges  0x00000118       0xf0 ./src/BT_Stack/Drivers/lpc17xx_uart.o
 .debug_ranges  0x00000208      0x1b0 ./src/BT_Stack/att.o
 .debug_ranges  0x000003b8       0xa0 ./src/BT_Stack/btstack_memory.o
 .debug_ranges  0x00000458       0x30 ./src/BT_Stack/hal_cpu.o
 .debug_ranges  0x00000488       0x38 ./src/BT_Stack/hal_tick.o
 .debug_ranges  0x000004c0       0x60 ./src/BT_Stack/hal_uart_dma.o
 .debug_ranges  0x00000520      0x188 ./src/BT_Stack/hci.o
 .debug_ranges  0x000006a8       0x18 ./src/BT_Stack/hci_cmds.o
 .debug_ranges  0x000006c0       0x28 ./src/BT_Stack/hci_dump.o
 .debug_ranges  0x000006e8       0x78 ./src/BT_Stack/hci_transport_h4_dma.o
 .debug_ranges  0x00000760      0x1d8 ./src/BT_Stack/l2cap.o
 .debug_ranges  0x00000938       0x20 ./src/BT_Stack/l2cap_signaling.o
 .debug_ranges  0x00000958       0x40 ./src/BT_Stack/linked_list.o
 .debug_ranges  0x00000998       0x20 ./src/BT_Stack/memory_pool.o
 .debug_ranges  0x000009b8       0x58 ./src/BT_Stack/remote_device_db_memory.o
 .debug_ranges  0x00000a10      0x230 ./src/BT_Stack/rfcomm.o
 .debug_ranges  0x00000c40       0x58 ./src/BT_Stack/run_loop.o
 .debug_ranges  0x00000c98       0x98 ./src/BT_Stack/run_loop_embedded.o
 .debug_ranges  0x00000d30      0x168 ./src/BT_Stack/sdp_util.o
 .debug_ranges  0x00000e98       0x68 ./src/BT_Stack/utils.o
 .debug_ranges  0x00000f00       0x70 ./src/cr_startup_lpc176x.o
 .debug_ranges  0x00000f70       0x18 ./src/main.o
 .debug_ranges  0x00000f88       0x18 C:\Users\chuby\Dropbox\WorkSpace\CMSISv2p00_LPC17xx\Debug\libCMSISv2p00_LPC17xx.a(system_LPC17xx.o)

.debug_line     0x00000000     0xa1b2
 .debug_line    0x00000000      0x4e7 ./src/BT_Stack/Drivers/lpc17xx_clkpwr.o
 .debug_line    0x000004e7      0x390 ./src/BT_Stack/Drivers/lpc17xx_libcfg_default.o
 .debug_line    0x00000877      0x47f ./src/BT_Stack/Drivers/lpc17xx_pinsel.o
 .debug_line    0x00000cf6      0x7a3 ./src/BT_Stack/Drivers/lpc17xx_timer.o
 .debug_line    0x00001499      0xb34 ./src/BT_Stack/Drivers/lpc17xx_uart.o
 .debug_line    0x00001fcd      0x8d9 ./src/BT_Stack/att.o
 .debug_line    0x000028a6      0x595 ./src/BT_Stack/btstack_memory.o
 .debug_line    0x00002e3b      0x460 ./src/BT_Stack/hal_cpu.o
 .debug_line    0x0000329b      0x4a6 ./src/BT_Stack/hal_tick.o
 .debug_line    0x00003741      0x4f2 ./src/BT_Stack/hal_uart_dma.o
 .debug_line    0x00003c33      0xaff ./src/BT_Stack/hci.o
 .debug_line    0x00004732      0x48c ./src/BT_Stack/hci_cmds.o
 .debug_line    0x00004bbe      0x438 ./src/BT_Stack/hci_dump.o
 .debug_line    0x00004ff6      0x5a6 ./src/BT_Stack/hci_transport_h4_dma.o
 .debug_line    0x0000559c      0xaad ./src/BT_Stack/l2cap.o
 .debug_line    0x00006049      0x40f ./src/BT_Stack/l2cap_signaling.o
 .debug_line    0x00006458      0x38b ./src/BT_Stack/linked_list.o
 .debug_line    0x000067e3      0x3a3 ./src/BT_Stack/memory_pool.o
 .debug_line    0x00006b86      0x4f5 ./src/BT_Stack/remote_device_db_memory.o
 .debug_line    0x0000707b      0xd97 ./src/BT_Stack/rfcomm.o
 .debug_line    0x00007e12      0x466 ./src/BT_Stack/run_loop.o
 .debug_line    0x00008278      0x4f2 ./src/BT_Stack/run_loop_embedded.o
 .debug_line    0x0000876a      0x7ca ./src/BT_Stack/sdp_util.o
 .debug_line    0x00008f34      0x46e ./src/BT_Stack/utils.o
 .debug_line    0x000093a2      0x3d5 ./src/cr_startup_lpc176x.o
 .debug_line    0x00009777      0x636 ./src/main.o
 .debug_line    0x00009dad      0x405 C:\Users\chuby\Dropbox\WorkSpace\CMSISv2p00_LPC17xx\Debug\libCMSISv2p00_LPC17xx.a(system_LPC17xx.o)

.debug_macinfo  0x00000000    0xafca9
 .debug_macinfo
                0x00000000     0x9763 ./src/BT_Stack/Drivers/lpc17xx_clkpwr.o
 .debug_macinfo
                0x00009763     0x401b ./src/BT_Stack/Drivers/lpc17xx_libcfg_default.o
 .debug_macinfo
                0x0000d77e     0x8914 ./src/BT_Stack/Drivers/lpc17xx_pinsel.o
 .debug_macinfo
                0x00016092     0xa629 ./src/BT_Stack/Drivers/lpc17xx_timer.o
 .debug_macinfo
                0x000206bb     0xb6cf ./src/BT_Stack/Drivers/lpc17xx_uart.o
 .debug_macinfo
                0x0002bd8a     0x466d ./src/BT_Stack/att.o
 .debug_macinfo
                0x000303f7     0x61bd ./src/BT_Stack/btstack_memory.o
 .debug_macinfo
                0x000365b4     0x9767 ./src/BT_Stack/hal_cpu.o
 .debug_macinfo
                0x0003fd1b     0x8ce1 ./src/BT_Stack/hal_tick.o
 .debug_macinfo
                0x000489fc     0x9cc6 ./src/BT_Stack/hal_uart_dma.o
 .debug_macinfo
                0x000526c2     0x6467 ./src/BT_Stack/hci.o
 .debug_macinfo
                0x00058b29     0x63cf ./src/BT_Stack/hci_cmds.o
 .debug_macinfo
                0x0005eef8     0x5fac ./src/BT_Stack/hci_dump.o
 .debug_macinfo
                0x00064ea4     0x62bf ./src/BT_Stack/hci_transport_h4_dma.o
 .debug_macinfo
                0x0006b163     0x658c ./src/BT_Stack/l2cap.o
 .debug_macinfo
                0x000716ef     0x526f ./src/BT_Stack/l2cap_signaling.o
 .debug_macinfo
                0x0007695e     0x297c ./src/BT_Stack/linked_list.o
 .debug_macinfo
                0x000792da     0x2984 ./src/BT_Stack/memory_pool.o
 .debug_macinfo
                0x0007bc5e     0x47c6 ./src/BT_Stack/remote_device_db_memory.o
 .debug_macinfo
                0x00080424     0x6783 ./src/BT_Stack/rfcomm.o
 .debug_macinfo
                0x00086ba7     0x44f6 ./src/BT_Stack/run_loop.o
 .debug_macinfo
                0x0008b09d     0x4384 ./src/BT_Stack/run_loop_embedded.o
 .debug_macinfo
                0x0008f421     0x499d ./src/BT_Stack/sdp_util.o
 .debug_macinfo
                0x00093dbe     0x4872 ./src/BT_Stack/utils.o
 .debug_macinfo
                0x00098630     0x3d45 ./src/cr_startup_lpc176x.o
 .debug_macinfo
                0x0009c375     0xb403 ./src/main.o
 .debug_macinfo
                0x000a7778     0x8531 C:\Users\chuby\Dropbox\WorkSpace\CMSISv2p00_LPC17xx\Debug\libCMSISv2p00_LPC17xx.a(system_LPC17xx.o)

.debug_str      0x00000000     0x6755
 .debug_str     0x00000000      0x39e ./src/BT_Stack/Drivers/lpc17xx_clkpwr.o
                                0x3cd (size before relaxing)
 .debug_str     0x0000039e       0x43 ./src/BT_Stack/Drivers/lpc17xx_libcfg_default.o
                                0x154 (size before relaxing)
 .debug_str     0x000003e1      0x253 ./src/BT_Stack/Drivers/lpc17xx_pinsel.o
                                0x3a6 (size before relaxing)
 .debug_str     0x00000634      0x467 ./src/BT_Stack/Drivers/lpc17xx_timer.o
                                0x5d4 (size before relaxing)
 .debug_str     0x00000a9b      0x9aa ./src/BT_Stack/Drivers/lpc17xx_uart.o
                                0xba3 (size before relaxing)
 .debug_str     0x00001445      0x626 ./src/BT_Stack/att.o
                                0x7c8 (size before relaxing)
 .debug_str     0x00001a6b      0x66e ./src/BT_Stack/btstack_memory.o
                                0x7be (size before relaxing)
 .debug_str     0x000020d9      0x2cd ./src/BT_Stack/hal_cpu.o
                                0x430 (size before relaxing)
 .debug_str     0x000023a6       0x88 ./src/BT_Stack/hal_tick.o
                                0x608 (size before relaxing)
 .debug_str     0x0000242e      0x19b ./src/BT_Stack/hal_uart_dma.o
                                0x658 (size before relaxing)
 .debug_str     0x000025c9      0x947 ./src/BT_Stack/hci.o
                                0xed9 (size before relaxing)
 .debug_str     0x00002f10      0x9ae ./src/BT_Stack/hci_cmds.o
                                0xc63 (size before relaxing)
 .debug_str     0x000038be       0xa5 ./src/BT_Stack/hci_dump.o
                                0x1ce (size before relaxing)
 .debug_str     0x00003963      0x244 ./src/BT_Stack/hci_transport_h4_dma.o
                                0x491 (size before relaxing)
 .debug_str     0x00003ba7      0xb39 ./src/BT_Stack/l2cap.o
                               0x107f (size before relaxing)
 .debug_str     0x000046e0       0x94 ./src/BT_Stack/l2cap_signaling.o
                                0x2e8 (size before relaxing)
 .debug_str     0x00004774       0xb5 ./src/BT_Stack/linked_list.o
                                0x1bf (size before relaxing)
 .debug_str     0x00004829       0x7d ./src/BT_Stack/memory_pool.o
                                0x169 (size before relaxing)
 .debug_str     0x000048a6       0xec ./src/BT_Stack/remote_device_db_memory.o
                                0x33d (size before relaxing)
 .debug_str     0x00004992     0x10c2 ./src/BT_Stack/rfcomm.o
                               0x140d (size before relaxing)
 .debug_str     0x00005a54      0x160 ./src/BT_Stack/run_loop.o
                                0x338 (size before relaxing)
 .debug_str     0x00005bb4      0x169 ./src/BT_Stack/run_loop_embedded.o
                                0x36d (size before relaxing)
 .debug_str     0x00005d1d      0x75d ./src/BT_Stack/sdp_util.o
                                0x958 (size before relaxing)
 .debug_str     0x0000647a       0xc3 ./src/BT_Stack/utils.o
                                0x220 (size before relaxing)
 .debug_str     0x0000653d      0x172 ./src/cr_startup_lpc176x.o
                                0x273 (size before relaxing)
 .debug_str     0x000066af       0x36 ./src/main.o
                                0x4f4 (size before relaxing)
 .debug_str     0x000066e5       0x70 C:\Users\chuby\Dropbox\WorkSpace\CMSISv2p00_LPC17xx\Debug\libCMSISv2p00_LPC17xx.a(system_LPC17xx.o)
                                0x2aa (size before relaxing)

.comment        0x00000000       0xe0
 .comment       0x00000000       0x70 ./src/BT_Stack/Drivers/lpc17xx_clkpwr.o
                                 0x71 (size before relaxing)
 .comment       0x00000000       0x71 ./src/BT_Stack/Drivers/lpc17xx_libcfg_default.o
 .comment       0x00000000       0x71 ./src/BT_Stack/Drivers/lpc17xx_pinsel.o
 .comment       0x00000000       0x71 ./src/BT_Stack/Drivers/lpc17xx_timer.o
 .comment       0x00000000       0x71 ./src/BT_Stack/Drivers/lpc17xx_uart.o
 .comment       0x00000000       0x71 ./src/BT_Stack/att.o
 .comment       0x00000000       0x71 ./src/BT_Stack/btstack_memory.o
 .comment       0x00000000       0x71 ./src/BT_Stack/hal_cpu.o
 .comment       0x00000000       0x71 ./src/BT_Stack/hal_tick.o
 .comment       0x00000000       0x71 ./src/BT_Stack/hal_uart_dma.o
 .comment       0x00000000       0x71 ./src/BT_Stack/hci.o
 .comment       0x00000000       0x71 ./src/BT_Stack/hci_cmds.o
 .comment       0x00000000       0x71 ./src/BT_Stack/hci_dump.o
 .comment       0x00000000       0x71 ./src/BT_Stack/hci_transport_h4_dma.o
 .comment       0x00000000       0x71 ./src/BT_Stack/l2cap.o
 .comment       0x00000000       0x71 ./src/BT_Stack/l2cap_signaling.o
 .comment       0x00000000       0x71 ./src/BT_Stack/linked_list.o
 .comment       0x00000000       0x71 ./src/BT_Stack/memory_pool.o
 .comment       0x00000000       0x71 ./src/BT_Stack/remote_device_db_memory.o
 .comment       0x00000000       0x71 ./src/BT_Stack/rfcomm.o
 .comment       0x00000000       0x71 ./src/BT_Stack/run_loop.o
 .comment       0x00000000       0x71 ./src/BT_Stack/run_loop_embedded.o
 .comment       0x00000000       0x71 ./src/BT_Stack/sdp_util.o
 .comment       0x00000000       0x71 ./src/BT_Stack/utils.o
 .comment       0x00000000       0x71 ./src/cr_startup_lpc176x.o
 .comment       0x00000000       0x71 ./src/main.o
 .comment       0x00000000       0x71 C:\Users\chuby\Dropbox\WorkSpace\CMSISv2p00_LPC17xx\Debug\libCMSISv2p00_LPC17xx.a(system_LPC17xx.o)
 .comment       0x00000070       0x70 c:/nxp/lpcxpresso_5.2.4_2122/lpcxpresso/tools/bin/../lib/gcc/arm-none-eabi/4.6.2/../../../../arm-none-eabi/lib/armv7-m\libcr_semihost.a(_cr__main.o)
                                 0x71 (size before relaxing)
 .comment       0x00000000       0x71 c:/nxp/lpcxpresso_5.2.4_2122/lpcxpresso/tools/bin/../lib/gcc/arm-none-eabi/4.6.2/../../../../arm-none-eabi/lib/armv7-m\libcr_c.a(memcpy.o)
 .comment       0x00000000       0x71 c:/nxp/lpcxpresso_5.2.4_2122/lpcxpresso/tools/bin/../lib/gcc/arm-none-eabi/4.6.2/../../../../arm-none-eabi/lib/armv7-m\libcr_c.a(memset.o)
 .comment       0x00000000       0x71 c:/nxp/lpcxpresso_5.2.4_2122/lpcxpresso/tools/bin/../lib/gcc/arm-none-eabi/4.6.2/../../../../arm-none-eabi/lib/armv7-m\libcr_c.a(fpprintf.o)
 .comment       0x00000000       0x71 c:/nxp/lpcxpresso_5.2.4_2122/lpcxpresso/tools/bin/../lib/gcc/arm-none-eabi/4.6.2/../../../../arm-none-eabi/lib/armv7-m\libcr_c.a(initio.o)
 .comment       0x00000000       0x71 c:/nxp/lpcxpresso_5.2.4_2122/lpcxpresso/tools/bin/../lib/gcc/arm-none-eabi/4.6.2/../../../../arm-none-eabi/lib/armv7-m\libcr_c.a(memcmp.o)
 .comment       0x00000000       0x71 c:/nxp/lpcxpresso_5.2.4_2122/lpcxpresso/tools/bin/../lib/gcc/arm-none-eabi/4.6.2/../../../../arm-none-eabi/lib/armv7-m\libcr_c.a(printf.o)
 .comment       0x00000000       0x71 c:/nxp/lpcxpresso_5.2.4_2122/lpcxpresso/tools/bin/../lib/gcc/arm-none-eabi/4.6.2/../../../../arm-none-eabi/lib/armv7-m\libcr_c.a(setvbuf.o)
 .comment       0x00000000       0x71 c:/nxp/lpcxpresso_5.2.4_2122/lpcxpresso/tools/bin/../lib/gcc/arm-none-eabi/4.6.2/../../../../arm-none-eabi/lib/armv7-m\libcr_c.a(stdio.o)
 .comment       0x00000000       0x71 c:/nxp/lpcxpresso_5.2.4_2122/lpcxpresso/tools/bin/../lib/gcc/arm-none-eabi/4.6.2/../../../../arm-none-eabi/lib/armv7-m\libcr_c.a(strlen.o)
 .comment       0x00000000       0x71 c:/nxp/lpcxpresso_5.2.4_2122/lpcxpresso/tools/bin/../lib/gcc/arm-none-eabi/4.6.2/../../../../arm-none-eabi/lib/armv7-m\libcr_c.a(strncmp.o)
 .comment       0x00000000       0x71 c:/nxp/lpcxpresso_5.2.4_2122/lpcxpresso/tools/bin/../lib/gcc/arm-none-eabi/4.6.2/../../../../arm-none-eabi/lib/armv7-m\libcr_c.a(strncpy.o)
 .comment       0x00000000       0x71 c:/nxp/lpcxpresso_5.2.4_2122/lpcxpresso/tools/bin/../lib/gcc/arm-none-eabi/4.6.2/../../../../arm-none-eabi/lib/armv7-m\libcr_c.a(__fillbuf.o)
 .comment       0x00000000       0x71 c:/nxp/lpcxpresso_5.2.4_2122/lpcxpresso/tools/bin/../lib/gcc/arm-none-eabi/4.6.2/../../../../arm-none-eabi/lib/armv7-m\libcr_c.a(_deferredlazyseek.o)
 .comment       0x00000000       0x71 c:/nxp/lpcxpresso_5.2.4_2122/lpcxpresso/tools/bin/../lib/gcc/arm-none-eabi/4.6.2/../../../../arm-none-eabi/lib/armv7-m\libcr_c.a(_fdopen.o)
 .comment       0x00000000       0x71 c:/nxp/lpcxpresso_5.2.4_2122/lpcxpresso/tools/bin/../lib/gcc/arm-none-eabi/4.6.2/../../../../arm-none-eabi/lib/armv7-m\libcr_c.a(_fflush.o)
 .comment       0x00000000       0x71 c:/nxp/lpcxpresso_5.2.4_2122/lpcxpresso/tools/bin/../lib/gcc/arm-none-eabi/4.6.2/../../../../arm-none-eabi/lib/armv7-m\libcr_c.a(_frexpl.o)
 .comment       0x00000000       0x71 c:/nxp/lpcxpresso_5.2.4_2122/lpcxpresso/tools/bin/../lib/gcc/arm-none-eabi/4.6.2/../../../../arm-none-eabi/lib/armv7-m\libcr_c.a(_ldexpl.o)
 .comment       0x00000000       0x71 c:/nxp/lpcxpresso_5.2.4_2122/lpcxpresso/tools/bin/../lib/gcc/arm-none-eabi/4.6.2/../../../../arm-none-eabi/lib/armv7-m\libcr_c.a(_writebuf.o)
 .comment       0x00000000       0x71 c:/nxp/lpcxpresso_5.2.4_2122/lpcxpresso/tools/bin/../lib/gcc/arm-none-eabi/4.6.2/../../../../arm-none-eabi/lib/armv7-m\libcr_c.a(alloc.o)
 .comment       0x00000000       0x71 c:/nxp/lpcxpresso_5.2.4_2122/lpcxpresso/tools/bin/../lib/gcc/arm-none-eabi/4.6.2/../../../../arm-none-eabi/lib/armv7-m\libcr_c.a(errno.o)
 .comment       0x00000000       0x71 c:/nxp/lpcxpresso_5.2.4_2122/lpcxpresso/tools/bin/../lib/gcc/arm-none-eabi/4.6.2/../../../../arm-none-eabi/lib/armv7-m\libcr_c.a(fclose.o)
 .comment       0x00000000       0x71 c:/nxp/lpcxpresso_5.2.4_2122/lpcxpresso/tools/bin/../lib/gcc/arm-none-eabi/4.6.2/../../../../arm-none-eabi/lib/armv7-m\libcr_c.a(fflush.o)
 .comment       0x00000000       0x71 c:/nxp/lpcxpresso_5.2.4_2122/lpcxpresso/tools/bin/../lib/gcc/arm-none-eabi/4.6.2/../../../../arm-none-eabi/lib/armv7-m\libcr_c.a(fseek.o)
 .comment       0x00000000       0x71 c:/nxp/lpcxpresso_5.2.4_2122/lpcxpresso/tools/bin/../lib/gcc/arm-none-eabi/4.6.2/../../../../arm-none-eabi/lib/armv7-m\libcr_c.a(ftell.o)
 .comment       0x00000000       0x71 c:/nxp/lpcxpresso_5.2.4_2122/lpcxpresso/tools/bin/../lib/gcc/arm-none-eabi/4.6.2/../../../../arm-none-eabi/lib/armv7-m\libcr_c.a(remove.o)
 .comment       0x00000000       0x71 c:/nxp/lpcxpresso_5.2.4_2122/lpcxpresso/tools/bin/../lib/gcc/arm-none-eabi/4.6.2/../../../../arm-none-eabi/lib/armv7-m\libcr_c.a(__init_alloc.o)
 .comment       0x00000000       0x71 c:/nxp/lpcxpresso_5.2.4_2122/lpcxpresso/tools/bin/../lib/gcc/arm-none-eabi/4.6.2/../../../../arm-none-eabi/lib/armv7-m\libcr_c.a(_do_fflush.o)
 .comment       0x00000000       0x71 c:/nxp/lpcxpresso_5.2.4_2122/lpcxpresso/tools/bin/../lib/gcc/arm-none-eabi/4.6.2/../../../../arm-none-eabi/lib/armv7-m\libcr_c.a(_hugeval.o)
 .comment       0x00000000       0x71 c:/nxp/lpcxpresso_5.2.4_2122/lpcxpresso/tools/bin/../lib/gcc/arm-none-eabi/4.6.2/armv7-m\libcr_eabihelpers.a(double.o)
 .comment       0x00000000       0x71 c:/nxp/lpcxpresso_5.2.4_2122/lpcxpresso/tools/bin/../lib/gcc/arm-none-eabi/4.6.2/../../../../arm-none-eabi/lib/armv7-m\libcr_semihost.a(_cr_sbrk.o)
 .comment       0x00000000       0x71 c:/nxp/lpcxpresso_5.2.4_2122/lpcxpresso/tools/bin/../lib/gcc/arm-none-eabi/4.6.2/../../../../arm-none-eabi/lib/armv7-m\libcr_semihost.a(_cr_check_heap.o)

.ARM.attributes
                0x00000000       0x31
 .ARM.attributes
                0x00000000       0x33 ./src/BT_Stack/Drivers/lpc17xx_clkpwr.o
 .ARM.attributes
                0x00000033       0x33 ./src/BT_Stack/Drivers/lpc17xx_libcfg_default.o
 .ARM.attributes
                0x00000066       0x33 ./src/BT_Stack/Drivers/lpc17xx_pinsel.o
 .ARM.attributes
                0x00000099       0x33 ./src/BT_Stack/Drivers/lpc17xx_timer.o
 .ARM.attributes
                0x000000cc       0x33 ./src/BT_Stack/Drivers/lpc17xx_uart.o
 .ARM.attributes
                0x000000ff       0x33 ./src/BT_Stack/att.o
 .ARM.attributes
                0x00000132       0x33 ./src/BT_Stack/btstack_memory.o
 .ARM.attributes
                0x00000165       0x33 ./src/BT_Stack/hal_cpu.o
 .ARM.attributes
                0x00000198       0x33 ./src/BT_Stack/hal_tick.o
 .ARM.attributes
                0x000001cb       0x33 ./src/BT_Stack/hal_uart_dma.o
 .ARM.attributes
                0x000001fe       0x33 ./src/BT_Stack/hci.o
 .ARM.attributes
                0x00000231       0x33 ./src/BT_Stack/hci_cmds.o
 .ARM.attributes
                0x00000264       0x33 ./src/BT_Stack/hci_dump.o
 .ARM.attributes
                0x00000297       0x33 ./src/BT_Stack/hci_transport_h4_dma.o
 .ARM.attributes
                0x000002ca       0x33 ./src/BT_Stack/l2cap.o
 .ARM.attributes
                0x000002fd       0x33 ./src/BT_Stack/l2cap_signaling.o
 .ARM.attributes
                0x00000330       0x33 ./src/BT_Stack/linked_list.o
 .ARM.attributes
                0x00000363       0x33 ./src/BT_Stack/memory_pool.o
 .ARM.attributes
                0x00000396       0x33 ./src/BT_Stack/remote_device_db_memory.o
 .ARM.attributes
                0x000003c9       0x33 ./src/BT_Stack/rfcomm.o
 .ARM.attributes
                0x000003fc       0x33 ./src/BT_Stack/run_loop.o
 .ARM.attributes
                0x0000042f       0x33 ./src/BT_Stack/run_loop_embedded.o
 .ARM.attributes
                0x00000462       0x33 ./src/BT_Stack/sdp_util.o
 .ARM.attributes
                0x00000495       0x33 ./src/BT_Stack/utils.o
 .ARM.attributes
                0x000004c8       0x33 ./src/cr_startup_lpc176x.o
 .ARM.attributes
                0x000004fb       0x33 ./src/main.o
 .ARM.attributes
                0x0000052e       0x33 C:\Users\chuby\Dropbox\WorkSpace\CMSISv2p00_LPC17xx\Debug\libCMSISv2p00_LPC17xx.a(system_LPC17xx.o)
 .ARM.attributes
                0x00000561       0x33 c:/nxp/lpcxpresso_5.2.4_2122/lpcxpresso/tools/bin/../lib/gcc/arm-none-eabi/4.6.2/../../../../arm-none-eabi/lib/armv7-m\libcr_semihost.a(_cr__main.o)
 .ARM.attributes
                0x00000594       0x33 c:/nxp/lpcxpresso_5.2.4_2122/lpcxpresso/tools/bin/../lib/gcc/arm-none-eabi/4.6.2/../../../../arm-none-eabi/lib/armv7-m\libcr_c.a(memcpy.o)
 .ARM.attributes
                0x000005c7       0x33 c:/nxp/lpcxpresso_5.2.4_2122/lpcxpresso/tools/bin/../lib/gcc/arm-none-eabi/4.6.2/../../../../arm-none-eabi/lib/armv7-m\libcr_c.a(memset.o)
 .ARM.attributes
                0x000005fa       0x33 c:/nxp/lpcxpresso_5.2.4_2122/lpcxpresso/tools/bin/../lib/gcc/arm-none-eabi/4.6.2/../../../../arm-none-eabi/lib/armv7-m\libcr_c.a(fpprintf.o)
 .ARM.attributes
                0x0000062d       0x33 c:/nxp/lpcxpresso_5.2.4_2122/lpcxpresso/tools/bin/../lib/gcc/arm-none-eabi/4.6.2/../../../../arm-none-eabi/lib/armv7-m\libcr_c.a(initio.o)
 .ARM.attributes
                0x00000660       0x33 c:/nxp/lpcxpresso_5.2.4_2122/lpcxpresso/tools/bin/../lib/gcc/arm-none-eabi/4.6.2/../../../../arm-none-eabi/lib/armv7-m\libcr_c.a(memcmp.o)
 .ARM.attributes
                0x00000693       0x33 c:/nxp/lpcxpresso_5.2.4_2122/lpcxpresso/tools/bin/../lib/gcc/arm-none-eabi/4.6.2/../../../../arm-none-eabi/lib/armv7-m\libcr_c.a(printf.o)
 .ARM.attributes
                0x000006c6       0x33 c:/nxp/lpcxpresso_5.2.4_2122/lpcxpresso/tools/bin/../lib/gcc/arm-none-eabi/4.6.2/../../../../arm-none-eabi/lib/armv7-m\libcr_c.a(setvbuf.o)
 .ARM.attributes
                0x000006f9       0x33 c:/nxp/lpcxpresso_5.2.4_2122/lpcxpresso/tools/bin/../lib/gcc/arm-none-eabi/4.6.2/../../../../arm-none-eabi/lib/armv7-m\libcr_c.a(stdio.o)
 .ARM.attributes
                0x0000072c       0x33 c:/nxp/lpcxpresso_5.2.4_2122/lpcxpresso/tools/bin/../lib/gcc/arm-none-eabi/4.6.2/../../../../arm-none-eabi/lib/armv7-m\libcr_c.a(strlen.o)
 .ARM.attributes
                0x0000075f       0x33 c:/nxp/lpcxpresso_5.2.4_2122/lpcxpresso/tools/bin/../lib/gcc/arm-none-eabi/4.6.2/../../../../arm-none-eabi/lib/armv7-m\libcr_c.a(strncmp.o)
 .ARM.attributes
                0x00000792       0x33 c:/nxp/lpcxpresso_5.2.4_2122/lpcxpresso/tools/bin/../lib/gcc/arm-none-eabi/4.6.2/../../../../arm-none-eabi/lib/armv7-m\libcr_c.a(strncpy.o)
 .ARM.attributes
                0x000007c5       0x33 c:/nxp/lpcxpresso_5.2.4_2122/lpcxpresso/tools/bin/../lib/gcc/arm-none-eabi/4.6.2/../../../../arm-none-eabi/lib/armv7-m\libcr_c.a(__fillbuf.o)
 .ARM.attributes
                0x000007f8       0x33 c:/nxp/lpcxpresso_5.2.4_2122/lpcxpresso/tools/bin/../lib/gcc/arm-none-eabi/4.6.2/../../../../arm-none-eabi/lib/armv7-m\libcr_c.a(_deferredlazyseek.o)
 .ARM.attributes
                0x0000082b       0x33 c:/nxp/lpcxpresso_5.2.4_2122/lpcxpresso/tools/bin/../lib/gcc/arm-none-eabi/4.6.2/../../../../arm-none-eabi/lib/armv7-m\libcr_c.a(_fdopen.o)
 .ARM.attributes
                0x0000085e       0x33 c:/nxp/lpcxpresso_5.2.4_2122/lpcxpresso/tools/bin/../lib/gcc/arm-none-eabi/4.6.2/../../../../arm-none-eabi/lib/armv7-m\libcr_c.a(_fflush.o)
 .ARM.attributes
                0x00000891       0x33 c:/nxp/lpcxpresso_5.2.4_2122/lpcxpresso/tools/bin/../lib/gcc/arm-none-eabi/4.6.2/../../../../arm-none-eabi/lib/armv7-m\libcr_c.a(_frexpl.o)
 .ARM.attributes
                0x000008c4       0x33 c:/nxp/lpcxpresso_5.2.4_2122/lpcxpresso/tools/bin/../lib/gcc/arm-none-eabi/4.6.2/../../../../arm-none-eabi/lib/armv7-m\libcr_c.a(_ldexpl.o)
 .ARM.attributes
                0x000008f7       0x33 c:/nxp/lpcxpresso_5.2.4_2122/lpcxpresso/tools/bin/../lib/gcc/arm-none-eabi/4.6.2/../../../../arm-none-eabi/lib/armv7-m\libcr_c.a(_writebuf.o)
 .ARM.attributes
                0x0000092a       0x33 c:/nxp/lpcxpresso_5.2.4_2122/lpcxpresso/tools/bin/../lib/gcc/arm-none-eabi/4.6.2/../../../../arm-none-eabi/lib/armv7-m\libcr_c.a(alloc.o)
 .ARM.attributes
                0x0000095d       0x33 c:/nxp/lpcxpresso_5.2.4_2122/lpcxpresso/tools/bin/../lib/gcc/arm-none-eabi/4.6.2/../../../../arm-none-eabi/lib/armv7-m\libcr_c.a(errno.o)
 .ARM.attributes
                0x00000990       0x33 c:/nxp/lpcxpresso_5.2.4_2122/lpcxpresso/tools/bin/../lib/gcc/arm-none-eabi/4.6.2/../../../../arm-none-eabi/lib/armv7-m\libcr_c.a(fclose.o)
 .ARM.attributes
                0x000009c3       0x33 c:/nxp/lpcxpresso_5.2.4_2122/lpcxpresso/tools/bin/../lib/gcc/arm-none-eabi/4.6.2/../../../../arm-none-eabi/lib/armv7-m\libcr_c.a(fflush.o)
 .ARM.attributes
                0x000009f6       0x33 c:/nxp/lpcxpresso_5.2.4_2122/lpcxpresso/tools/bin/../lib/gcc/arm-none-eabi/4.6.2/../../../../arm-none-eabi/lib/armv7-m\libcr_c.a(fseek.o)
 .ARM.attributes
                0x00000a29       0x33 c:/nxp/lpcxpresso_5.2.4_2122/lpcxpresso/tools/bin/../lib/gcc/arm-none-eabi/4.6.2/../../../../arm-none-eabi/lib/armv7-m\libcr_c.a(ftell.o)
 .ARM.attributes
                0x00000a5c       0x33 c:/nxp/lpcxpresso_5.2.4_2122/lpcxpresso/tools/bin/../lib/gcc/arm-none-eabi/4.6.2/../../../../arm-none-eabi/lib/armv7-m\libcr_c.a(remove.o)
 .ARM.attributes
                0x00000a8f       0x33 c:/nxp/lpcxpresso_5.2.4_2122/lpcxpresso/tools/bin/../lib/gcc/arm-none-eabi/4.6.2/../../../../arm-none-eabi/lib/armv7-m\libcr_c.a(__init_alloc.o)
 .ARM.attributes
                0x00000ac2       0x33 c:/nxp/lpcxpresso_5.2.4_2122/lpcxpresso/tools/bin/../lib/gcc/arm-none-eabi/4.6.2/../../../../arm-none-eabi/lib/armv7-m\libcr_c.a(_do_fflush.o)
 .ARM.attributes
                0x00000af5       0x33 c:/nxp/lpcxpresso_5.2.4_2122/lpcxpresso/tools/bin/../lib/gcc/arm-none-eabi/4.6.2/../../../../arm-none-eabi/lib/armv7-m\libcr_c.a(_hugeval.o)
 .ARM.attributes
                0x00000b28       0x21 c:/nxp/lpcxpresso_5.2.4_2122/lpcxpresso/tools/bin/../lib/gcc/arm-none-eabi/4.6.2/armv7-m\libcr_eabihelpers.a(division.o)
 .ARM.attributes
                0x00000b49       0x33 c:/nxp/lpcxpresso_5.2.4_2122/lpcxpresso/tools/bin/../lib/gcc/arm-none-eabi/4.6.2/armv7-m\libcr_eabihelpers.a(double.o)
 .ARM.attributes
                0x00000b7c       0x21 c:/nxp/lpcxpresso_5.2.4_2122/lpcxpresso/tools/bin/../lib/gcc/arm-none-eabi/4.6.2/armv7-m\libcr_eabihelpers.a(memcpy.o)
 .ARM.attributes
                0x00000b9d       0x21 c:/nxp/lpcxpresso_5.2.4_2122/lpcxpresso/tools/bin/../lib/gcc/arm-none-eabi/4.6.2/../../../../arm-none-eabi/lib/armv7-m\libcr_semihost.a(__sys_appexit.o)
 .ARM.attributes
                0x00000bbe       0x21 c:/nxp/lpcxpresso_5.2.4_2122/lpcxpresso/tools/bin/../lib/gcc/arm-none-eabi/4.6.2/../../../../arm-none-eabi/lib/armv7-m\libcr_semihost.a(__sys_close.o)
 .ARM.attributes
                0x00000bdf       0x21 c:/nxp/lpcxpresso_5.2.4_2122/lpcxpresso/tools/bin/../lib/gcc/arm-none-eabi/4.6.2/../../../../arm-none-eabi/lib/armv7-m\libcr_semihost.a(__sys_flen.o)
 .ARM.attributes
                0x00000c00       0x21 c:/nxp/lpcxpresso_5.2.4_2122/lpcxpresso/tools/bin/../lib/gcc/arm-none-eabi/4.6.2/../../../../arm-none-eabi/lib/armv7-m\libcr_semihost.a(__sys_istty.o)
 .ARM.attributes
                0x00000c21       0x21 c:/nxp/lpcxpresso_5.2.4_2122/lpcxpresso/tools/bin/../lib/gcc/arm-none-eabi/4.6.2/../../../../arm-none-eabi/lib/armv7-m\libcr_semihost.a(__sys_read.o)
 .ARM.attributes
                0x00000c42       0x21 c:/nxp/lpcxpresso_5.2.4_2122/lpcxpresso/tools/bin/../lib/gcc/arm-none-eabi/4.6.2/../../../../arm-none-eabi/lib/armv7-m\libcr_semihost.a(__sys_readc.o)
 .ARM.attributes
                0x00000c63       0x21 c:/nxp/lpcxpresso_5.2.4_2122/lpcxpresso/tools/bin/../lib/gcc/arm-none-eabi/4.6.2/../../../../arm-none-eabi/lib/armv7-m\libcr_semihost.a(__sys_remove.o)
 .ARM.attributes
                0x00000c84       0x21 c:/nxp/lpcxpresso_5.2.4_2122/lpcxpresso/tools/bin/../lib/gcc/arm-none-eabi/4.6.2/../../../../arm-none-eabi/lib/armv7-m\libcr_semihost.a(__sys_rename.o)
 .ARM.attributes
                0x00000ca5       0x21 c:/nxp/lpcxpresso_5.2.4_2122/lpcxpresso/tools/bin/../lib/gcc/arm-none-eabi/4.6.2/../../../../arm-none-eabi/lib/armv7-m\libcr_semihost.a(__sys_seek.o)
 .ARM.attributes
                0x00000cc6       0x21 c:/nxp/lpcxpresso_5.2.4_2122/lpcxpresso/tools/bin/../lib/gcc/arm-none-eabi/4.6.2/../../../../arm-none-eabi/lib/armv7-m\libcr_semihost.a(__sys_tmpnam.o)
 .ARM.attributes
                0x00000ce7       0x21 c:/nxp/lpcxpresso_5.2.4_2122/lpcxpresso/tools/bin/../lib/gcc/arm-none-eabi/4.6.2/../../../../arm-none-eabi/lib/armv7-m\libcr_semihost.a(__sys_write.o)
 .ARM.attributes
                0x00000d08       0x33 c:/nxp/lpcxpresso_5.2.4_2122/lpcxpresso/tools/bin/../lib/gcc/arm-none-eabi/4.6.2/../../../../arm-none-eabi/lib/armv7-m\libcr_semihost.a(_cr_sbrk.o)
 .ARM.attributes
                0x00000d3b       0x33 c:/nxp/lpcxpresso_5.2.4_2122/lpcxpresso/tools/bin/../lib/gcc/arm-none-eabi/4.6.2/../../../../arm-none-eabi/lib/armv7-m\libcr_semihost.a(_cr_check_heap.o)

.debug_frame    0x00000000     0x3534
 .debug_frame   0x00000000       0xe4 ./src/BT_Stack/Drivers/lpc17xx_clkpwr.o
 .debug_frame   0x000000e4       0x2c ./src/BT_Stack/Drivers/lpc17xx_libcfg_default.o
 .debug_frame   0x00000110       0xbc ./src/BT_Stack/Drivers/lpc17xx_pinsel.o
 .debug_frame   0x000001cc      0x208 ./src/BT_Stack/Drivers/lpc17xx_timer.o
 .debug_frame   0x000003d4      0x3a0 ./src/BT_Stack/Drivers/lpc17xx_uart.o
 .debug_frame   0x00000774      0x57c ./src/BT_Stack/att.o
 .debug_frame   0x00000cf0      0x210 ./src/BT_Stack/btstack_memory.o
 .debug_frame   0x00000f00       0x9c ./src/BT_Stack/hal_cpu.o
 .debug_frame   0x00000f9c       0xb0 ./src/BT_Stack/hal_tick.o
 .debug_frame   0x0000104c      0x14c ./src/BT_Stack/hal_uart_dma.o
 .debug_frame   0x00001198      0x5d4 ./src/BT_Stack/hci.o
 .debug_frame   0x0000176c       0x58 ./src/BT_Stack/hci_cmds.o
 .debug_frame   0x000017c4       0x84 ./src/BT_Stack/hci_dump.o
 .debug_frame   0x00001848      0x1a8 ./src/BT_Stack/hci_transport_h4_dma.o
 .debug_frame   0x000019f0      0x5a8 ./src/BT_Stack/l2cap.o
 .debug_frame   0x00001f98       0x60 ./src/BT_Stack/l2cap_signaling.o
 .debug_frame   0x00001ff8       0xd4 ./src/BT_Stack/linked_list.o
 .debug_frame   0x000020cc       0x68 ./src/BT_Stack/memory_pool.o
 .debug_frame   0x00002134      0x140 ./src/BT_Stack/remote_device_db_memory.o
 .debug_frame   0x00002274      0x874 ./src/BT_Stack/rfcomm.o
 .debug_frame   0x00002ae8      0x138 ./src/BT_Stack/run_loop.o
 .debug_frame   0x00002c20      0x168 ./src/BT_Stack/run_loop_embedded.o
 .debug_frame   0x00002d88      0x4b8 ./src/BT_Stack/sdp_util.o
 .debug_frame   0x00003240      0x174 ./src/BT_Stack/utils.o
 .debug_frame   0x000033b4       0xf4 ./src/cr_startup_lpc176x.o
 .debug_frame   0x000034a8       0x50 ./src/main.o