15:06:32 **** Build of configuration Debug for project LibTest ****
make all 
Building target: LibTest.axf
Invoking: MCU Linker
arm-none-eabi-gcc -nostdlib -L"C:\Users\chuby\Dropbox\WorkSpace\CMSISv2p00_LPC17xx\Debug" -Xlinker -Map="LibTest.map" -Xlinker --gc-sections -mcpu=cortex-m3 -mthumb -T "LibTest_Debug.ld" -o "LibTest.axf"  ./src/Drivers/lpc17xx_clkpwr.o ./src/Drivers/lpc17xx_libcfg_default.o ./src/Drivers/lpc17xx_uart.o  ./src/cr_startup_lpc176x.o ./src/main.o   -lCMSISv2p00_LPC17xx
Finished building target: LibTest.axf
 
make --no-print-directory post-build
Performing post-build steps
arm-none-eabi-size "LibTest.axf"; # arm-none-eabi-objcopy -O binary "LibTest.axf" "LibTest.bin" ; checksum -p LPC1769 -d "LibTest.bin";
   text	   data	    bss	    dec	    hex	filename
   5204	      4	     84	   5292	   14ac	LibTest.axf
 

15:06:33 Build Finished (took 671ms)

